hydro 400,051 params, 294 val crops
step    100  loss 1.7757  logacc 0.1783  river 1.0547  d8 2.171  54.9 ms/step
step    200  loss 1.8011  logacc 0.1812  river 1.1009  d8 2.076  38.1 ms/step
step    300  loss 1.5897  logacc 0.1664  river 0.9220  d8 2.005  32.6 ms/step
step    400  loss 1.7771  logacc 0.1967  river 1.0965  d8 1.935  29.9 ms/step
step    500  loss 1.3451  logacc 0.1508  river 0.8002  d8 1.576  28.2 ms/step
step    600  loss 1.3362  logacc 0.1525  river 0.7834  d8 1.601  27.1 ms/step
step    700  loss 1.3192  logacc 0.1495  river 0.7798  d8 1.559  26.3 ms/step
step    800  loss 1.2735  logacc 0.1440  river 0.7629  d8 1.467  25.7 ms/step
step    900  loss 1.0804  logacc 0.1297  river 0.6100  d8 1.363  25.3 ms/step
step   1000  loss 1.1760  logacc 0.1338  river 0.6782  d8 1.456  24.9 ms/step
step   1100  loss 1.2423  logacc 0.1372  river 0.7459  d8 1.437  24.7 ms/step
step   1200  loss 1.2026  logacc 0.1387  river 0.7129  d8 1.404  24.4 ms/step
step   1300  loss 1.1998  logacc 0.1407  river 0.7068  d8 1.409  24.2 ms/step
step   1400  loss 1.0507  logacc 0.1243  river 0.5985  d8 1.312  24.1 ms/step
step   1500  loss 1.0614  logacc 0.1273  river 0.6056  d8 1.314  23.9 ms/step
step   1600  loss 0.9214  logacc 0.1224  river 0.4776  d8 1.286  23.8 ms/step
step   1700  loss 1.0226  logacc 0.1287  river 0.5790  d8 1.260  23.7 ms/step
step   1800  loss 1.0643  logacc 0.1294  river 0.5866  d8 1.393  23.6 ms/step
step   1900  loss 0.9240  logacc 0.1266  river 0.5124  d8 1.140  23.5 ms/step
step   2000  loss 0.9276  logacc 0.1213  river 0.5165  d8 1.159  23.4 ms/step
  eval {'step': 2000, 'logacc': 0.1112, 'river': 0.4599, 'd8': 1.0609, 'total': 0.8364, 'river_iou': 0.4845, 'd8_acc': 0.5836}
step   2100  loss 1.0012  logacc 0.1174  river 0.5712  d8 1.250  23.4 ms/step
step   2200  loss 1.0592  logacc 0.1262  river 0.6037  d8 1.318  23.3 ms/step
step   2300  loss 0.9642  logacc 0.1255  river 0.5439  d8 1.179  23.3 ms/step
step   2400  loss 0.9908  logacc 0.1232  river 0.5607  d8 1.228  23.2 ms/step
step   2500  loss 0.8146  logacc 0.1059  river 0.4437  d8 1.060  23.2 ms/step
step   2600  loss 0.9676  logacc 0.1214  river 0.5394  d8 1.228  23.1 ms/step
step   2700  loss 0.8847  logacc 0.1130  river 0.4901  d8 1.126  23.1 ms/step
step   2800  loss 0.8471  logacc 0.1105  river 0.4431  d8 1.174  23.1 ms/step
step   2900  loss 0.8798  logacc 0.1130  river 0.4795  d8 1.149  23.0 ms/step
step   3000  loss 0.9181  logacc 0.1220  river 0.5081  d8 1.152  23.0 ms/step
step   3100  loss 0.9766  logacc 0.1223  river 0.5543  d8 1.200  23.0 ms/step
step   3200  loss 0.8099  logacc 0.1121  river 0.4154  d8 1.130  23.0 ms/step
step   3300  loss 0.9004  logacc 0.1147  river 0.4983  d8 1.150  23.0 ms/step
step   3400  loss 0.8777  logacc 0.1096  river 0.4814  d8 1.147  22.9 ms/step
step   3500  loss 0.9565  logacc 0.1171  river 0.5293  d8 1.240  22.9 ms/step
step   3600  loss 0.9303  logacc 0.1186  river 0.5133  d8 1.194  22.9 ms/step
step   3700  loss 0.9754  logacc 0.1203  river 0.5449  d8 1.241  22.9 ms/step
step   3800  loss 0.9522  logacc 0.1264  river 0.5344  d8 1.166  22.9 ms/step
step   3900  loss 0.8997  logacc 0.1127  river 0.5031  d8 1.136  22.9 ms/step
step   4000  loss 0.9877  logacc 0.1287  river 0.5786  d8 1.122  22.9 ms/step
  eval {'step': 4000, 'logacc': 0.1006, 'river': 0.4153, 'd8': 0.9334, 'total': 0.7493, 'river_iou': 0.5351, 'd8_acc': 0.6299}
step   4100  loss 0.9194  logacc 0.1201  river 0.5161  d8 1.133  22.9 ms/step
step   4200  loss 0.8260  logacc 0.1063  river 0.4540  d8 1.063  22.9 ms/step
step   4300  loss 0.8263  logacc 0.1061  river 0.4507  d8 1.078  22.8 ms/step
step   4400  loss 0.8891  logacc 0.1088  river 0.5169  d8 1.054  22.8 ms/step
step   4500  loss 0.9768  logacc 0.1215  river 0.5615  d8 1.175  22.8 ms/step
step   4600  loss 0.8546  logacc 0.1103  river 0.4696  d8 1.099  22.8 ms/step
step   4700  loss 0.9420  logacc 0.1145  river 0.5534  d8 1.097  22.8 ms/step
step   4800  loss 0.9169  logacc 0.1125  river 0.5259  d8 1.114  22.8 ms/step
step   4900  loss 0.8287  logacc 0.1082  river 0.4674  d8 1.012  22.8 ms/step
step   5000  loss 1.0075  logacc 0.1209  river 0.5948  d8 1.167  22.8 ms/step
step   5100  loss 0.7518  logacc 0.1023  river 0.4149  d8 0.939  22.8 ms/step
step   5200  loss 0.8344  logacc 0.1101  river 0.4548  d8 1.078  22.8 ms/step
step   5300  loss 0.8972  logacc 0.1155  river 0.5109  d8 1.083  22.8 ms/step
step   5400  loss 0.8806  logacc 0.1114  river 0.5003  d8 1.075  22.8 ms/step
step   5500  loss 0.8680  logacc 0.1086  river 0.4927  d8 1.066  22.8 ms/step
step   5600  loss 0.7839  logacc 0.1021  river 0.4268  d8 1.020  22.8 ms/step
step   5700  loss 0.8836  logacc 0.1136  river 0.5194  d8 1.002  22.8 ms/step
step   5800  loss 0.8307  logacc 0.1079  river 0.4688  d8 1.016  22.8 ms/step
step   5900  loss 0.9401  logacc 0.1187  river 0.5337  d8 1.151  22.8 ms/step
step   6000  loss 0.8603  logacc 0.1080  river 0.4793  d8 1.092  22.8 ms/step
  eval {'step': 6000, 'logacc': 0.096, 'river': 0.4014, 'd8': 0.8701, 'total': 0.715, 'river_iou': 0.5495, 'd8_acc': 0.657}
step   6100  loss 0.8316  logacc 0.1075  river 0.4647  d8 1.037  22.8 ms/step
step   6200  loss 0.8515  logacc 0.1085  river 0.4816  d8 1.045  22.8 ms/step
step   6300  loss 0.8703  logacc 0.1199  river 0.4924  d8 1.032  22.8 ms/step
step   6400  loss 0.7830  logacc 0.1019  river 0.4100  d8 1.085  22.8 ms/step
step   6500  loss 0.7627  logacc 0.1041  river 0.4102  d8 0.994  22.8 ms/step
step   6600  loss 0.8013  logacc 0.1029  river 0.4422  d8 1.025  22.8 ms/step
step   6700  loss 0.7851  logacc 0.1044  river 0.4310  d8 0.999  22.8 ms/step
step   6800  loss 0.7608  logacc 0.1062  river 0.3969  d8 1.031  22.8 ms/step
step   6900  loss 0.8729  logacc 0.1082  river 0.4969  d8 1.071  22.8 ms/step
step   7000  loss 0.6622  logacc 0.0945  river 0.3551  d8 0.851  22.8 ms/step
step   7100  loss 0.7481  logacc 0.1038  river 0.3952  d8 0.997  22.8 ms/step
step   7200  loss 0.7320  logacc 0.1063  river 0.3696  d8 1.025  22.8 ms/step
step   7300  loss 0.7919  logacc 0.1055  river 0.4328  d8 1.014  22.8 ms/step
step   7400  loss 0.7186  logacc 0.0967  river 0.3862  d8 0.943  22.8 ms/step
step   7500  loss 0.6557  logacc 0.0907  river 0.3397  d8 0.901  22.8 ms/step
step   7600  loss 0.8190  logacc 0.1074  river 0.4638  d8 0.991  22.8 ms/step
step   7700  loss 0.8561  logacc 0.1055  river 0.4902  d8 1.042  22.8 ms/step
step   7800  loss 0.8863  logacc 0.1125  river 0.4945  d8 1.117  22.8 ms/step
step   7900  loss 0.8368  logacc 0.1046  river 0.4876  d8 0.979  22.9 ms/step
step   8000  loss 0.8884  logacc 0.1100  river 0.5043  d8 1.096  22.9 ms/step
  eval {'step': 8000, 'logacc': 0.093, 'river': 0.3945, 'd8': 0.8338, 'total': 0.6959, 'river_iou': 0.5576, 'd8_acc': 0.6704}
step   8100  loss 0.9233  logacc 0.1133  river 0.5446  d8 1.062  22.9 ms/step
step   8200  loss 0.8347  logacc 0.1072  river 0.4970  d8 0.922  22.9 ms/step
step   8300  loss 0.8866  logacc 0.1115  river 0.5157  d8 1.038  22.9 ms/step
step   8400  loss 0.7349  logacc 0.1037  river 0.3814  d8 0.999  22.9 ms/step
step   8500  loss 0.6975  logacc 0.0944  river 0.3711  d8 0.928  22.9 ms/step
step   8600  loss 1.0303  logacc 0.1260  river 0.6244  d8 1.120  22.9 ms/step
step   8700  loss 0.7072  logacc 0.0966  river 0.3800  d8 0.922  22.9 ms/step
step   8800  loss 0.7378  logacc 0.0998  river 0.4070  d8 0.924  22.9 ms/step
step   8900  loss 0.6625  logacc 0.0984  river 0.3384  d8 0.903  22.9 ms/step
step   9000  loss 0.7162  logacc 0.0977  river 0.3777  d8 0.963  22.9 ms/step
step   9100  loss 0.6895  logacc 0.0945  river 0.3688  d8 0.905  22.9 ms/step
step   9200  loss 0.7656  logacc 0.1018  river 0.4229  d8 0.964  22.9 ms/step
step   9300  loss 0.7553  logacc 0.1001  river 0.4298  d8 0.902  22.9 ms/step
step   9400  loss 0.7721  logacc 0.1011  river 0.4301  d8 0.964  22.9 ms/step
step   9500  loss 0.6834  logacc 0.0943  river 0.3667  d8 0.889  22.9 ms/step
step   9600  loss 0.7670  logacc 0.1031  river 0.4203  d8 0.975  22.9 ms/step
step   9700  loss 0.8576  logacc 0.1080  river 0.4917  d8 1.031  22.9 ms/step
step   9800  loss 0.7157  logacc 0.0924  river 0.3969  d8 0.905  22.9 ms/step
step   9900  loss 0.8081  logacc 0.1037  river 0.4489  d8 1.022  22.9 ms/step
step  10000  loss 0.7646  logacc 0.1035  river 0.4317  d8 0.918  22.9 ms/step
  eval {'step': 10000, 'logacc': 0.0912, 'river': 0.3905, 'd8': 0.8101, 'total': 0.6842, 'river_iou': 0.5649, 'd8_acc': 0.6807}
step  10100  loss 0.6896  logacc 0.0936  river 0.3742  d8 0.887  23.0 ms/step
step  10200  loss 0.8252  logacc 0.1043  river 0.4859  d8 0.940  23.0 ms/step
step  10300  loss 0.6900  logacc 0.0963  river 0.3727  d8 0.884  23.0 ms/step
step  10400  loss 0.7071  logacc 0.0973  river 0.3885  d8 0.885  23.0 ms/step
step  10500  loss 0.8140  logacc 0.1062  river 0.4479  d8 1.039  23.0 ms/step
step  10600  loss 0.8731  logacc 0.1111  river 0.5093  d8 1.011  23.0 ms/step
step  10700  loss 0.7103  logacc 0.0990  river 0.3853  d8 0.904  23.0 ms/step
step  10800  loss 0.7010  logacc 0.1006  river 0.3609  d8 0.958  23.0 ms/step
step  10900  loss 0.7508  logacc 0.1012  river 0.3941  d8 1.022  23.0 ms/step
step  11000  loss 0.8000  logacc 0.1055  river 0.4529  d8 0.966  22.9 ms/step
step  11100  loss 0.7055  logacc 0.0979  river 0.3911  d8 0.866  22.9 ms/step
step  11200  loss 0.7075  logacc 0.0965  river 0.3699  d8 0.964  22.9 ms/step
step  11300  loss 0.7712  logacc 0.1030  river 0.4296  d8 0.954  22.9 ms/step
step  11400  loss 0.8046  logacc 0.1049  river 0.4513  d8 0.993  22.9 ms/step
step  11500  loss 0.7464  logacc 0.0972  river 0.4259  d8 0.893  22.9 ms/step
step  11600  loss 0.8089  logacc 0.1034  river 0.4515  d8 1.016  22.9 ms/step
step  11700  loss 0.7408  logacc 0.1044  river 0.3871  d8 0.997  22.9 ms/step
step  11800  loss 0.8365  logacc 0.1103  river 0.4713  d8 1.020  22.9 ms/step
step  11900  loss 0.8165  logacc 0.1077  river 0.4593  d8 0.998  22.9 ms/step
step  12000  loss 0.6687  logacc 0.0952  river 0.3463  d8 0.909  22.9 ms/step
  eval {'step': 12000, 'logacc': 0.0899, 'river': 0.3882, 'd8': 0.7948, 'total': 0.6768, 'river_iou': 0.5704, 'd8_acc': 0.6871}
step  12100  loss 0.7155  logacc 0.0956  river 0.3839  d8 0.944  23.0 ms/step
step  12200  loss 0.7698  logacc 0.0981  river 0.4231  d8 0.994  23.0 ms/step
step  12300  loss 0.8666  logacc 0.1094  river 0.4872  d8 1.080  23.0 ms/step
step  12400  loss 0.7101  logacc 0.0951  river 0.3782  d8 0.947  23.0 ms/step
step  12500  loss 0.7185  logacc 0.0975  river 0.3910  d8 0.920  23.0 ms/step
step  12600  loss 0.8338  logacc 0.1079  river 0.4665  d8 1.038  23.0 ms/step
step  12700  loss 0.8124  logacc 0.1051  river 0.4566  d8 1.003  23.0 ms/step
step  12800  loss 0.6634  logacc 0.0914  river 0.3519  d8 0.880  23.0 ms/step
step  12900  loss 0.8541  logacc 0.1083  river 0.4828  d8 1.052  23.0 ms/step
step  13000  loss 0.8034  logacc 0.1054  river 0.4435  d8 1.018  23.0 ms/step
step  13100  loss 0.8099  logacc 0.1067  river 0.4444  d8 1.035  23.0 ms/step
step  13200  loss 0.7763  logacc 0.1046  river 0.4160  d8 1.023  23.0 ms/step
step  13300  loss 0.7554  logacc 0.1002  river 0.4172  d8 0.952  23.0 ms/step
step  13400  loss 0.7788  logacc 0.1047  river 0.4342  d8 0.959  23.0 ms/step
step  13500  loss 0.7730  logacc 0.1006  river 0.4400  d8 0.930  23.0 ms/step
step  13600  loss 0.6067  logacc 0.0887  river 0.2962  d8 0.887  23.0 ms/step
step  13700  loss 0.8147  logacc 0.1023  river 0.4761  d8 0.946  23.0 ms/step
step  13800  loss 0.8787  logacc 0.1037  river 0.5135  d8 1.046  23.0 ms/step
step  13900  loss 0.8496  logacc 0.1112  river 0.4772  d8 1.045  23.0 ms/step
step  14000  loss 0.7577  logacc 0.0998  river 0.4070  d8 1.004  23.0 ms/step
  eval {'step': 14000, 'logacc': 0.0889, 'river': 0.3879, 'd8': 0.7828, 'total': 0.6725, 'river_iou': 0.5749, 'd8_acc': 0.6929}
step  14100  loss 0.7299  logacc 0.0982  river 0.3968  d8 0.940  23.0 ms/step
step  14200  loss 0.7975  logacc 0.1067  river 0.4405  d8 1.001  23.0 ms/step
step  14300  loss 0.7440  logacc 0.0970  river 0.4270  d8 0.880  23.0 ms/step
step  14400  loss 0.8412  logacc 0.1063  river 0.4847  d8 1.001  23.0 ms/step
step  14500  loss 0.6431  logacc 0.0889  river 0.3442  d8 0.840  23.0 ms/step
step  14600  loss 0.6560  logacc 0.0893  river 0.3566  d8 0.841  23.0 ms/step
step  14700  loss 0.7101  logacc 0.0943  river 0.3947  d8 0.884  23.0 ms/step
step  14800  loss 0.7079  logacc 0.0970  river 0.3762  d8 0.939  23.0 ms/step
step  14900  loss 0.6206  logacc 0.0905  river 0.3104  d8 0.879  23.0 ms/step
step  15000  loss 0.6765  logacc 0.0930  river 0.3510  d8 0.930  23.0 ms/step
step  15100  loss 0.7604  logacc 0.1019  river 0.4166  d8 0.968  23.0 ms/step
step  15200  loss 0.7534  logacc 0.1027  river 0.4146  d8 0.945  23.0 ms/step
step  15300  loss 0.8222  logacc 0.1059  river 0.4878  d8 0.914  23.0 ms/step
step  15400  loss 0.6563  logacc 0.0954  river 0.3343  d8 0.906  23.0 ms/step
step  15500  loss 0.7959  logacc 0.1023  river 0.4391  d8 1.018  23.0 ms/step
step  15600  loss 0.7838  logacc 0.1024  river 0.4399  d8 0.966  23.0 ms/step
step  15700  loss 0.7472  logacc 0.1000  river 0.3933  d8 1.016  23.0 ms/step
step  15800  loss 0.6202  logacc 0.0904  river 0.3162  d8 0.854  23.0 ms/step
step  15900  loss 0.8040  logacc 0.1052  river 0.4422  d8 1.026  23.0 ms/step
step  16000  loss 0.7097  logacc 0.0980  river 0.3864  d8 0.901  23.0 ms/step
  eval {'step': 16000, 'logacc': 0.0884, 'river': 0.3901, 'd8': 0.7769, 'total': 0.6727, 'river_iou': 0.5768, 'd8_acc': 0.6945}
step  16100  loss 0.7468  logacc 0.0971  river 0.4152  d8 0.938  23.0 ms/step
step  16200  loss 0.6500  logacc 0.0955  river 0.3238  d8 0.923  23.0 ms/step
step  16300  loss 0.5637  logacc 0.0857  river 0.2728  d8 0.821  23.0 ms/step
step  16400  loss 0.6981  logacc 0.0895  river 0.3655  d8 0.972  23.0 ms/step
step  16500  loss 0.7316  logacc 0.0972  river 0.3933  d8 0.964  23.0 ms/step
step  16600  loss 0.7527  logacc 0.1059  river 0.3947  d8 1.009  23.0 ms/step
step  16700  loss 0.7385  logacc 0.0992  river 0.4102  d8 0.917  23.0 ms/step
step  16800  loss 0.8400  logacc 0.1084  river 0.4839  d8 0.991  23.1 ms/step
step  16900  loss 0.5851  logacc 0.0870  river 0.2764  d8 0.886  23.1 ms/step
step  17000  loss 0.7525  logacc 0.1002  river 0.4085  d8 0.975  23.1 ms/step
step  17100  loss 0.6336  logacc 0.0883  river 0.3371  d8 0.833  23.1 ms/step
step  17200  loss 0.7854  logacc 0.1044  river 0.4444  d8 0.947  23.1 ms/step
step  17300  loss 0.6190  logacc 0.0881  river 0.3189  d8 0.848  23.1 ms/step
step  17400  loss 0.8282  logacc 0.1037  river 0.4788  d8 0.983  23.1 ms/step
step  17500  loss 0.6363  logacc 0.0898  river 0.3237  d8 0.891  23.1 ms/step
step  17600  loss 0.7468  logacc 0.1008  river 0.3878  d8 1.033  23.1 ms/step
step  17700  loss 0.6764  logacc 0.0934  river 0.3553  d8 0.911  23.1 ms/step
step  17800  loss 0.7104  logacc 0.0953  river 0.3832  d8 0.928  23.1 ms/step
step  17900  loss 0.7572  logacc 0.1027  river 0.4111  d8 0.973  23.1 ms/step
step  18000  loss 0.7324  logacc 0.0982  river 0.3983  d8 0.944  23.1 ms/step
  eval {'step': 18000, 'logacc': 0.0883, 'river': 0.3897, 'd8': 0.7747, 'total': 0.6717, 'river_iou': 0.5757, 'd8_acc': 0.6962}
step  18100  loss 0.6701  logacc 0.0924  river 0.3592  d8 0.874  23.1 ms/step
step  18200  loss 0.7391  logacc 0.1026  river 0.3723  d8 1.057  23.1 ms/step
step  18300  loss 0.6098  logacc 0.0839  river 0.3233  d8 0.810  23.1 ms/step
step  18400  loss 0.8001  logacc 0.1060  river 0.4554  d8 0.955  23.1 ms/step
step  18500  loss 0.6653  logacc 0.0967  river 0.3345  d8 0.936  23.1 ms/step
step  18600  loss 0.7791  logacc 0.1020  river 0.4411  d8 0.944  23.1 ms/step
step  18700  loss 0.8520  logacc 0.1112  river 0.4981  d8 0.971  23.1 ms/step
step  18800  loss 0.6360  logacc 0.0912  river 0.3224  d8 0.890  23.1 ms/step
step  18900  loss 0.5331  logacc 0.0799  river 0.2562  d8 0.788  23.1 ms/step
step  19000  loss 0.6393  logacc 0.0914  river 0.3271  d8 0.883  23.1 ms/step
step  19100  loss 0.6751  logacc 0.0939  river 0.3684  d8 0.851  23.1 ms/step
step  19200  loss 0.6869  logacc 0.0951  river 0.3615  d8 0.921  23.1 ms/step
step  19300  loss 0.5811  logacc 0.0870  river 0.2695  d8 0.898  23.1 ms/step
step  19400  loss 0.7983  logacc 0.1077  river 0.4295  d8 1.044  23.1 ms/step
step  19500  loss 0.6703  logacc 0.0970  river 0.3336  d8 0.959  23.1 ms/step
step  19600  loss 0.7370  logacc 0.0978  river 0.4048  d8 0.938  23.1 ms/step
step  19700  loss 0.7609  logacc 0.0998  river 0.4126  d8 0.994  23.1 ms/step
step  19800  loss 0.6429  logacc 0.0905  river 0.3279  d8 0.898  23.1 ms/step
step  19900  loss 0.6978  logacc 0.0975  river 0.3726  d8 0.911  23.1 ms/step
step  20000  loss 0.6280  logacc 0.0939  river 0.3051  d8 0.916  23.1 ms/step
  eval {'step': 20000, 'logacc': 0.0883, 'river': 0.3913, 'd8': 0.7732, 'total': 0.6729, 'river_iou': 0.5765, 'd8_acc': 0.6965}
done in 7.7 min; best val 0.6717
