refiner 336,785 params
step    100  loss 1.8791  48.5 ms/step
step    200  loss 1.2574  36.6 ms/step
step    300  loss 1.2947  32.6 ms/step
step    400  loss 1.1690  30.7 ms/step
step    500  loss 0.8806  29.5 ms/step
step    600  loss 0.6689  28.7 ms/step
step    700  loss 0.5584  28.2 ms/step
step    800  loss 0.4590  27.7 ms/step
step    900  loss 0.4488  27.5 ms/step
step   1000  loss 0.4037  27.2 ms/step
  eval {'step': 1000, 'val_fm': 0.3725091814994812}
step   1100  loss 0.4144  27.0 ms/step
step   1200  loss 0.3774  26.9 ms/step
step   1300  loss 0.3863  26.7 ms/step
step   1400  loss 0.3552  26.6 ms/step
step   1500  loss 0.3886  26.5 ms/step
step   1600  loss 0.4158  26.4 ms/step
step   1700  loss 0.3856  26.4 ms/step
step   1800  loss 0.3922  26.3 ms/step
step   1900  loss 0.3607  26.2 ms/step
step   2000  loss 0.3435  26.2 ms/step
  eval {'step': 2000, 'val_fm': 0.30976133048534393}
step   2100  loss 0.3517  26.2 ms/step
step   2200  loss 0.3704  26.2 ms/step
step   2300  loss 0.3574  26.1 ms/step
step   2400  loss 0.3676  26.1 ms/step
step   2500  loss 0.3406  26.0 ms/step
step   2600  loss 0.3552  26.0 ms/step
step   2700  loss 0.3617  26.0 ms/step
step   2800  loss 0.3551  25.9 ms/step
step   2900  loss 0.3441  25.9 ms/step
step   3000  loss 0.3532  25.9 ms/step
  eval {'step': 3000, 'val_fm': 0.27555931359529495}
step   3100  loss 0.3615  25.9 ms/step
step   3200  loss 0.4283  25.9 ms/step
step   3300  loss 0.3001  25.8 ms/step
step   3400  loss 0.3456  25.8 ms/step
step   3500  loss 0.3185  25.8 ms/step
step   3600  loss 0.3850  25.8 ms/step
step   3700  loss 0.3657  25.8 ms/step
step   3800  loss 0.3079  25.8 ms/step
step   3900  loss 0.3233  25.7 ms/step
step   4000  loss 0.3677  25.7 ms/step
  eval {'step': 4000, 'val_fm': 0.2608834356069565}
step   4100  loss 0.3623  25.7 ms/step
step   4200  loss 0.3334  25.7 ms/step
step   4300  loss 0.2814  25.7 ms/step
step   4400  loss 0.3097  25.7 ms/step
step   4500  loss 0.3020  25.7 ms/step
step   4600  loss 0.3387  25.7 ms/step
step   4700  loss 0.3603  25.7 ms/step
step   4800  loss 0.2847  25.7 ms/step
step   4900  loss 0.3339  25.7 ms/step
step   5000  loss 0.2735  25.7 ms/step
  eval {'step': 5000, 'val_fm': 0.2522624023258686}
step   5100  loss 0.3197  25.7 ms/step
step   5200  loss 0.2846  25.7 ms/step
step   5300  loss 0.3150  25.7 ms/step
step   5400  loss 0.3063  25.7 ms/step
step   5500  loss 0.3176  25.7 ms/step
step   5600  loss 0.2526  25.7 ms/step
step   5700  loss 0.3550  25.7 ms/step
step   5800  loss 0.2994  25.7 ms/step
step   5900  loss 0.2767  25.7 ms/step
step   6000  loss 0.2951  25.7 ms/step
  eval {'step': 6000, 'val_fm': 0.24587421119213104}
step   6100  loss 0.3409  25.7 ms/step
step   6200  loss 0.3382  25.7 ms/step
step   6300  loss 0.3416  25.7 ms/step
step   6400  loss 0.3250  25.6 ms/step
step   6500  loss 0.3043  25.6 ms/step
step   6600  loss 0.3419  25.6 ms/step
step   6700  loss 0.3357  25.6 ms/step
step   6800  loss 0.3338  25.6 ms/step
step   6900  loss 0.3081  25.6 ms/step
step   7000  loss 0.3453  25.6 ms/step
  eval {'step': 7000, 'val_fm': 0.24166054278612137}
step   7100  loss 0.2682  25.6 ms/step
step   7200  loss 0.2865  25.6 ms/step
step   7300  loss 0.2827  25.6 ms/step
step   7400  loss 0.3334  25.6 ms/step
step   7500  loss 0.2822  25.6 ms/step
step   7600  loss 0.3247  25.6 ms/step
step   7700  loss 0.2793  25.6 ms/step
step   7800  loss 0.2836  25.6 ms/step
step   7900  loss 0.2865  25.6 ms/step
step   8000  loss 0.2934  25.6 ms/step
  eval {'step': 8000, 'val_fm': 0.2378661260008812}
step   8100  loss 0.2754  25.6 ms/step
step   8200  loss 0.3028  25.6 ms/step
step   8300  loss 0.3030  25.6 ms/step
step   8400  loss 0.2354  25.6 ms/step
step   8500  loss 0.2798  25.6 ms/step
step   8600  loss 0.3082  25.6 ms/step
step   8700  loss 0.3054  25.6 ms/step
step   8800  loss 0.2622  25.6 ms/step
step   8900  loss 0.3119  25.6 ms/step
step   9000  loss 0.3263  25.6 ms/step
  eval {'step': 9000, 'val_fm': 0.234602402895689}
step   9100  loss 0.3535  25.7 ms/step
step   9200  loss 0.3208  25.7 ms/step
step   9300  loss 0.3055  25.7 ms/step
step   9400  loss 0.3080  25.7 ms/step
step   9500  loss 0.2970  25.7 ms/step
step   9600  loss 0.3520  25.7 ms/step
step   9700  loss 0.3062  25.7 ms/step
step   9800  loss 0.3074  25.7 ms/step
step   9900  loss 0.2997  25.7 ms/step
step  10000  loss 0.3452  25.7 ms/step
  eval {'step': 10000, 'val_fm': 0.23168232291936874}
step  10100  loss 0.2715  25.7 ms/step
step  10200  loss 0.3177  25.7 ms/step
step  10300  loss 0.3371  25.7 ms/step
step  10400  loss 0.3103  25.7 ms/step
step  10500  loss 0.3037  25.7 ms/step
step  10600  loss 0.2730  25.7 ms/step
step  10700  loss 0.3282  25.7 ms/step
step  10800  loss 0.3045  25.7 ms/step
step  10900  loss 0.2979  25.7 ms/step
step  11000  loss 0.3190  25.7 ms/step
  eval {'step': 11000, 'val_fm': 0.22899670526385307}
step  11100  loss 0.2957  25.7 ms/step
step  11200  loss 0.3046  25.7 ms/step
step  11300  loss 0.2604  25.7 ms/step
step  11400  loss 0.2961  25.7 ms/step
step  11500  loss 0.3173  25.7 ms/step
step  11600  loss 0.2280  25.7 ms/step
step  11700  loss 0.2962  25.7 ms/step
step  11800  loss 0.2931  25.7 ms/step
step  11900  loss 0.3148  25.7 ms/step
step  12000  loss 0.3595  25.7 ms/step
  eval {'step': 12000, 'val_fm': 0.22658711671829224}
step  12100  loss 0.3050  25.7 ms/step
step  12200  loss 0.2609  25.7 ms/step
step  12300  loss 0.3083  25.7 ms/step
step  12400  loss 0.3040  25.7 ms/step
step  12500  loss 0.2999  25.7 ms/step
step  12600  loss 0.2776  25.7 ms/step
step  12700  loss 0.2700  25.7 ms/step
step  12800  loss 0.2880  25.7 ms/step
step  12900  loss 0.2873  25.7 ms/step
step  13000  loss 0.3235  25.7 ms/step
  eval {'step': 13000, 'val_fm': 0.22455061972141266}
step  13100  loss 0.3038  25.7 ms/step
step  13200  loss 0.2829  25.7 ms/step
step  13300  loss 0.3138  25.7 ms/step
step  13400  loss 0.2781  25.7 ms/step
step  13500  loss 0.2784  25.7 ms/step
step  13600  loss 0.3224  25.7 ms/step
step  13700  loss 0.3090  25.7 ms/step
step  13800  loss 0.2583  25.7 ms/step
step  13900  loss 0.2884  25.7 ms/step
step  14000  loss 0.2777  25.7 ms/step
  eval {'step': 14000, 'val_fm': 0.2229057438671589}
step  14100  loss 0.2975  25.7 ms/step
step  14200  loss 0.2800  25.7 ms/step
step  14300  loss 0.2629  25.7 ms/step
step  14400  loss 0.2557  25.7 ms/step
step  14500  loss 0.3005  25.7 ms/step
step  14600  loss 0.2832  25.7 ms/step
step  14700  loss 0.2851  25.7 ms/step
step  14800  loss 0.2846  25.7 ms/step
step  14900  loss 0.2636  25.7 ms/step
step  15000  loss 0.2738  25.7 ms/step
  eval {'step': 15000, 'val_fm': 0.2214612103998661}
step  15100  loss 0.3233  25.7 ms/step
step  15200  loss 0.3195  25.7 ms/step
step  15300  loss 0.3188  25.7 ms/step
step  15400  loss 0.2992  25.7 ms/step
step  15500  loss 0.2637  25.7 ms/step
step  15600  loss 0.3232  25.7 ms/step
step  15700  loss 0.2901  25.7 ms/step
step  15800  loss 0.2837  25.7 ms/step
step  15900  loss 0.2657  25.7 ms/step
step  16000  loss 0.2721  25.7 ms/step
  eval {'step': 16000, 'val_fm': 0.2202417366206646}
step  16100  loss 0.3501  25.7 ms/step
step  16200  loss 0.2978  25.7 ms/step
step  16300  loss 0.3516  25.7 ms/step
step  16400  loss 0.2751  25.7 ms/step
step  16500  loss 0.2625  25.7 ms/step
step  16600  loss 0.3187  25.7 ms/step
step  16700  loss 0.3365  25.7 ms/step
step  16800  loss 0.2569  25.7 ms/step
step  16900  loss 0.2949  25.7 ms/step
step  17000  loss 0.3121  25.7 ms/step
  eval {'step': 17000, 'val_fm': 0.21931831538677216}
step  17100  loss 0.3091  25.7 ms/step
step  17200  loss 0.3193  25.7 ms/step
step  17300  loss 0.3072  25.7 ms/step
step  17400  loss 0.2776  25.7 ms/step
step  17500  loss 0.2821  25.7 ms/step
step  17600  loss 0.2841  25.7 ms/step
step  17700  loss 0.2899  25.7 ms/step
step  17800  loss 0.2780  25.7 ms/step
step  17900  loss 0.2748  25.7 ms/step
step  18000  loss 0.2666  25.7 ms/step
  eval {'step': 18000, 'val_fm': 0.21870776265859604}
step  18100  loss 0.3233  25.7 ms/step
step  18200  loss 0.2959  25.7 ms/step
step  18300  loss 0.3000  25.7 ms/step
step  18400  loss 0.2642  25.7 ms/step
step  18500  loss 0.2880  25.7 ms/step
step  18600  loss 0.2920  25.7 ms/step
step  18700  loss 0.3222  25.7 ms/step
step  18800  loss 0.2686  25.7 ms/step
step  18900  loss 0.2909  25.7 ms/step
step  19000  loss 0.2602  25.7 ms/step
  eval {'step': 19000, 'val_fm': 0.21843969449400902}
step  19100  loss 0.2681  25.7 ms/step
step  19200  loss 0.3022  25.7 ms/step
step  19300  loss 0.2540  25.7 ms/step
step  19400  loss 0.2925  25.7 ms/step
step  19500  loss 0.3154  25.7 ms/step
step  19600  loss 0.3079  25.7 ms/step
step  19700  loss 0.2739  25.7 ms/step
step  19800  loss 0.3041  25.7 ms/step
step  19900  loss 0.2646  25.7 ms/step
step  20000  loss 0.3293  25.7 ms/step
  eval {'step': 20000, 'val_fm': 0.21815259754657745}
done in 8.6 min; best val 0.2182
