planner 442,160 params; 4,780,134 train corners, 84 val crops
step    100  loss 2.0387  h 0.1785  desc 0.6805  river 0.9291  42.4 ms/step
step    200  loss 1.5097  h 0.1432  desc 0.4462  river 0.6968  30.5 ms/step
step    300  loss 1.3372  h 0.1248  desc 0.3859  river 0.6138  26.6 ms/step
step    400  loss 1.1934  h 0.1262  desc 0.3665  river 0.4917  24.6 ms/step
step    500  loss 1.2469  h 0.1366  desc 0.3892  river 0.5173  23.4 ms/step
step    600  loss 1.2079  h 0.0856  desc 0.3726  river 0.5554  22.6 ms/step
step    700  loss 1.1292  h 0.1046  desc 0.3761  river 0.4594  22.1 ms/step
step    800  loss 1.1312  h 0.1051  desc 0.3557  river 0.4800  21.6 ms/step
step    900  loss 0.9909  h 0.0818  desc 0.3598  river 0.3693  21.6 ms/step
step   1000  loss 1.1376  h 0.0846  desc 0.3558  river 0.5107  21.5 ms/step
  eval {'height': 0.09, 'grad': 0.0989, 'desc': 0.3571, 'river': 0.6928, 'logacc': 0.1604, 'total': 1.3497, 'height_mae_m': 89.957, 'river_iou': 0.1492, 'step': 1000}
step   1100  loss 1.2290  h 0.0753  desc 0.3733  river 0.5889  21.4 ms/step
step   1200  loss 1.0033  h 0.0863  desc 0.3693  river 0.3736  21.1 ms/step
step   1300  loss 0.9426  h 0.0756  desc 0.3662  river 0.3303  20.9 ms/step
step   1400  loss 1.0455  h 0.1028  desc 0.3660  river 0.4007  20.8 ms/step
step   1500  loss 1.1135  h 0.1034  desc 0.3690  river 0.4582  20.6 ms/step
step   1600  loss 1.1305  h 0.0835  desc 0.3657  river 0.5085  20.5 ms/step
step   1700  loss 0.9734  h 0.0902  desc 0.3643  river 0.3357  20.5 ms/step
step   1800  loss 0.9042  h 0.0826  desc 0.3840  river 0.2686  20.4 ms/step
step   1900  loss 0.9977  h 0.0668  desc 0.3455  river 0.4173  20.3 ms/step
step   2000  loss 1.0924  h 0.0818  desc 0.3523  river 0.4854  20.2 ms/step
  eval {'height': 0.0797, 'grad': 0.0926, 'desc': 0.3431, 'river': 0.6733, 'logacc': 0.1525, 'total': 1.2949, 'height_mae_m': 79.6607, 'river_iou': 0.2178, 'step': 2000}
step   2100  loss 1.1491  h 0.0729  desc 0.3989  river 0.4936  20.1 ms/step
step   2200  loss 1.1420  h 0.0727  desc 0.3605  river 0.5250  20.1 ms/step
step   2300  loss 1.1144  h 0.0976  desc 0.3688  river 0.4720  20.0 ms/step
step   2400  loss 1.1483  h 0.0820  desc 0.4293  river 0.4502  19.9 ms/step
step   2500  loss 1.1167  h 0.0783  desc 0.3451  river 0.5184  19.9 ms/step
step   2600  loss 1.0074  h 0.0875  desc 0.3543  river 0.3903  19.8 ms/step
step   2700  loss 1.0996  h 0.0864  desc 0.3578  river 0.4854  19.8 ms/step
step   2800  loss 1.0928  h 0.0830  desc 0.3609  river 0.4721  19.8 ms/step
step   2900  loss 1.0928  h 0.0740  desc 0.3759  river 0.4664  19.7 ms/step
step   3000  loss 1.0019  h 0.0919  desc 0.3432  river 0.3966  19.7 ms/step
  eval {'height': 0.0804, 'grad': 0.0885, 'desc': 0.3379, 'river': 0.6625, 'logacc': 0.1477, 'total': 1.2727, 'height_mae_m': 80.365, 'river_iou': 0.2648, 'step': 3000}
step   3100  loss 0.9474  h 0.0829  desc 0.3379  river 0.3609  19.7 ms/step
step   3200  loss 0.9015  h 0.0922  desc 0.3422  river 0.3034  19.7 ms/step
step   3300  loss 0.9638  h 0.0727  desc 0.3366  river 0.3877  19.7 ms/step
step   3400  loss 1.0142  h 0.0957  desc 0.3402  river 0.4230  19.7 ms/step
step   3500  loss 0.9067  h 0.0720  desc 0.3270  river 0.3493  19.6 ms/step
step   3600  loss 0.9059  h 0.0835  desc 0.3689  river 0.2934  19.6 ms/step
step   3700  loss 1.0300  h 0.0737  desc 0.3362  river 0.4562  19.6 ms/step
step   3800  loss 0.9991  h 0.1152  desc 0.3506  river 0.3579  19.6 ms/step
step   3900  loss 0.9857  h 0.0678  desc 0.3420  river 0.4143  19.6 ms/step
step   4000  loss 1.0965  h 0.0574  desc 0.3547  river 0.5130  19.6 ms/step
  eval {'height': 0.0735, 'grad': 0.0883, 'desc': 0.3334, 'river': 0.6547, 'logacc': 0.1461, 'total': 1.2519, 'height_mae_m': 73.494, 'river_iou': 0.2358, 'step': 4000}
step   4100  loss 1.1036  h 0.0760  desc 0.3506  river 0.5107  19.6 ms/step
step   4200  loss 1.0490  h 0.0879  desc 0.3483  river 0.4365  19.6 ms/step
step   4300  loss 0.9016  h 0.0665  desc 0.3506  river 0.3313  19.6 ms/step
step   4400  loss 1.0703  h 0.0771  desc 0.3362  river 0.4861  19.5 ms/step
step   4500  loss 1.0153  h 0.0750  desc 0.3480  river 0.4274  19.5 ms/step
step   4600  loss 1.0277  h 0.0827  desc 0.3458  river 0.4325  19.5 ms/step
step   4700  loss 0.9952  h 0.0637  desc 0.3297  river 0.4452  19.5 ms/step
step   4800  loss 1.0701  h 0.0938  desc 0.3373  river 0.4687  19.5 ms/step
step   4900  loss 0.9716  h 0.0683  desc 0.3535  river 0.3862  19.5 ms/step
step   5000  loss 0.9818  h 0.0725  desc 0.3439  river 0.4136  19.4 ms/step
  eval {'height': 0.0746, 'grad': 0.0859, 'desc': 0.3346, 'river': 0.6556, 'logacc': 0.144, 'total': 1.2517, 'height_mae_m': 74.6229, 'river_iou': 0.2411, 'step': 5000}
step   5100  loss 1.2319  h 0.1045  desc 0.3610  river 0.5811  19.4 ms/step
step   5200  loss 1.0665  h 0.0860  desc 0.3537  river 0.4630  19.4 ms/step
step   5300  loss 1.0355  h 0.0723  desc 0.3452  river 0.4481  19.4 ms/step
step   5400  loss 1.0139  h 0.0683  desc 0.3292  river 0.4563  19.4 ms/step
step   5500  loss 0.9812  h 0.0762  desc 0.3344  river 0.4049  19.4 ms/step
step   5600  loss 1.1162  h 0.0696  desc 0.3484  river 0.5184  19.4 ms/step
step   5700  loss 0.8495  h 0.0613  desc 0.3389  river 0.2971  19.4 ms/step
step   5800  loss 0.9723  h 0.0871  desc 0.3579  river 0.3717  19.3 ms/step
step   5900  loss 0.9616  h 0.0690  desc 0.3494  river 0.3782  19.3 ms/step
step   6000  loss 1.0672  h 0.0853  desc 0.3415  river 0.4664  19.4 ms/step
  eval {'height': 0.0705, 'grad': 0.0833, 'desc': 0.3295, 'river': 0.6238, 'logacc': 0.1399, 'total': 1.2053, 'height_mae_m': 70.4751, 'river_iou': 0.2353, 'step': 6000}
step   6100  loss 1.0114  h 0.0806  desc 0.3406  river 0.4298  19.3 ms/step
step   6200  loss 0.9353  h 0.0710  desc 0.3411  river 0.3620  19.3 ms/step
step   6300  loss 0.9065  h 0.0611  desc 0.3623  river 0.3357  19.3 ms/step
step   6400  loss 0.9932  h 0.0913  desc 0.3372  river 0.3988  19.3 ms/step
step   6500  loss 1.1211  h 0.0841  desc 0.3639  river 0.4922  19.3 ms/step
step   6600  loss 1.0246  h 0.1174  desc 0.3655  river 0.3725  19.3 ms/step
step   6700  loss 0.8416  h 0.0713  desc 0.3230  river 0.2924  19.3 ms/step
step   6800  loss 0.9286  h 0.0762  desc 0.3435  river 0.3471  19.3 ms/step
step   6900  loss 0.8449  h 0.0746  desc 0.3232  river 0.2962  19.3 ms/step
step   7000  loss 1.0134  h 0.0694  desc 0.3255  river 0.4619  19.3 ms/step
  eval {'height': 0.0724, 'grad': 0.084, 'desc': 0.3304, 'river': 0.6538, 'logacc': 0.1397, 'total': 1.2383, 'height_mae_m': 72.3719, 'river_iou': 0.2522, 'step': 7000}
step   7100  loss 0.9867  h 0.0765  desc 0.3162  river 0.4304  19.3 ms/step
step   7200  loss 0.9999  h 0.0691  desc 0.3452  river 0.4232  19.3 ms/step
step   7300  loss 0.9593  h 0.0791  desc 0.3528  river 0.3592  19.3 ms/step
step   7400  loss 0.9856  h 0.0914  desc 0.3288  river 0.3965  19.3 ms/step
step   7500  loss 0.8750  h 0.0766  desc 0.3399  river 0.3002  19.3 ms/step
step   7600  loss 1.0439  h 0.0641  desc 0.3471  river 0.4605  19.3 ms/step
step   7700  loss 1.0231  h 0.1035  desc 0.3487  river 0.4104  19.3 ms/step
step   7800  loss 0.8738  h 0.0723  desc 0.3372  river 0.3119  19.3 ms/step
step   7900  loss 1.0187  h 0.0814  desc 0.3388  river 0.4363  19.2 ms/step
step   8000  loss 0.9873  h 0.0837  desc 0.3496  river 0.3851  19.3 ms/step
  eval {'height': 0.0682, 'grad': 0.0813, 'desc': 0.3285, 'river': 0.6808, 'logacc': 0.1393, 'total': 1.2574, 'height_mae_m': 68.1873, 'river_iou': 0.2642, 'step': 8000}
step   8100  loss 1.2990  h 0.0742  desc 0.3608  river 0.6790  19.2 ms/step
step   8200  loss 1.0400  h 0.0635  desc 0.3488  river 0.4631  19.2 ms/step
step   8300  loss 0.9890  h 0.0567  desc 0.3400  river 0.4288  19.2 ms/step
step   8400  loss 0.9123  h 0.0718  desc 0.3238  river 0.3644  19.2 ms/step
step   8500  loss 1.0738  h 0.0898  desc 0.3380  river 0.4744  19.2 ms/step
step   8600  loss 0.8789  h 0.0608  desc 0.3201  river 0.3414  19.2 ms/step
step   8700  loss 0.9548  h 0.0668  desc 0.3291  river 0.3957  19.2 ms/step
step   8800  loss 0.9322  h 0.0762  desc 0.3228  river 0.3795  19.2 ms/step
step   8900  loss 0.9518  h 0.0623  desc 0.3434  river 0.3840  19.2 ms/step
step   9000  loss 1.0079  h 0.0790  desc 0.3461  river 0.4232  19.2 ms/step
  eval {'height': 0.0683, 'grad': 0.0816, 'desc': 0.3287, 'river': 0.6313, 'logacc': 0.1352, 'total': 1.2043, 'height_mae_m': 68.2757, 'river_iou': 0.3136, 'step': 9000}
step   9100  loss 0.9301  h 0.0887  desc 0.3390  river 0.3423  19.2 ms/step
step   9200  loss 0.8534  h 0.0743  desc 0.3310  river 0.2967  19.2 ms/step
step   9300  loss 0.8839  h 0.0672  desc 0.3295  river 0.3330  19.2 ms/step
step   9400  loss 1.0133  h 0.0613  desc 0.3308  river 0.4648  19.2 ms/step
step   9500  loss 1.0088  h 0.0661  desc 0.3413  river 0.4368  19.2 ms/step
step   9600  loss 1.0397  h 0.0683  desc 0.3454  river 0.4615  19.2 ms/step
step   9700  loss 0.9654  h 0.0606  desc 0.3240  river 0.4170  19.2 ms/step
step   9800  loss 0.9043  h 0.0772  desc 0.3403  river 0.3360  19.2 ms/step
step   9900  loss 1.0018  h 0.0648  desc 0.3395  river 0.4337  19.2 ms/step
step  10000  loss 0.8992  h 0.0539  desc 0.3137  river 0.3873  19.2 ms/step
  eval {'height': 0.067, 'grad': 0.0817, 'desc': 0.3314, 'river': 0.6887, 'logacc': 0.1359, 'total': 1.2638, 'height_mae_m': 66.9575, 'river_iou': 0.2794, 'step': 10000}
step  10100  loss 1.0115  h 0.0656  desc 0.3438  river 0.4405  19.2 ms/step
step  10200  loss 0.9841  h 0.0601  desc 0.3462  river 0.4113  19.2 ms/step
step  10300  loss 1.0006  h 0.0680  desc 0.3381  river 0.4309  19.2 ms/step
step  10400  loss 1.0675  h 0.0553  desc 0.3553  river 0.4858  19.2 ms/step
step  10500  loss 1.0670  h 0.0864  desc 0.3427  river 0.4722  19.2 ms/step
step  10600  loss 1.0152  h 0.0703  desc 0.3386  river 0.4369  19.2 ms/step
step  10700  loss 0.9591  h 0.0689  desc 0.3330  river 0.3951  19.2 ms/step
step  10800  loss 1.0783  h 0.0729  desc 0.3526  river 0.4856  19.1 ms/step
step  10900  loss 1.0115  h 0.0747  desc 0.3276  river 0.4521  19.1 ms/step
step  11000  loss 0.9777  h 0.0632  desc 0.3288  river 0.4297  19.1 ms/step
  eval {'height': 0.0639, 'grad': 0.0806, 'desc': 0.3299, 'river': 0.683, 'logacc': 0.1341, 'total': 1.2512, 'height_mae_m': 63.8553, 'river_iou': 0.3199, 'step': 11000}
step  11100  loss 1.1288  h 0.0689  desc 0.3513  river 0.5380  19.1 ms/step
step  11200  loss 0.8980  h 0.0670  desc 0.3296  river 0.3500  19.1 ms/step
step  11300  loss 0.9969  h 0.0581  desc 0.3297  river 0.4530  19.1 ms/step
step  11400  loss 0.8768  h 0.0798  desc 0.3345  river 0.3119  19.1 ms/step
step  11500  loss 0.8994  h 0.0481  desc 0.3261  river 0.3711  19.1 ms/step
step  11600  loss 0.9912  h 0.0695  desc 0.3411  river 0.4238  19.1 ms/step
step  11700  loss 0.8402  h 0.0609  desc 0.3317  river 0.3023  19.1 ms/step
step  11800  loss 0.9508  h 0.0667  desc 0.3633  river 0.3602  19.1 ms/step
step  11900  loss 0.8700  h 0.0719  desc 0.3197  river 0.3350  19.1 ms/step
step  12000  loss 0.9688  h 0.0644  desc 0.3287  river 0.4231  19.1 ms/step
  eval {'height': 0.0646, 'grad': 0.0796, 'desc': 0.3288, 'river': 0.6511, 'logacc': 0.133, 'total': 1.2173, 'height_mae_m': 64.5627, 'river_iou': 0.3277, 'step': 12000}
step  12100  loss 0.9802  h 0.0758  desc 0.3550  river 0.3862  19.1 ms/step
step  12200  loss 1.0643  h 0.0616  desc 0.3640  river 0.4735  19.1 ms/step
step  12300  loss 0.9839  h 0.0684  desc 0.3337  river 0.4174  19.1 ms/step
step  12400  loss 0.9744  h 0.0635  desc 0.3307  river 0.4238  19.1 ms/step
step  12500  loss 0.9926  h 0.0765  desc 0.3309  river 0.4302  19.1 ms/step
step  12600  loss 0.8308  h 0.0828  desc 0.3404  river 0.2596  19.1 ms/step
step  12700  loss 0.8957  h 0.0640  desc 0.3218  river 0.3565  19.1 ms/step
step  12800  loss 0.9353  h 0.0664  desc 0.3346  river 0.3804  19.1 ms/step
step  12900  loss 0.9454  h 0.0650  desc 0.3295  river 0.3908  19.1 ms/step
step  13000  loss 1.0603  h 0.0585  desc 0.3571  river 0.4828  19.1 ms/step
  eval {'height': 0.0641, 'grad': 0.0788, 'desc': 0.3287, 'river': 0.691, 'logacc': 0.133, 'total': 1.2562, 'height_mae_m': 64.1405, 'river_iou': 0.3153, 'step': 13000}
step  13100  loss 0.9815  h 0.0663  desc 0.3364  river 0.4195  19.1 ms/step
step  13200  loss 0.9526  h 0.0707  desc 0.3286  river 0.3917  19.1 ms/step
step  13300  loss 1.0220  h 0.0630  desc 0.3341  river 0.4590  19.1 ms/step
step  13400  loss 0.9670  h 0.0593  desc 0.3545  river 0.3940  19.1 ms/step
step  13500  loss 0.9368  h 0.0715  desc 0.3387  river 0.3707  19.1 ms/step
step  13600  loss 0.9225  h 0.0570  desc 0.3319  river 0.3826  19.1 ms/step
step  13700  loss 0.9028  h 0.0584  desc 0.3301  river 0.3650  19.1 ms/step
step  13800  loss 0.9035  h 0.0532  desc 0.3189  river 0.3821  19.1 ms/step
step  13900  loss 0.9384  h 0.0582  desc 0.3470  river 0.3777  19.1 ms/step
step  14000  loss 0.9934  h 0.0660  desc 0.3356  river 0.4316  19.1 ms/step
  eval {'height': 0.0645, 'grad': 0.079, 'desc': 0.3292, 'river': 0.6778, 'logacc': 0.132, 'total': 1.2431, 'height_mae_m': 64.542, 'river_iou': 0.3242, 'step': 14000}
step  14100  loss 1.0769  h 0.0789  desc 0.3277  river 0.5029  19.1 ms/step
step  14200  loss 0.8746  h 0.0719  desc 0.3270  river 0.3208  19.1 ms/step
step  14300  loss 0.9517  h 0.0543  desc 0.3409  river 0.3994  19.1 ms/step
step  14400  loss 0.8507  h 0.0641  desc 0.3256  river 0.3192  19.1 ms/step
step  14500  loss 1.0009  h 0.0564  desc 0.3310  river 0.4555  19.1 ms/step
step  14600  loss 0.9349  h 0.0609  desc 0.3535  river 0.3674  19.1 ms/step
step  14700  loss 0.9324  h 0.0694  desc 0.3301  river 0.3752  19.1 ms/step
step  14800  loss 0.8973  h 0.0647  desc 0.3317  river 0.3479  19.1 ms/step
step  14900  loss 0.8030  h 0.0610  desc 0.3293  river 0.2652  19.1 ms/step
step  15000  loss 0.8446  h 0.0582  desc 0.3356  river 0.2975  19.1 ms/step
  eval {'height': 0.0632, 'grad': 0.0785, 'desc': 0.3294, 'river': 0.6681, 'logacc': 0.1306, 'total': 1.2305, 'height_mae_m': 63.1803, 'river_iou': 0.3183, 'step': 15000}
step  15100  loss 0.8641  h 0.0691  desc 0.3270  river 0.3225  19.1 ms/step
step  15200  loss 1.0230  h 0.0620  desc 0.3465  river 0.4473  19.1 ms/step
step  15300  loss 0.7276  h 0.0535  desc 0.3011  river 0.2449  19.1 ms/step
step  15400  loss 0.9868  h 0.0786  desc 0.3011  river 0.4557  19.1 ms/step
step  15500  loss 0.9411  h 0.0736  desc 0.3487  river 0.3686  19.1 ms/step
step  15600  loss 0.8724  h 0.0522  desc 0.3245  river 0.3517  19.1 ms/step
step  15700  loss 1.0227  h 0.0616  desc 0.3424  river 0.4591  19.1 ms/step
step  15800  loss 0.9354  h 0.0797  desc 0.3363  river 0.3630  19.1 ms/step
step  15900  loss 0.9135  h 0.0654  desc 0.3482  river 0.3501  19.1 ms/step
step  16000  loss 0.9498  h 0.0610  desc 0.3300  river 0.4003  19.1 ms/step
  eval {'height': 0.0629, 'grad': 0.0786, 'desc': 0.33, 'river': 0.6599, 'logacc': 0.1303, 'total': 1.2224, 'height_mae_m': 62.9149, 'river_iou': 0.3193, 'step': 16000}
step  16100  loss 1.0247  h 0.0636  desc 0.3346  river 0.4676  19.1 ms/step
step  16200  loss 1.1170  h 0.0901  desc 0.3333  river 0.5280  19.1 ms/step
step  16300  loss 0.9459  h 0.0826  desc 0.3353  river 0.3618  19.1 ms/step
step  16400  loss 1.0031  h 0.0674  desc 0.3505  river 0.4261  19.1 ms/step
step  16500  loss 0.8389  h 0.0483  desc 0.3308  river 0.3171  19.1 ms/step
step  16600  loss 0.9860  h 0.0698  desc 0.3240  river 0.4275  19.1 ms/step
step  16700  loss 0.9328  h 0.0626  desc 0.3323  river 0.3855  19.1 ms/step
step  16800  loss 0.9380  h 0.0630  desc 0.3443  river 0.3734  19.1 ms/step
step  16900  loss 1.0060  h 0.0556  desc 0.3254  river 0.4673  19.1 ms/step
step  17000  loss 0.9421  h 0.0757  desc 0.3357  river 0.3715  19.1 ms/step
  eval {'height': 0.0625, 'grad': 0.0782, 'desc': 0.3294, 'river': 0.6692, 'logacc': 0.1301, 'total': 1.2302, 'height_mae_m': 62.4712, 'river_iou': 0.3261, 'step': 17000}
step  17100  loss 1.0496  h 0.0527  desc 0.3265  river 0.5165  19.1 ms/step
step  17200  loss 0.9921  h 0.0632  desc 0.3568  river 0.4142  19.1 ms/step
step  17300  loss 0.9963  h 0.0709  desc 0.3339  river 0.4234  19.1 ms/step
step  17400  loss 1.0329  h 0.0597  desc 0.3273  river 0.4904  19.1 ms/step
step  17500  loss 0.9610  h 0.0732  desc 0.3231  river 0.4076  19.0 ms/step
step  17600  loss 0.9330  h 0.0649  desc 0.3329  river 0.3829  19.1 ms/step
step  17700  loss 0.9874  h 0.0625  desc 0.3400  river 0.4205  19.1 ms/step
step  17800  loss 0.8760  h 0.0599  desc 0.3169  river 0.3514  19.1 ms/step
step  17900  loss 1.0809  h 0.0786  desc 0.3527  river 0.4873  19.1 ms/step
step  18000  loss 1.0039  h 0.0999  desc 0.3272  river 0.4166  19.1 ms/step
  eval {'height': 0.0631, 'grad': 0.0781, 'desc': 0.33, 'river': 0.6636, 'logacc': 0.1303, 'total': 1.2259, 'height_mae_m': 63.0802, 'river_iou': 0.3248, 'step': 18000}
step  18100  loss 0.9219  h 0.0583  desc 0.3512  river 0.3529  19.1 ms/step
step  18200  loss 0.9157  h 0.0563  desc 0.3419  river 0.3701  19.1 ms/step
step  18300  loss 0.9537  h 0.0676  desc 0.3364  river 0.3968  19.1 ms/step
step  18400  loss 0.9777  h 0.0650  desc 0.3253  river 0.4308  19.1 ms/step
step  18500  loss 0.9354  h 0.0757  desc 0.3292  river 0.3736  19.1 ms/step
step  18600  loss 0.9191  h 0.0694  desc 0.3269  river 0.3662  19.1 ms/step
step  18700  loss 0.9492  h 0.0628  desc 0.3662  river 0.3545  19.1 ms/step
step  18800  loss 0.9642  h 0.0900  desc 0.3413  river 0.3714  19.0 ms/step
step  18900  loss 0.7633  h 0.0624  desc 0.3360  river 0.2249  19.0 ms/step
step  19000  loss 0.9052  h 0.0674  desc 0.3312  river 0.3568  19.0 ms/step
  eval {'height': 0.0624, 'grad': 0.078, 'desc': 0.3295, 'river': 0.6631, 'logacc': 0.13, 'total': 1.2241, 'height_mae_m': 62.4442, 'river_iou': 0.3268, 'step': 19000}
step  19100  loss 0.9190  h 0.0588  desc 0.3242  river 0.3837  19.0 ms/step
step  19200  loss 0.8986  h 0.0485  desc 0.3262  river 0.3777  19.0 ms/step
step  19300  loss 1.0663  h 0.0582  desc 0.3427  river 0.5017  19.0 ms/step
step  19400  loss 0.9397  h 0.0504  desc 0.3370  river 0.3978  19.0 ms/step
step  19500  loss 0.9060  h 0.0544  desc 0.3325  river 0.3675  19.0 ms/step
step  19600  loss 1.0081  h 0.0593  desc 0.3412  river 0.4466  19.0 ms/step
step  19700  loss 0.8798  h 0.0570  desc 0.3313  river 0.3458  19.0 ms/step
step  19800  loss 1.0711  h 0.0765  desc 0.3446  river 0.4853  19.0 ms/step
step  19900  loss 0.9303  h 0.0623  desc 0.3343  river 0.3803  19.0 ms/step
step  20000  loss 0.8307  h 0.0666  desc 0.3215  river 0.2898  19.0 ms/step
  eval {'height': 0.0628, 'grad': 0.078, 'desc': 0.3297, 'river': 0.6698, 'logacc': 0.1301, 'total': 1.2314, 'height_mae_m': 62.8308, 'river_iou': 0.3252, 'step': 20000}
done in 6.3 min; best val loss 1.2043
