loss weights {'height': 1.0, 'grad': 0.5, 'desc': 1.0, 'river': 0.0, 'logacc': 0.0}
planner 1,558,656 params; regions ['alps', 'borneo', 'colorado_plateau', 'east_africa', 'great_plains', 'norway', 'sahara_erg']; 17,783,829 train corners, 315 val crops
step    100  loss 0.7712  h 0.1480  desc 0.5797  river 1.2770  30.5 ms/step
step    200  loss 0.6737  h 0.0981  desc 0.5228  river 1.2641  26.3 ms/step
step    300  loss 0.6085  h 0.1115  desc 0.4589  river 1.2395  24.9 ms/step
step    400  loss 0.6212  h 0.0823  desc 0.5015  river 1.3480  24.2 ms/step
step    500  loss 0.6176  h 0.0995  desc 0.4774  river 1.3333  23.8 ms/step
step    600  loss 0.6387  h 0.1223  desc 0.4833  river 1.3197  23.6 ms/step
step    700  loss 0.5864  h 0.0953  desc 0.4591  river 1.3525  23.4 ms/step
step    800  loss 0.6118  h 0.1036  desc 0.4781  river 1.2054  23.2 ms/step
step    900  loss 0.6006  h 0.1057  desc 0.4634  river 1.2976  23.0 ms/step
step   1000  loss 0.5648  h 0.0614  desc 0.4750  river 1.2405  23.0 ms/step
  eval {'height': 0.0652, 'grad': 0.0712, 'desc': 0.411, 'river': 1.3403, 'logacc': 0.5384, 'total': 0.5118, 'height_mae_m': 65.237, 'river_iou': 0.0736, 'step': 1000}
step   1100  loss 0.6366  h 0.0795  desc 0.5297  river 1.2933  23.0 ms/step
step   1200  loss 0.5666  h 0.0868  desc 0.4490  river 1.2777  23.0 ms/step
step   1300  loss 0.5837  h 0.0707  desc 0.4884  river 1.3171  23.0 ms/step
step   1400  loss 0.6007  h 0.0988  desc 0.4746  river 1.2633  22.9 ms/step
step   1500  loss 0.5716  h 0.0854  desc 0.4609  river 1.2939  22.9 ms/step
step   1600  loss 0.5620  h 0.1056  desc 0.4357  river 1.2835  22.9 ms/step
step   1700  loss 0.5314  h 0.0626  desc 0.4464  river 1.2828  22.9 ms/step
step   1800  loss 0.6004  h 0.1135  desc 0.4613  river 1.3099  22.8 ms/step
step   1900  loss 0.5552  h 0.0717  desc 0.4587  river 1.3370  22.8 ms/step
step   2000  loss 0.5595  h 0.0773  desc 0.4584  river 1.2653  22.8 ms/step
  eval {'height': 0.0514, 'grad': 0.0573, 'desc': 0.3999, 'river': 1.3389, 'logacc': 0.532, 'total': 0.48, 'height_mae_m': 51.408, 'river_iou': 0.0699, 'step': 2000}
step   2100  loss 0.5962  h 0.1014  desc 0.4749  river 1.3154  22.8 ms/step
step   2200  loss 0.5347  h 0.0590  desc 0.4552  river 1.3244  22.7 ms/step
step   2300  loss 0.5252  h 0.0656  desc 0.4363  river 1.2994  22.7 ms/step
step   2400  loss 0.5722  h 0.0891  desc 0.4647  river 1.3196  22.7 ms/step
step   2500  loss 0.5343  h 0.0754  desc 0.4366  river 1.3014  22.7 ms/step
step   2600  loss 0.5331  h 0.0474  desc 0.4663  river 1.2033  22.7 ms/step
step   2700  loss 0.5241  h 0.0740  desc 0.4289  river 1.2593  22.7 ms/step
step   2800  loss 0.5694  h 0.0976  desc 0.4509  river 1.2295  22.7 ms/step
step   2900  loss 0.5202  h 0.0585  desc 0.4446  river 1.2544  22.7 ms/step
step   3000  loss 0.5496  h 0.0792  desc 0.4491  river 1.2426  22.7 ms/step
  eval {'height': 0.0689, 'grad': 0.0527, 'desc': 0.3961, 'river': 1.3306, 'logacc': 0.5381, 'total': 0.4913, 'height_mae_m': 68.9247, 'river_iou': 0.0615, 'step': 3000}
step   3100  loss 0.5080  h 0.0686  desc 0.4201  river 1.3276  22.7 ms/step
step   3200  loss 0.5966  h 0.0600  desc 0.5141  river 1.2656  22.7 ms/step
step   3300  loss 0.5297  h 0.0572  desc 0.4512  river 1.3004  22.7 ms/step
step   3400  loss 0.5559  h 0.0825  desc 0.4554  river 1.3221  22.7 ms/step
step   3500  loss 0.5267  h 0.0644  desc 0.4403  river 1.2432  22.6 ms/step
step   3600  loss 0.5275  h 0.0720  desc 0.4317  river 1.3115  22.6 ms/step
step   3700  loss 0.5331  h 0.0637  desc 0.4489  river 1.2478  22.6 ms/step
step   3800  loss 0.5052  h 0.0660  desc 0.4187  river 1.2860  22.6 ms/step
step   3900  loss 0.5012  h 0.0522  desc 0.4294  river 1.3121  22.6 ms/step
step   4000  loss 0.5267  h 0.0729  desc 0.4313  river 1.3606  22.6 ms/step
  eval {'height': 0.0538, 'grad': 0.0522, 'desc': 0.3908, 'river': 1.3216, 'logacc': 0.5352, 'total': 0.4707, 'height_mae_m': 53.796, 'river_iou': 0.0575, 'step': 4000}
step   4100  loss 0.5248  h 0.0666  desc 0.4404  river 1.3409  22.6 ms/step
step   4200  loss 0.5599  h 0.0584  desc 0.4813  river 1.2664  22.6 ms/step
step   4300  loss 0.5381  h 0.0838  desc 0.4346  river 1.3066  22.6 ms/step
step   4400  loss 0.5073  h 0.0608  desc 0.4275  river 1.2404  22.6 ms/step
step   4500  loss 0.5419  h 0.0676  desc 0.4549  river 1.2698  22.6 ms/step
step   4600  loss 0.5686  h 0.0732  desc 0.4754  river 1.2956  22.6 ms/step
step   4700  loss 0.5395  h 0.0680  desc 0.4528  river 1.1918  22.6 ms/step
step   4800  loss 0.5068  h 0.0698  desc 0.4172  river 1.2515  22.6 ms/step
step   4900  loss 0.5000  h 0.0691  desc 0.4105  river 1.3304  22.6 ms/step
step   5000  loss 0.5318  h 0.0915  desc 0.4214  river 1.3298  22.6 ms/step
  eval {'height': 0.045, 'grad': 0.0505, 'desc': 0.3905, 'river': 1.3159, 'logacc': 0.5307, 'total': 0.4608, 'height_mae_m': 45.027, 'river_iou': 0.044, 'step': 5000}
step   5100  loss 0.5065  h 0.0652  desc 0.4224  river 1.1909  22.6 ms/step
step   5200  loss 0.5314  h 0.0576  desc 0.4554  river 1.2950  22.6 ms/step
step   5300  loss 0.5322  h 0.0557  desc 0.4592  river 1.2400  22.6 ms/step
step   5400  loss 0.5029  h 0.0649  desc 0.4180  river 1.2933  22.5 ms/step
step   5500  loss 0.4907  h 0.0516  desc 0.4240  river 1.2374  22.5 ms/step
step   5600  loss 0.5113  h 0.0494  desc 0.4426  river 1.2375  22.5 ms/step
step   5700  loss 0.5302  h 0.0611  desc 0.4516  river 1.2683  22.5 ms/step
step   5800  loss 0.4988  h 0.0527  desc 0.4298  river 1.1710  22.5 ms/step
step   5900  loss 0.5457  h 0.0832  desc 0.4419  river 1.3005  22.5 ms/step
step   6000  loss 0.5255  h 0.0654  desc 0.4389  river 1.3350  22.5 ms/step
  eval {'height': 0.0477, 'grad': 0.0492, 'desc': 0.3865, 'river': 1.309, 'logacc': 0.5274, 'total': 0.4588, 'height_mae_m': 47.666, 'river_iou': 0.0392, 'step': 6000}
step   6100  loss 0.5151  h 0.0719  desc 0.4257  river 1.3057  22.6 ms/step
step   6200  loss 0.5384  h 0.0766  desc 0.4442  river 1.2436  22.6 ms/step
step   6300  loss 0.5220  h 0.0777  desc 0.4269  river 1.3000  22.6 ms/step
step   6400  loss 0.4937  h 0.0571  desc 0.4191  river 1.2557  22.6 ms/step
step   6500  loss 0.5373  h 0.0591  desc 0.4584  river 1.2471  22.6 ms/step
step   6600  loss 0.5276  h 0.0615  desc 0.4471  river 1.2469  22.6 ms/step
step   6700  loss 0.5247  h 0.0616  desc 0.4436  river 1.1864  22.6 ms/step
step   6800  loss 0.5155  h 0.0642  desc 0.4330  river 1.2493  22.6 ms/step
step   6900  loss 0.4976  h 0.0747  desc 0.4074  river 1.1649  22.6 ms/step
step   7000  loss 0.5399  h 0.0766  desc 0.4438  river 1.2955  22.6 ms/step
  eval {'height': 0.0483, 'grad': 0.049, 'desc': 0.3812, 'river': 1.303, 'logacc': 0.5218, 'total': 0.454, 'height_mae_m': 48.2767, 'river_iou': 0.0358, 'step': 7000}
step   7100  loss 0.5132  h 0.0738  desc 0.4215  river 1.2488  22.6 ms/step
step   7200  loss 0.4982  h 0.0601  desc 0.4203  river 1.2561  22.7 ms/step
step   7300  loss 0.4854  h 0.0527  desc 0.4134  river 1.2834  22.7 ms/step
step   7400  loss 0.4778  h 0.0495  desc 0.4116  river 1.2783  22.7 ms/step
step   7500  loss 0.4671  h 0.0503  desc 0.3966  river 1.2598  22.7 ms/step
step   7600  loss 0.5196  h 0.0802  desc 0.4202  river 1.2071  22.7 ms/step
step   7700  loss 0.5201  h 0.0792  desc 0.4206  river 1.2702  22.7 ms/step
step   7800  loss 0.5185  h 0.0781  desc 0.4208  river 1.2355  22.7 ms/step
step   7900  loss 0.4997  h 0.0642  desc 0.4157  river 1.2691  22.7 ms/step
step   8000  loss 0.5197  h 0.0608  desc 0.4413  river 1.2478  22.7 ms/step
  eval {'height': 0.0404, 'grad': 0.0488, 'desc': 0.3821, 'river': 1.2983, 'logacc': 0.5175, 'total': 0.447, 'height_mae_m': 40.4416, 'river_iou': 0.0346, 'step': 8000}
step   8100  loss 0.5234  h 0.0678  desc 0.4360  river 1.2674  22.7 ms/step
step   8200  loss 0.5060  h 0.0631  desc 0.4261  river 1.2057  22.7 ms/step
step   8300  loss 0.4983  h 0.0554  desc 0.4227  river 1.2584  22.7 ms/step
step   8400  loss 0.4755  h 0.0436  desc 0.4165  river 1.2819  22.7 ms/step
step   8500  loss 0.5229  h 0.0619  desc 0.4411  river 1.2552  22.7 ms/step
step   8600  loss 0.5258  h 0.0822  desc 0.4246  river 1.2020  22.7 ms/step
step   8700  loss 0.5180  h 0.0702  desc 0.4299  river 1.2588  22.7 ms/step
step   8800  loss 0.5276  h 0.0706  desc 0.4419  river 1.2531  22.7 ms/step
step   8900  loss 0.4976  h 0.0586  desc 0.4214  river 1.2578  22.7 ms/step
step   9000  loss 0.4991  h 0.0676  desc 0.4101  river 1.2847  22.7 ms/step
  eval {'height': 0.0474, 'grad': 0.0478, 'desc': 0.3827, 'river': 1.2959, 'logacc': 0.5061, 'total': 0.454, 'height_mae_m': 47.3718, 'river_iou': 0.0317, 'step': 9000}
step   9100  loss 0.5322  h 0.0542  desc 0.4602  river 1.2375  22.7 ms/step
step   9200  loss 0.5242  h 0.0680  desc 0.4387  river 1.2104  22.7 ms/step
step   9300  loss 0.4974  h 0.0481  desc 0.4320  river 1.2239  22.7 ms/step
step   9400  loss 0.4942  h 0.0595  desc 0.4174  river 1.2877  22.7 ms/step
step   9500  loss 0.4702  h 0.0477  desc 0.4061  river 1.2842  22.7 ms/step
step   9600  loss 0.5180  h 0.0716  desc 0.4269  river 1.3607  22.7 ms/step
step   9700  loss 0.5072  h 0.0535  desc 0.4372  river 1.2923  22.7 ms/step
step   9800  loss 0.4963  h 0.0615  desc 0.4181  river 1.2800  22.7 ms/step
step   9900  loss 0.4867  h 0.0496  desc 0.4199  river 1.1720  22.7 ms/step
step  10000  loss 0.4934  h 0.0581  desc 0.4195  river 1.1935  22.7 ms/step
  eval {'height': 0.0396, 'grad': 0.0476, 'desc': 0.3769, 'river': 1.2923, 'logacc': 0.4972, 'total': 0.4403, 'height_mae_m': 39.6293, 'river_iou': 0.0292, 'step': 10000}
step  10100  loss 0.5028  h 0.0545  desc 0.4299  river 1.2364  22.7 ms/step
step  10200  loss 0.5012  h 0.0446  desc 0.4398  river 1.2141  22.6 ms/step
step  10300  loss 0.5023  h 0.0657  desc 0.4202  river 1.1655  22.6 ms/step
step  10400  loss 0.5006  h 0.0733  desc 0.4095  river 1.1871  22.7 ms/step
step  10500  loss 0.4996  h 0.0479  desc 0.4345  river 1.3078  22.6 ms/step
step  10600  loss 0.5327  h 0.0903  desc 0.4244  river 1.2359  22.7 ms/step
step  10700  loss 0.4754  h 0.0610  desc 0.3971  river 1.2868  22.6 ms/step
step  10800  loss 0.5300  h 0.0852  desc 0.4292  river 1.2337  22.7 ms/step
step  10900  loss 0.4978  h 0.0710  desc 0.4081  river 1.2441  22.7 ms/step
step  11000  loss 0.5481  h 0.1075  desc 0.4229  river 1.2905  22.6 ms/step
  eval {'height': 0.0413, 'grad': 0.0481, 'desc': 0.3777, 'river': 1.2897, 'logacc': 0.4906, 'total': 0.443, 'height_mae_m': 41.3089, 'river_iou': 0.0266, 'step': 11000}
step  11100  loss 0.4932  h 0.0565  desc 0.4198  river 1.2929  22.7 ms/step
step  11200  loss 0.5040  h 0.0571  desc 0.4299  river 1.2186  22.7 ms/step
step  11300  loss 0.4892  h 0.0497  desc 0.4220  river 1.2087  22.7 ms/step
step  11400  loss 0.5013  h 0.0733  desc 0.4079  river 1.3114  22.7 ms/step
step  11500  loss 0.5002  h 0.0638  desc 0.4197  river 1.1336  22.7 ms/step
step  11600  loss 0.4704  h 0.0523  desc 0.4023  river 1.2411  22.7 ms/step
step  11700  loss 0.5303  h 0.0599  desc 0.4486  river 1.2749  22.7 ms/step
step  11800  loss 0.5149  h 0.0482  desc 0.4510  river 1.2300  22.7 ms/step
step  11900  loss 0.5278  h 0.0472  desc 0.4666  river 1.2481  22.7 ms/step
step  12000  loss 0.5180  h 0.0528  desc 0.4483  river 1.2235  22.7 ms/step
  eval {'height': 0.0416, 'grad': 0.048, 'desc': 0.378, 'river': 1.2884, 'logacc': 0.483, 'total': 0.4436, 'height_mae_m': 41.6345, 'river_iou': 0.0242, 'step': 12000}
step  12100  loss 0.4916  h 0.0412  desc 0.4342  river 1.2893  22.7 ms/step
step  12200  loss 0.5486  h 0.0800  desc 0.4512  river 1.2872  22.7 ms/step
step  12300  loss 0.5184  h 0.0632  desc 0.4395  river 1.1892  22.7 ms/step
step  12400  loss 0.4930  h 0.0485  desc 0.4287  river 1.2940  22.7 ms/step
step  12500  loss 0.5138  h 0.0535  desc 0.4413  river 1.2037  22.7 ms/step
step  12600  loss 0.4991  h 0.0678  desc 0.4144  river 1.2403  22.7 ms/step
step  12700  loss 0.5022  h 0.0568  desc 0.4290  river 1.2334  22.6 ms/step
step  12800  loss 0.4728  h 0.0485  desc 0.4062  river 1.2505  22.6 ms/step
step  12900  loss 0.5168  h 0.0738  desc 0.4244  river 1.2919  22.6 ms/step
step  13000  loss 0.5032  h 0.0376  desc 0.4521  river 1.2287  22.6 ms/step
  eval {'height': 0.0393, 'grad': 0.0472, 'desc': 0.3785, 'river': 1.2859, 'logacc': 0.483, 'total': 0.4415, 'height_mae_m': 39.3463, 'river_iou': 0.0218, 'step': 13000}
step  13100  loss 0.5253  h 0.0689  desc 0.4420  river 1.2549  22.6 ms/step
step  13200  loss 0.5159  h 0.0823  desc 0.4181  river 1.2449  22.6 ms/step
step  13300  loss 0.4729  h 0.0534  desc 0.4015  river 1.1642  22.6 ms/step
step  13400  loss 0.4792  h 0.0467  desc 0.4144  river 1.2803  22.6 ms/step
step  13500  loss 0.4769  h 0.0572  desc 0.4051  river 1.2371  22.6 ms/step
step  13600  loss 0.4754  h 0.0519  desc 0.4059  river 1.1625  22.6 ms/step
step  13700  loss 0.4893  h 0.0426  desc 0.4312  river 1.1782  22.7 ms/step
step  13800  loss 0.5072  h 0.0711  desc 0.4147  river 1.2657  22.7 ms/step
step  13900  loss 0.4930  h 0.0515  desc 0.4249  river 1.2527  22.7 ms/step
step  14000  loss 0.4947  h 0.0762  desc 0.3965  river 1.3002  22.7 ms/step
  eval {'height': 0.0441, 'grad': 0.0475, 'desc': 0.3798, 'river': 1.2829, 'logacc': 0.4767, 'total': 0.4477, 'height_mae_m': 44.1496, 'river_iou': 0.0183, 'step': 14000}
step  14100  loss 0.4812  h 0.0514  desc 0.4128  river 1.2557  22.7 ms/step
step  14200  loss 0.5061  h 0.0488  desc 0.4431  river 1.1874  22.7 ms/step
step  14300  loss 0.4807  h 0.0535  desc 0.4111  river 1.2443  22.7 ms/step
step  14400  loss 0.5373  h 0.0828  desc 0.4354  river 1.2442  22.7 ms/step
step  14500  loss 0.5032  h 0.0431  desc 0.4453  river 1.1731  22.7 ms/step
step  14600  loss 0.4970  h 0.0676  desc 0.4089  river 1.2516  22.7 ms/step
step  14700  loss 0.5239  h 0.0854  desc 0.4187  river 1.2231  22.7 ms/step
step  14800  loss 0.4711  h 0.0507  desc 0.4002  river 1.2102  22.7 ms/step
step  14900  loss 0.4918  h 0.0480  desc 0.4274  river 1.2428  22.7 ms/step
step  15000  loss 0.5107  h 0.0502  desc 0.4451  river 1.1895  22.7 ms/step
  eval {'height': 0.0413, 'grad': 0.0474, 'desc': 0.3751, 'river': 1.2818, 'logacc': 0.4708, 'total': 0.4402, 'height_mae_m': 41.346, 'river_iou': 0.0084, 'step': 15000}
step  15100  loss 0.5458  h 0.0791  desc 0.4520  river 1.1959  22.8 ms/step
step  15200  loss 0.5168  h 0.0632  desc 0.4373  river 1.1837  22.8 ms/step
step  15300  loss 0.5217  h 0.0694  desc 0.4380  river 1.1604  22.8 ms/step
step  15400  loss 0.5076  h 0.0688  desc 0.4143  river 1.3295  22.8 ms/step
step  15500  loss 0.4732  h 0.0457  desc 0.4102  river 1.2104  22.8 ms/step
step  15600  loss 0.4840  h 0.0596  desc 0.4088  river 1.2932  22.8 ms/step
step  15700  loss 0.5144  h 0.0573  desc 0.4402  river 1.2230  22.8 ms/step
step  15800  loss 0.4871  h 0.0659  desc 0.4067  river 1.2115  22.9 ms/step
step  15900  loss 0.5086  h 0.0573  desc 0.4309  river 1.1949  22.9 ms/step
step  16000  loss 0.5063  h 0.0463  desc 0.4445  river 1.2280  22.9 ms/step
  eval {'height': 0.0417, 'grad': 0.0465, 'desc': 0.3751, 'river': 1.2799, 'logacc': 0.4715, 'total': 0.4401, 'height_mae_m': 41.7038, 'river_iou': 0.0102, 'step': 16000}
step  16100  loss 0.5108  h 0.0508  desc 0.4418  river 1.1938  22.9 ms/step
step  16200  loss 0.4874  h 0.0666  desc 0.4022  river 1.2663  22.9 ms/step
step  16300  loss 0.4573  h 0.0429  desc 0.3975  river 1.1697  22.9 ms/step
step  16400  loss 0.4950  h 0.0596  desc 0.4158  river 1.3175  22.9 ms/step
step  16500  loss 0.4819  h 0.0547  desc 0.4100  river 1.1873  22.9 ms/step
step  16600  loss 0.5019  h 0.0666  desc 0.4202  river 1.2350  22.9 ms/step
step  16700  loss 0.5012  h 0.0560  desc 0.4257  river 1.2479  22.9 ms/step
step  16800  loss 0.5099  h 0.0582  desc 0.4337  river 1.2592  22.9 ms/step
step  16900  loss 0.4759  h 0.0586  desc 0.4019  river 1.2643  23.0 ms/step
step  17000  loss 0.4807  h 0.0484  desc 0.4147  river 1.2383  23.0 ms/step
  eval {'height': 0.0401, 'grad': 0.0468, 'desc': 0.3746, 'river': 1.2781, 'logacc': 0.4668, 'total': 0.4382, 'height_mae_m': 40.1231, 'river_iou': 0.0051, 'step': 17000}
step  17100  loss 0.5016  h 0.0674  desc 0.4149  river 1.2766  23.0 ms/step
step  17200  loss 0.5174  h 0.0773  desc 0.4261  river 1.2571  23.0 ms/step
step  17300  loss 0.5120  h 0.0541  desc 0.4416  river 1.1769  23.0 ms/step
step  17400  loss 0.4671  h 0.0428  desc 0.4112  river 1.1454  23.0 ms/step
step  17500  loss 0.4686  h 0.0516  desc 0.4023  river 1.2872  23.0 ms/step
step  17600  loss 0.4899  h 0.0497  desc 0.4240  river 1.1396  23.0 ms/step
step  17700  loss 0.5066  h 0.0709  desc 0.4174  river 1.2931  23.0 ms/step
step  17800  loss 0.4867  h 0.0699  desc 0.3998  river 1.3067  23.0 ms/step
step  17900  loss 0.4974  h 0.0713  desc 0.4053  river 1.2392  23.0 ms/step
step  18000  loss 0.4904  h 0.0597  desc 0.4153  river 1.2650  23.0 ms/step
  eval {'height': 0.0401, 'grad': 0.0462, 'desc': 0.3746, 'river': 1.2782, 'logacc': 0.463, 'total': 0.4378, 'height_mae_m': 40.1445, 'river_iou': 0.0019, 'step': 18000}
step  18100  loss 0.4815  h 0.0515  desc 0.4132  river 1.2275  23.0 ms/step
step  18200  loss 0.4679  h 0.0480  desc 0.4058  river 1.2540  23.0 ms/step
step  18300  loss 0.4622  h 0.0431  desc 0.4021  river 1.2267  23.0 ms/step
step  18400  loss 0.4501  h 0.0381  desc 0.3986  river 1.1536  23.0 ms/step
step  18500  loss 0.5098  h 0.0618  desc 0.4316  river 1.1784  23.0 ms/step
step  18600  loss 0.4869  h 0.0638  desc 0.4058  river 1.2556  23.0 ms/step
step  18700  loss 0.4587  h 0.0401  desc 0.4018  river 1.2485  23.0 ms/step
step  18800  loss 0.4979  h 0.0438  desc 0.4399  river 1.1990  23.0 ms/step
step  18900  loss 0.4728  h 0.0427  desc 0.4137  river 1.1872  23.0 ms/step
step  19000  loss 0.4871  h 0.0549  desc 0.4137  river 1.2378  23.0 ms/step
  eval {'height': 0.041, 'grad': 0.0463, 'desc': 0.3765, 'river': 1.2767, 'logacc': 0.4622, 'total': 0.4407, 'height_mae_m': 41.0111, 'river_iou': 0.0011, 'step': 19000}
step  19100  loss 0.4782  h 0.0501  desc 0.4117  river 1.1773  23.0 ms/step
step  19200  loss 0.4680  h 0.0476  desc 0.4041  river 1.2158  23.0 ms/step
step  19300  loss 0.4832  h 0.0640  desc 0.4036  river 1.2534  23.0 ms/step
step  19400  loss 0.4753  h 0.0442  desc 0.4166  river 1.1861  23.0 ms/step
step  19500  loss 0.4960  h 0.0629  desc 0.4136  river 1.2180  23.0 ms/step
step  19600  loss 0.4448  h 0.0461  desc 0.3810  river 1.2651  23.0 ms/step
step  19700  loss 0.4529  h 0.0479  desc 0.3846  river 1.2480  23.0 ms/step
step  19800  loss 0.4954  h 0.0638  desc 0.4144  river 1.2708  23.0 ms/step
step  19900  loss 0.5217  h 0.0802  desc 0.4236  river 1.1810  23.0 ms/step
step  20000  loss 0.4773  h 0.0411  desc 0.4209  river 1.2997  23.0 ms/step
  eval {'height': 0.0403, 'grad': 0.0461, 'desc': 0.3747, 'river': 1.2758, 'logacc': 0.4612, 'total': 0.438, 'height_mae_m': 40.3211, 'river_iou': 0.0008, 'step': 20000}
step  20100  loss 0.4783  h 0.0477  desc 0.4131  river 1.1992  23.0 ms/step
step  20200  loss 0.4653  h 0.0435  desc 0.4072  river 1.2209  23.0 ms/step
step  20300  loss 0.4766  h 0.0475  desc 0.4120  river 1.2245  23.0 ms/step
step  20400  loss 0.4735  h 0.0502  desc 0.4080  river 1.2509  23.0 ms/step
step  20500  loss 0.4744  h 0.0639  desc 0.3929  river 1.1716  23.0 ms/step
step  20600  loss 0.5129  h 0.0701  desc 0.4234  river 1.3299  23.0 ms/step
step  20700  loss 0.4977  h 0.0587  desc 0.4247  river 1.2257  23.0 ms/step
step  20800  loss 0.4623  h 0.0578  desc 0.3871  river 1.2125  23.0 ms/step
step  20900  loss 0.4711  h 0.0508  desc 0.4047  river 1.2442  23.0 ms/step
step  21000  loss 0.5315  h 0.0838  desc 0.4309  river 1.1970  23.0 ms/step
  eval {'height': 0.0388, 'grad': 0.046, 'desc': 0.3726, 'river': 1.2745, 'logacc': 0.4587, 'total': 0.4344, 'height_mae_m': 38.8043, 'river_iou': 0.001, 'step': 21000}
step  21100  loss 0.5135  h 0.0661  desc 0.4322  river 1.2770  23.0 ms/step
step  21200  loss 0.4826  h 0.0524  desc 0.4125  river 1.2480  23.0 ms/step
step  21300  loss 0.4585  h 0.0444  desc 0.3978  river 1.2245  23.0 ms/step
step  21400  loss 0.5024  h 0.0630  desc 0.4230  river 1.2501  23.0 ms/step
step  21500  loss 0.5278  h 0.0676  desc 0.4455  river 1.2135  23.0 ms/step
step  21600  loss 0.5020  h 0.0672  desc 0.4166  river 1.2782  23.0 ms/step
step  21700  loss 0.4760  h 0.0374  desc 0.4258  river 1.2088  23.0 ms/step
step  21800  loss 0.4798  h 0.0578  desc 0.4098  river 1.1899  23.1 ms/step
step  21900  loss 0.4793  h 0.0621  desc 0.4011  river 1.2690  23.1 ms/step
step  22000  loss 0.4536  h 0.0485  desc 0.3897  river 1.2420  23.1 ms/step
  eval {'height': 0.0388, 'grad': 0.0458, 'desc': 0.3765, 'river': 1.2738, 'logacc': 0.4575, 'total': 0.4382, 'height_mae_m': 38.8223, 'river_iou': 0.0005, 'step': 22000}
step  22100  loss 0.5057  h 0.0682  desc 0.4196  river 1.2215  23.1 ms/step
step  22200  loss 0.4971  h 0.0693  desc 0.4114  river 1.2018  23.1 ms/step
step  22300  loss 0.5099  h 0.0570  desc 0.4351  river 1.2896  23.1 ms/step
step  22400  loss 0.4660  h 0.0495  desc 0.4025  river 1.2241  23.1 ms/step
step  22500  loss 0.4908  h 0.0551  desc 0.4180  river 1.2797  23.1 ms/step
step  22600  loss 0.4833  h 0.0533  desc 0.4146  river 1.1799  23.1 ms/step
step  22700  loss 0.4624  h 0.0557  desc 0.3897  river 1.3088  23.1 ms/step
step  22800  loss 0.5151  h 0.0580  desc 0.4359  river 1.1979  23.1 ms/step
step  22900  loss 0.4779  h 0.0568  desc 0.4021  river 1.2502  23.1 ms/step
step  23000  loss 0.4725  h 0.0389  desc 0.4203  river 1.2214  23.1 ms/step
  eval {'height': 0.0381, 'grad': 0.0457, 'desc': 0.3718, 'river': 1.2733, 'logacc': 0.4576, 'total': 0.4328, 'height_mae_m': 38.1212, 'river_iou': 0.0006, 'step': 23000}
step  23100  loss 0.5179  h 0.0447  desc 0.4583  river 1.2835  23.1 ms/step
step  23200  loss 0.4772  h 0.0509  desc 0.4105  river 1.2162  23.1 ms/step
step  23300  loss 0.4805  h 0.0514  desc 0.4134  river 1.1988  23.1 ms/step
step  23400  loss 0.4610  h 0.0389  desc 0.4071  river 1.2083  23.1 ms/step
step  23500  loss 0.4545  h 0.0465  desc 0.3920  river 1.2864  23.1 ms/step
step  23600  loss 0.4800  h 0.0618  desc 0.3969  river 1.2421  23.1 ms/step
step  23700  loss 0.5048  h 0.0561  desc 0.4339  river 1.1916  23.1 ms/step
step  23800  loss 0.4652  h 0.0391  desc 0.4096  river 1.2279  23.1 ms/step
step  23900  loss 0.4659  h 0.0451  desc 0.4043  river 1.1876  23.1 ms/step
step  24000  loss 0.4673  h 0.0564  desc 0.3935  river 1.2798  23.1 ms/step
  eval {'height': 0.0395, 'grad': 0.0457, 'desc': 0.3732, 'river': 1.2728, 'logacc': 0.4552, 'total': 0.4356, 'height_mae_m': 39.5088, 'river_iou': 0.0005, 'step': 24000}
step  24100  loss 0.4782  h 0.0491  desc 0.4111  river 1.3027  23.1 ms/step
step  24200  loss 0.4455  h 0.0432  desc 0.3867  river 1.2847  23.1 ms/step
step  24300  loss 0.5136  h 0.0773  desc 0.4177  river 1.2139  23.1 ms/step
step  24400  loss 0.4754  h 0.0482  desc 0.4119  river 1.2171  23.1 ms/step
step  24500  loss 0.5071  h 0.0505  desc 0.4381  river 1.2561  23.1 ms/step
step  24600  loss 0.4647  h 0.0508  desc 0.3949  river 1.2389  23.1 ms/step
step  24700  loss 0.4887  h 0.0561  desc 0.4156  river 1.3054  23.1 ms/step
step  24800  loss 0.4741  h 0.0561  desc 0.4002  river 1.2626  23.1 ms/step
step  24900  loss 0.4678  h 0.0400  desc 0.4126  river 1.2211  23.1 ms/step
step  25000  loss 0.4869  h 0.0825  desc 0.3856  river 1.2375  23.1 ms/step
  eval {'height': 0.0393, 'grad': 0.0456, 'desc': 0.3727, 'river': 1.2721, 'logacc': 0.4525, 'total': 0.4347, 'height_mae_m': 39.2823, 'river_iou': 0.0004, 'step': 25000}
step  25100  loss 0.5071  h 0.0993  desc 0.3877  river 1.2163  23.1 ms/step
step  25200  loss 0.4606  h 0.0468  desc 0.3959  river 1.2558  23.1 ms/step
step  25300  loss 0.4578  h 0.0462  desc 0.3968  river 1.1862  23.1 ms/step
step  25400  loss 0.4770  h 0.0443  desc 0.4191  river 1.2416  23.1 ms/step
step  25500  loss 0.5272  h 0.0862  desc 0.4230  river 1.2558  23.1 ms/step
step  25600  loss 0.4791  h 0.0517  desc 0.4102  river 1.2858  23.1 ms/step
step  25700  loss 0.4775  h 0.0449  desc 0.4177  river 1.1512  23.1 ms/step
step  25800  loss 0.4694  h 0.0475  desc 0.4060  river 1.1595  23.1 ms/step
step  25900  loss 0.4738  h 0.0560  desc 0.4003  river 1.2468  23.1 ms/step
step  26000  loss 0.4689  h 0.0524  desc 0.3984  river 1.2731  23.1 ms/step
  eval {'height': 0.0394, 'grad': 0.0455, 'desc': 0.3733, 'river': 1.2716, 'logacc': 0.4522, 'total': 0.4354, 'height_mae_m': 39.4061, 'river_iou': 0.0005, 'step': 26000}
step  26100  loss 0.4774  h 0.0465  desc 0.4155  river 1.2058  23.1 ms/step
step  26200  loss 0.4819  h 0.0431  desc 0.4223  river 1.1652  23.1 ms/step
step  26300  loss 0.4645  h 0.0548  desc 0.3918  river 1.2716  23.1 ms/step
step  26400  loss 0.4594  h 0.0383  desc 0.4071  river 1.2079  23.1 ms/step
step  26500  loss 0.4842  h 0.0455  desc 0.4223  river 1.2501  23.1 ms/step
step  26600  loss 0.4514  h 0.0399  desc 0.3983  river 1.1659  23.1 ms/step
step  26700  loss 0.4721  h 0.0469  desc 0.4076  river 1.2018  23.1 ms/step
step  26800  loss 0.4789  h 0.0462  desc 0.4162  river 1.2090  23.1 ms/step
step  26900  loss 0.4837  h 0.0502  desc 0.4179  river 1.1934  23.1 ms/step
step  27000  loss 0.4524  h 0.0379  desc 0.3980  river 1.2707  23.1 ms/step
  eval {'height': 0.0384, 'grad': 0.0452, 'desc': 0.3722, 'river': 1.2709, 'logacc': 0.4511, 'total': 0.4332, 'height_mae_m': 38.4275, 'river_iou': 0.0003, 'step': 27000}
step  27100  loss 0.5005  h 0.0632  desc 0.4211  river 1.1699  23.1 ms/step
step  27200  loss 0.4770  h 0.0428  desc 0.4180  river 1.1995  23.1 ms/step
step  27300  loss 0.4520  h 0.0392  desc 0.4005  river 1.2242  23.1 ms/step
step  27400  loss 0.4895  h 0.0496  desc 0.4256  river 1.1894  23.1 ms/step
step  27500  loss 0.4635  h 0.0477  desc 0.3983  river 1.2716  23.1 ms/step
step  27600  loss 0.4765  h 0.0533  desc 0.4087  river 1.1828  23.1 ms/step
step  27700  loss 0.4929  h 0.0515  desc 0.4242  river 1.2131  23.1 ms/step
step  27800  loss 0.4715  h 0.0611  desc 0.3936  river 1.2133  23.1 ms/step
step  27900  loss 0.4883  h 0.0588  desc 0.4140  river 1.2369  23.1 ms/step
step  28000  loss 0.4575  h 0.0389  desc 0.4037  river 1.1734  23.1 ms/step
  eval {'height': 0.0378, 'grad': 0.0453, 'desc': 0.3742, 'river': 1.2708, 'logacc': 0.4492, 'total': 0.4346, 'height_mae_m': 37.8318, 'river_iou': 0.0004, 'step': 28000}
step  28100  loss 0.4657  h 0.0421  desc 0.4096  river 1.2181  23.1 ms/step
step  28200  loss 0.4835  h 0.0409  desc 0.4275  river 1.1369  23.1 ms/step
step  28300  loss 0.4460  h 0.0360  desc 0.3942  river 1.2006  23.1 ms/step
step  28400  loss 0.4794  h 0.0583  desc 0.4053  river 1.2455  23.1 ms/step
step  28500  loss 0.4808  h 0.0524  desc 0.4096  river 1.2178  23.1 ms/step
step  28600  loss 0.4800  h 0.0518  desc 0.4130  river 1.1410  23.1 ms/step
step  28700  loss 0.4944  h 0.0692  desc 0.4090  river 1.1571  23.1 ms/step
step  28800  loss 0.4920  h 0.0620  desc 0.4123  river 1.1948  23.1 ms/step
step  28900  loss 0.4905  h 0.0702  desc 0.4065  river 1.2794  23.1 ms/step
step  29000  loss 0.4965  h 0.0703  desc 0.4078  river 1.2476  23.1 ms/step
  eval {'height': 0.0382, 'grad': 0.0452, 'desc': 0.3744, 'river': 1.2706, 'logacc': 0.4498, 'total': 0.4352, 'height_mae_m': 38.1765, 'river_iou': 0.0003, 'step': 29000}
step  29100  loss 0.4458  h 0.0383  desc 0.3944  river 1.2769  23.1 ms/step
step  29200  loss 0.4638  h 0.0479  desc 0.3989  river 1.2997  23.1 ms/step
step  29300  loss 0.4655  h 0.0500  desc 0.4011  river 1.2584  23.0 ms/step
step  29400  loss 0.4873  h 0.0661  desc 0.4036  river 1.2054  23.0 ms/step
step  29500  loss 0.4806  h 0.0519  desc 0.4128  river 1.2079  23.0 ms/step
step  29600  loss 0.4619  h 0.0453  desc 0.4010  river 1.2641  23.0 ms/step
step  29700  loss 0.4980  h 0.0715  desc 0.4096  river 1.2127  23.0 ms/step
step  29800  loss 0.4644  h 0.0442  desc 0.4031  river 1.1886  23.0 ms/step
step  29900  loss 0.4447  h 0.0479  desc 0.3792  river 1.2207  23.0 ms/step
step  30000  loss 0.4869  h 0.0527  desc 0.4136  river 1.2615  23.0 ms/step
  eval {'height': 0.0383, 'grad': 0.0452, 'desc': 0.3737, 'river': 1.2703, 'logacc': 0.4495, 'total': 0.4346, 'height_mae_m': 38.2815, 'river_iou': 0.0003, 'step': 30000}
step  30100  loss 0.4831  h 0.0488  desc 0.4157  river 1.1826  23.0 ms/step
step  30200  loss 0.4684  h 0.0526  desc 0.3990  river 1.3020  23.0 ms/step
step  30300  loss 0.4895  h 0.0476  desc 0.4249  river 1.1981  23.0 ms/step
step  30400  loss 0.4754  h 0.0444  desc 0.4155  river 1.1666  23.0 ms/step
step  30500  loss 0.4824  h 0.0590  desc 0.4037  river 1.2345  23.0 ms/step
step  30600  loss 0.4695  h 0.0477  desc 0.4065  river 1.2138  23.0 ms/step
step  30700  loss 0.4606  h 0.0470  desc 0.3954  river 1.2278  23.0 ms/step
step  30800  loss 0.4540  h 0.0476  desc 0.3919  river 1.1916  23.0 ms/step
step  30900  loss 0.4208  h 0.0446  desc 0.3613  river 1.3085  23.0 ms/step
step  31000  loss 0.4664  h 0.0440  desc 0.4085  river 1.2416  23.0 ms/step
  eval {'height': 0.0386, 'grad': 0.0451, 'desc': 0.3716, 'river': 1.2704, 'logacc': 0.4496, 'total': 0.4327, 'height_mae_m': 38.6206, 'river_iou': 0.0002, 'step': 31000}
step  31100  loss 0.4704  h 0.0531  desc 0.4002  river 1.1780  23.0 ms/step
step  31200  loss 0.4712  h 0.0409  desc 0.4141  river 1.2222  23.0 ms/step
step  31300  loss 0.4617  h 0.0506  desc 0.3973  river 1.1918  23.0 ms/step
step  31400  loss 0.4569  h 0.0466  desc 0.3927  river 1.2319  23.0 ms/step
step  31500  loss 0.4707  h 0.0460  desc 0.4087  river 1.2561  23.0 ms/step
step  31600  loss 0.5192  h 0.0779  desc 0.4228  river 1.1746  23.0 ms/step
step  31700  loss 0.4885  h 0.0619  desc 0.4069  river 1.2224  23.0 ms/step
step  31800  loss 0.5003  h 0.0511  desc 0.4317  river 1.2522  23.0 ms/step
step  31900  loss 0.4680  h 0.0484  desc 0.4060  river 1.2238  23.0 ms/step
step  32000  loss 0.4554  h 0.0456  desc 0.3938  river 1.2255  23.0 ms/step
  eval {'height': 0.0386, 'grad': 0.045, 'desc': 0.3716, 'river': 1.2699, 'logacc': 0.4478, 'total': 0.4327, 'height_mae_m': 38.6088, 'river_iou': 0.0002, 'step': 32000}
step  32100  loss 0.4738  h 0.0449  desc 0.4126  river 1.2698  23.0 ms/step
step  32200  loss 0.4985  h 0.0563  desc 0.4226  river 1.2652  23.0 ms/step
step  32300  loss 0.4698  h 0.0464  desc 0.4068  river 1.2781  23.0 ms/step
step  32400  loss 0.5247  h 0.0786  desc 0.4281  river 1.1817  23.0 ms/step
step  32500  loss 0.4849  h 0.0673  desc 0.4021  river 1.2414  23.0 ms/step
step  32600  loss 0.4946  h 0.0654  desc 0.4119  river 1.1591  23.0 ms/step
step  32700  loss 0.5234  h 0.0902  desc 0.4169  river 1.1721  23.0 ms/step
step  32800  loss 0.4731  h 0.0548  desc 0.4040  river 1.2387  23.0 ms/step
step  32900  loss 0.4796  h 0.0563  desc 0.4079  river 1.2129  23.0 ms/step
step  33000  loss 0.4923  h 0.0649  desc 0.4122  river 1.2547  23.0 ms/step
  eval {'height': 0.038, 'grad': 0.0449, 'desc': 0.3724, 'river': 1.2697, 'logacc': 0.4466, 'total': 0.4328, 'height_mae_m': 37.9601, 'river_iou': 0.0002, 'step': 33000}
step  33100  loss 0.4649  h 0.0450  desc 0.4073  river 1.1762  23.0 ms/step
step  33200  loss 0.4693  h 0.0437  desc 0.4120  river 1.2349  23.0 ms/step
step  33300  loss 0.4599  h 0.0444  desc 0.3983  river 1.2551  23.0 ms/step
step  33400  loss 0.4602  h 0.0519  desc 0.3904  river 1.2410  23.0 ms/step
step  33500  loss 0.4665  h 0.0414  desc 0.4116  river 1.2252  23.0 ms/step
step  33600  loss 0.4865  h 0.0561  desc 0.4128  river 1.2202  23.0 ms/step
step  33700  loss 0.4785  h 0.0444  desc 0.4180  river 1.1839  23.0 ms/step
step  33800  loss 0.4852  h 0.0641  desc 0.4029  river 1.2769  23.0 ms/step
step  33900  loss 0.4767  h 0.0496  desc 0.4086  river 1.1565  23.0 ms/step
step  34000  loss 0.4656  h 0.0435  desc 0.4065  river 1.2373  23.0 ms/step
  eval {'height': 0.038, 'grad': 0.0449, 'desc': 0.3721, 'river': 1.2701, 'logacc': 0.4477, 'total': 0.4326, 'height_mae_m': 37.9826, 'river_iou': 0.0002, 'step': 34000}
step  34100  loss 0.4763  h 0.0521  desc 0.4069  river 1.1949  23.0 ms/step
step  34200  loss 0.4551  h 0.0439  desc 0.3960  river 1.2384  23.0 ms/step
step  34300  loss 0.5050  h 0.0584  desc 0.4301  river 1.2639  23.0 ms/step
step  34400  loss 0.4748  h 0.0622  desc 0.3937  river 1.2196  23.0 ms/step
step  34500  loss 0.4735  h 0.0482  desc 0.4077  river 1.2273  23.0 ms/step
step  34600  loss 0.4581  h 0.0474  desc 0.3909  river 1.2241  23.0 ms/step
step  34700  loss 0.4833  h 0.0598  desc 0.4063  river 1.1638  23.0 ms/step
step  34800  loss 0.4536  h 0.0379  desc 0.4006  river 1.1992  23.0 ms/step
step  34900  loss 0.4593  h 0.0519  desc 0.3898  river 1.2846  23.0 ms/step
step  35000  loss 0.4735  h 0.0454  desc 0.4125  river 1.1196  23.0 ms/step
  eval {'height': 0.0382, 'grad': 0.0449, 'desc': 0.3725, 'river': 1.2699, 'logacc': 0.4467, 'total': 0.4331, 'height_mae_m': 38.2297, 'river_iou': 0.0002, 'step': 35000}
step  35100  loss 0.4417  h 0.0349  desc 0.3924  river 1.2780  23.0 ms/step
step  35200  loss 0.4495  h 0.0418  desc 0.3937  river 1.2585  23.0 ms/step
step  35300  loss 0.4657  h 0.0556  desc 0.3958  river 1.2854  23.0 ms/step
step  35400  loss 0.4483  h 0.0362  desc 0.3976  river 1.1718  23.0 ms/step
step  35500  loss 0.4939  h 0.0760  desc 0.4001  river 1.2821  23.0 ms/step
step  35600  loss 0.4480  h 0.0457  desc 0.3868  river 1.2241  23.0 ms/step
step  35700  loss 0.4989  h 0.0603  desc 0.4198  river 1.2067  23.0 ms/step
step  35800  loss 0.4757  h 0.0563  desc 0.4050  river 1.2216  23.0 ms/step
step  35900  loss 0.4625  h 0.0562  desc 0.3908  river 1.1754  23.0 ms/step
step  36000  loss 0.4625  h 0.0494  desc 0.3924  river 1.2810  23.0 ms/step
  eval {'height': 0.0381, 'grad': 0.0449, 'desc': 0.3732, 'river': 1.2699, 'logacc': 0.4464, 'total': 0.4338, 'height_mae_m': 38.14, 'river_iou': 0.0002, 'step': 36000}
step  36100  loss 0.4665  h 0.0456  desc 0.4039  river 1.2402  23.0 ms/step
step  36200  loss 0.4637  h 0.0645  desc 0.3805  river 1.2412  23.0 ms/step
step  36300  loss 0.4709  h 0.0641  desc 0.3892  river 1.2817  23.0 ms/step
step  36400  loss 0.4555  h 0.0451  desc 0.3918  river 1.2461  23.0 ms/step
step  36500  loss 0.4955  h 0.0585  desc 0.4218  river 1.2607  23.0 ms/step
step  36600  loss 0.4815  h 0.0580  desc 0.4082  river 1.2675  23.0 ms/step
step  36700  loss 0.4478  h 0.0431  desc 0.3896  river 1.1742  23.0 ms/step
step  36800  loss 0.4557  h 0.0510  desc 0.3882  river 1.2370  23.0 ms/step
step  36900  loss 0.4980  h 0.0641  desc 0.4161  river 1.2299  23.0 ms/step
step  37000  loss 0.4607  h 0.0439  desc 0.3996  river 1.2276  23.0 ms/step
  eval {'height': 0.038, 'grad': 0.0448, 'desc': 0.3717, 'river': 1.2699, 'logacc': 0.4462, 'total': 0.432, 'height_mae_m': 37.9579, 'river_iou': 0.0002, 'step': 37000}
step  37100  loss 0.4392  h 0.0493  desc 0.3732  river 1.2430  23.0 ms/step
step  37200  loss 0.4748  h 0.0492  desc 0.4073  river 1.2180  23.0 ms/step
step  37300  loss 0.4754  h 0.0453  desc 0.4131  river 1.2113  23.0 ms/step
step  37400  loss 0.4537  h 0.0454  desc 0.3918  river 1.2326  23.0 ms/step
step  37500  loss 0.4514  h 0.0420  desc 0.3956  river 1.2245  23.0 ms/step
step  37600  loss 0.4522  h 0.0516  desc 0.3837  river 1.2864  23.0 ms/step
step  37700  loss 0.4519  h 0.0481  desc 0.3875  river 1.2401  23.0 ms/step
step  37800  loss 0.4501  h 0.0370  desc 0.3997  river 1.2274  23.0 ms/step
step  37900  loss 0.4792  h 0.0406  desc 0.4220  river 1.2174  23.0 ms/step
step  38000  loss 0.4470  h 0.0454  desc 0.3854  river 1.2286  23.0 ms/step
  eval {'height': 0.038, 'grad': 0.0448, 'desc': 0.3723, 'river': 1.2698, 'logacc': 0.4463, 'total': 0.4327, 'height_mae_m': 38.03, 'river_iou': 0.0002, 'step': 38000}
step  38100  loss 0.4875  h 0.0599  desc 0.4097  river 1.2690  23.0 ms/step
step  38200  loss 0.5283  h 0.0908  desc 0.4164  river 1.2940  23.0 ms/step
step  38300  loss 0.4636  h 0.0562  desc 0.3886  river 1.2725  23.0 ms/step
step  38400  loss 0.4638  h 0.0440  desc 0.4061  river 1.2272  23.0 ms/step
step  38500  loss 0.4573  h 0.0532  desc 0.3887  river 1.1890  23.0 ms/step
step  38600  loss 0.4625  h 0.0464  desc 0.3999  river 1.1651  23.0 ms/step
step  38700  loss 0.4781  h 0.0469  desc 0.4135  river 1.2546  23.0 ms/step
step  38800  loss 0.4597  h 0.0536  desc 0.3871  river 1.2743  23.0 ms/step
step  38900  loss 0.4640  h 0.0451  desc 0.4018  river 1.2675  23.0 ms/step
step  39000  loss 0.4656  h 0.0562  desc 0.3940  river 1.2400  23.0 ms/step
  eval {'height': 0.038, 'grad': 0.0448, 'desc': 0.3727, 'river': 1.2698, 'logacc': 0.4461, 'total': 0.4331, 'height_mae_m': 38.0343, 'river_iou': 0.0002, 'step': 39000}
step  39100  loss 0.4710  h 0.0513  desc 0.4024  river 1.2287  23.0 ms/step
step  39200  loss 0.4306  h 0.0359  desc 0.3827  river 1.2044  22.9 ms/step
step  39300  loss 0.4503  h 0.0471  desc 0.3873  river 1.2192  22.9 ms/step
step  39400  loss 0.4655  h 0.0452  desc 0.4025  river 1.2294  22.9 ms/step
step  39500  loss 0.4748  h 0.0614  desc 0.3937  river 1.3086  22.9 ms/step
step  39600  loss 0.4642  h 0.0404  desc 0.4089  river 1.1849  22.9 ms/step
step  39700  loss 0.5056  h 0.0757  desc 0.4130  river 1.2617  22.9 ms/step
step  39800  loss 0.4632  h 0.0509  desc 0.3967  river 1.2415  22.9 ms/step
step  39900  loss 0.4655  h 0.0416  desc 0.4078  river 1.2010  22.9 ms/step
step  40000  loss 0.4596  h 0.0494  desc 0.3907  river 1.2811  22.9 ms/step
  eval {'height': 0.038, 'grad': 0.0448, 'desc': 0.3726, 'river': 1.2698, 'logacc': 0.4461, 'total': 0.433, 'height_mae_m': 38.0355, 'river_iou': 0.0002, 'step': 40000}
done in 15.3 min; best val loss 0.4320
