planner 442,160 params; regions ['alps', 'borneo', 'colorado_plateau', 'east_africa', 'great_plains', 'norway', 'sahara_erg']; 17,783,829 train corners, 315 val crops
step    100  loss 2.1137  h 0.1867  desc 0.6553  river 1.0447  61.7 ms/step
step    200  loss 1.6149  h 0.1115  desc 0.5352  river 0.7375  41.8 ms/step
step    300  loss 1.4831  h 0.1137  desc 0.4784  river 0.6823  35.0 ms/step
step    400  loss 1.4058  h 0.0974  desc 0.5086  river 0.5835  31.5 ms/step
step    500  loss 1.4786  h 0.1167  desc 0.4750  river 0.6725  29.5 ms/step
step    600  loss 1.2375  h 0.1006  desc 0.4890  river 0.4483  28.1 ms/step
step    700  loss 1.1938  h 0.0732  desc 0.4584  river 0.4778  27.0 ms/step
step    800  loss 1.3365  h 0.1126  desc 0.4819  river 0.5565  26.2 ms/step
step    900  loss 1.3973  h 0.0949  desc 0.4639  river 0.6367  25.6 ms/step
step   1000  loss 1.2386  h 0.0649  desc 0.4833  river 0.5044  25.1 ms/step
step   1100  loss 1.1956  h 0.1001  desc 0.5374  river 0.3752  24.7 ms/step
step   1200  loss 1.1570  h 0.0921  desc 0.4466  river 0.4316  24.4 ms/step
step   1300  loss 1.2362  h 0.0728  desc 0.4813  river 0.5023  24.1 ms/step
step   1400  loss 1.3252  h 0.1031  desc 0.4840  river 0.5445  23.9 ms/step
step   1500  loss 1.1581  h 0.0799  desc 0.4689  river 0.4322  23.6 ms/step
step   1600  loss 1.2920  h 0.1075  desc 0.4469  river 0.5546  23.5 ms/step
step   1700  loss 1.1421  h 0.0661  desc 0.4501  river 0.4541  23.3 ms/step
step   1800  loss 1.3499  h 0.1040  desc 0.4684  river 0.5893  23.1 ms/step
step   1900  loss 1.2186  h 0.0760  desc 0.4544  river 0.5091  23.0 ms/step
step   2000  loss 1.3063  h 0.0795  desc 0.4554  river 0.5864  22.9 ms/step
  eval {'height': 0.0543, 'grad': 0.0572, 'desc': 0.4014, 'river': 0.9099, 'logacc': 0.1733, 'total': 1.5674, 'height_mae_m': 54.2924, 'river_iou': 0.0029, 'step': 2000}
step   2100  loss 1.3571  h 0.0815  desc 0.5034  river 0.5936  22.8 ms/step
step   2200  loss 1.1594  h 0.0564  desc 0.4575  river 0.4718  22.7 ms/step
step   2300  loss 1.2328  h 0.0762  desc 0.4387  river 0.5365  22.6 ms/step
step   2400  loss 1.2783  h 0.0992  desc 0.4746  river 0.5229  22.5 ms/step
step   2500  loss 1.2035  h 0.0775  desc 0.4375  river 0.5093  22.4 ms/step
step   2600  loss 1.2003  h 0.0514  desc 0.4777  river 0.4986  22.3 ms/step
step   2700  loss 1.1107  h 0.0693  desc 0.4317  river 0.4368  22.3 ms/step
step   2800  loss 1.1474  h 0.0905  desc 0.4612  river 0.4250  22.2 ms/step
step   2900  loss 1.1395  h 0.0655  desc 0.4395  river 0.4694  22.1 ms/step
step   3000  loss 1.1780  h 0.0675  desc 0.4538  river 0.4831  22.1 ms/step
step   3100  loss 1.1980  h 0.0828  desc 0.4198  river 0.5184  22.0 ms/step
step   3200  loss 1.4248  h 0.0606  desc 0.4855  river 0.6926  22.0 ms/step
step   3300  loss 1.2304  h 0.0537  desc 0.4529  river 0.5474  22.0 ms/step
step   3400  loss 1.2517  h 0.0842  desc 0.4579  river 0.5269  22.0 ms/step
step   3500  loss 1.2438  h 0.0668  desc 0.4463  river 0.5581  21.9 ms/step
step   3600  loss 1.2323  h 0.0779  desc 0.4351  river 0.5382  21.9 ms/step
step   3700  loss 1.1404  h 0.0696  desc 0.4564  river 0.4483  21.9 ms/step
step   3800  loss 1.2108  h 0.0638  desc 0.4234  river 0.5476  21.8 ms/step
step   3900  loss 1.1567  h 0.0552  desc 0.4339  river 0.4943  21.8 ms/step
step   4000  loss 1.3169  h 0.0738  desc 0.4398  river 0.6189  21.8 ms/step
  eval {'height': 0.0589, 'grad': 0.0538, 'desc': 0.3964, 'river': 0.8765, 'logacc': 0.1685, 'total': 1.5272, 'height_mae_m': 58.9413, 'river_iou': 0.0901, 'step': 4000}
step   4100  loss 1.1467  h 0.0595  desc 0.4434  river 0.4682  21.8 ms/step
step   4200  loss 1.2112  h 0.0616  desc 0.4874  river 0.4947  21.7 ms/step
step   4300  loss 1.2708  h 0.0845  desc 0.4408  river 0.5630  21.7 ms/step
step   4400  loss 1.1116  h 0.0707  desc 0.4294  river 0.4383  21.7 ms/step
step   4500  loss 1.1683  h 0.0637  desc 0.4539  river 0.4801  21.7 ms/step
step   4600  loss 1.2806  h 0.0700  desc 0.4698  river 0.5672  21.6 ms/step
step   4700  loss 1.1500  h 0.0690  desc 0.4480  river 0.4655  21.6 ms/step
step   4800  loss 1.1503  h 0.0739  desc 0.4274  river 0.4785  21.6 ms/step
step   4900  loss 1.1537  h 0.0615  desc 0.4145  river 0.4997  21.6 ms/step
step   5000  loss 1.1502  h 0.0955  desc 0.4215  river 0.4629  21.6 ms/step
step   5100  loss 1.0790  h 0.0734  desc 0.4338  river 0.4114  21.6 ms/step
step   5200  loss 1.1099  h 0.0614  desc 0.4668  river 0.4115  21.5 ms/step
step   5300  loss 1.1758  h 0.0627  desc 0.4636  river 0.4783  21.5 ms/step
step   5400  loss 1.1674  h 0.0696  desc 0.4345  river 0.4928  21.5 ms/step
step   5500  loss 1.0970  h 0.0500  desc 0.4329  river 0.4491  21.5 ms/step
step   5600  loss 1.2195  h 0.0523  desc 0.4495  river 0.5451  21.5 ms/step
step   5700  loss 1.2543  h 0.0609  desc 0.4655  river 0.5524  21.5 ms/step
step   5800  loss 1.0108  h 0.0534  desc 0.4434  river 0.3468  21.5 ms/step
step   5900  loss 1.2106  h 0.0865  desc 0.4362  river 0.5117  21.5 ms/step
step   6000  loss 1.2767  h 0.0627  desc 0.4443  river 0.5867  21.5 ms/step
  eval {'height': 0.0479, 'grad': 0.0517, 'desc': 0.3949, 'river': 0.8556, 'logacc': 0.1652, 'total': 1.4894, 'height_mae_m': 47.8808, 'river_iou': 0.0992, 'step': 6000}
step   6100  loss 1.1703  h 0.0621  desc 0.4390  river 0.4927  21.4 ms/step
step   6200  loss 1.1910  h 0.0786  desc 0.4493  river 0.4903  21.4 ms/step
step   6300  loss 1.2468  h 0.0816  desc 0.4395  river 0.5507  21.4 ms/step
step   6400  loss 1.2022  h 0.0568  desc 0.4301  river 0.5441  21.4 ms/step
step   6500  loss 1.2317  h 0.0652  desc 0.4674  river 0.5242  21.4 ms/step
step   6600  loss 1.2836  h 0.0633  desc 0.4583  river 0.5874  21.4 ms/step
step   6700  loss 1.1124  h 0.0675  desc 0.4554  river 0.4271  21.4 ms/step
step   6800  loss 1.0443  h 0.0589  desc 0.4372  river 0.3893  21.4 ms/step
step   6900  loss 1.0622  h 0.0784  desc 0.4163  river 0.4047  21.4 ms/step
step   7000  loss 1.2189  h 0.0732  desc 0.4526  river 0.5176  21.4 ms/step
step   7100  loss 1.2278  h 0.0688  desc 0.4265  river 0.5616  21.3 ms/step
step   7200  loss 1.0722  h 0.0662  desc 0.4356  river 0.4071  21.3 ms/step
step   7300  loss 1.0808  h 0.0560  desc 0.4229  river 0.4355  21.3 ms/step
step   7400  loss 1.1908  h 0.0542  desc 0.4257  river 0.5428  21.3 ms/step
step   7500  loss 1.0895  h 0.0542  desc 0.4054  river 0.4616  21.3 ms/step
step   7600  loss 1.2161  h 0.0791  desc 0.4385  river 0.5317  21.3 ms/step
step   7700  loss 1.1895  h 0.0770  desc 0.4335  river 0.5079  21.3 ms/step
step   7800  loss 1.0525  h 0.0698  desc 0.4336  river 0.3915  21.3 ms/step
step   7900  loss 1.1318  h 0.0693  desc 0.4251  river 0.4667  21.3 ms/step
step   8000  loss 1.1888  h 0.0611  desc 0.4520  river 0.5052  21.3 ms/step
  eval {'height': 0.0485, 'grad': 0.0504, 'desc': 0.3909, 'river': 0.8568, 'logacc': 0.1665, 'total': 1.4879, 'height_mae_m': 48.4559, 'river_iou': 0.0625, 'step': 8000}
step   8100  loss 1.1706  h 0.0703  desc 0.4448  river 0.4823  21.3 ms/step
step   8200  loss 1.1024  h 0.0614  desc 0.4445  river 0.4304  21.3 ms/step
step   8300  loss 1.1889  h 0.0571  desc 0.4311  river 0.5278  21.3 ms/step
step   8400  loss 1.2189  h 0.0476  desc 0.4464  river 0.5541  21.3 ms/step
step   8500  loss 1.0885  h 0.0652  desc 0.4537  river 0.3990  21.3 ms/step
step   8600  loss 1.0616  h 0.0901  desc 0.4446  river 0.3665  21.3 ms/step
step   8700  loss 1.1024  h 0.0794  desc 0.4376  river 0.4193  21.3 ms/step
step   8800  loss 1.2004  h 0.0733  desc 0.4551  river 0.5004  21.3 ms/step
step   8900  loss 1.2562  h 0.0584  desc 0.4386  river 0.5862  21.3 ms/step
step   9000  loss 1.1015  h 0.0762  desc 0.4186  river 0.4360  21.3 ms/step
step   9100  loss 1.1769  h 0.0606  desc 0.4570  river 0.4904  21.3 ms/step
step   9200  loss 1.1530  h 0.0702  desc 0.4536  river 0.4637  21.3 ms/step
step   9300  loss 1.1176  h 0.0527  desc 0.4421  river 0.4601  21.3 ms/step
step   9400  loss 1.1332  h 0.0659  desc 0.4238  river 0.4775  21.3 ms/step
step   9500  loss 1.1369  h 0.0504  desc 0.4185  river 0.5008  21.3 ms/step
step   9600  loss 1.1682  h 0.0769  desc 0.4360  river 0.4835  21.2 ms/step
step   9700  loss 1.2046  h 0.0578  desc 0.4494  river 0.5257  21.2 ms/step
step   9800  loss 1.2288  h 0.0667  desc 0.4281  river 0.5621  21.2 ms/step
step   9900  loss 1.1147  h 0.0499  desc 0.4341  river 0.4688  21.2 ms/step
step  10000  loss 1.1117  h 0.0653  desc 0.4343  river 0.4522  21.2 ms/step
  eval {'height': 0.0459, 'grad': 0.0493, 'desc': 0.3876, 'river': 0.8489, 'logacc': 0.1625, 'total': 1.4695, 'height_mae_m': 45.9206, 'river_iou': 0.1661, 'step': 10000}
step  10100  loss 1.0145  h 0.0583  desc 0.4411  river 0.3528  21.2 ms/step
step  10200  loss 1.0566  h 0.0465  desc 0.4498  river 0.4015  21.2 ms/step
step  10300  loss 1.1456  h 0.0725  desc 0.4382  river 0.4720  21.2 ms/step
step  10400  loss 1.1027  h 0.0855  desc 0.4260  river 0.4358  21.2 ms/step
step  10500  loss 1.1600  h 0.0535  desc 0.4301  river 0.5097  21.2 ms/step
step  10600  loss 1.0893  h 0.0986  desc 0.4342  river 0.3917  21.2 ms/step
step  10700  loss 1.2193  h 0.0664  desc 0.4106  river 0.5737  21.2 ms/step
step  10800  loss 1.1332  h 0.0768  desc 0.4418  river 0.4488  21.2 ms/step
step  10900  loss 1.2198  h 0.0710  desc 0.4177  river 0.5592  21.2 ms/step
step  11000  loss 1.1530  h 0.1088  desc 0.4340  river 0.4505  21.2 ms/step
step  11100  loss 1.3143  h 0.0569  desc 0.4235  river 0.6579  21.2 ms/step
step  11200  loss 1.1851  h 0.0563  desc 0.4434  river 0.5199  21.2 ms/step
step  11300  loss 0.9738  h 0.0490  desc 0.4364  river 0.3354  21.2 ms/step
step  11400  loss 1.1929  h 0.0771  desc 0.4190  river 0.5214  21.2 ms/step
step  11500  loss 1.1661  h 0.0654  desc 0.4322  river 0.5063  21.2 ms/step
step  11600  loss 1.1711  h 0.0525  desc 0.4079  river 0.5448  21.2 ms/step
step  11700  loss 1.1880  h 0.0607  desc 0.4552  river 0.5034  21.2 ms/step
step  11800  loss 1.1551  h 0.0467  desc 0.4657  river 0.4748  21.2 ms/step
step  11900  loss 1.1402  h 0.0543  desc 0.4622  river 0.4578  21.2 ms/step
step  12000  loss 1.1717  h 0.0585  desc 0.4771  river 0.4693  21.2 ms/step
  eval {'height': 0.0443, 'grad': 0.0493, 'desc': 0.385, 'river': 0.8463, 'logacc': 0.1625, 'total': 1.4628, 'height_mae_m': 44.272, 'river_iou': 0.144, 'step': 12000}
step  12100  loss 1.1759  h 0.0442  desc 0.4448  river 0.5153  21.2 ms/step
step  12200  loss 1.1361  h 0.0799  desc 0.4643  river 0.4284  21.2 ms/step
step  12300  loss 1.0257  h 0.0666  desc 0.4574  river 0.3474  21.2 ms/step
step  12400  loss 1.1204  h 0.0533  desc 0.4341  river 0.4665  21.2 ms/step
step  12500  loss 1.1272  h 0.0542  desc 0.4610  river 0.4451  21.2 ms/step
step  12600  loss 1.0319  h 0.0689  desc 0.4285  river 0.3784  21.2 ms/step
step  12700  loss 1.2048  h 0.0609  desc 0.4537  river 0.5244  21.2 ms/step
step  12800  loss 1.1212  h 0.0522  desc 0.4187  river 0.4841  21.2 ms/step
step  12900  loss 1.1024  h 0.0802  desc 0.4344  river 0.4178  21.2 ms/step
step  13000  loss 1.0386  h 0.0416  desc 0.4590  river 0.3795  21.2 ms/step
step  13100  loss 1.2558  h 0.0702  desc 0.4546  river 0.5583  21.2 ms/step
step  13200  loss 1.1044  h 0.0841  desc 0.4383  river 0.4190  21.2 ms/step
step  13300  loss 1.0415  h 0.0609  desc 0.4193  river 0.4031  21.2 ms/step
step  13400  loss 1.1698  h 0.0499  desc 0.4229  river 0.5260  21.2 ms/step
step  13500  loss 0.9827  h 0.0597  desc 0.4163  river 0.3575  21.2 ms/step
step  13600  loss 1.0532  h 0.0518  desc 0.4201  river 0.4261  21.2 ms/step
step  13700  loss 1.1084  h 0.0429  desc 0.4452  river 0.4667  21.2 ms/step
step  13800  loss 1.0234  h 0.0747  desc 0.4244  river 0.3641  21.2 ms/step
step  13900  loss 1.2190  h 0.0550  desc 0.4376  river 0.5595  21.2 ms/step
step  14000  loss 0.9676  h 0.0828  desc 0.3978  river 0.3298  21.2 ms/step
  eval {'height': 0.049, 'grad': 0.0491, 'desc': 0.3867, 'river': 0.833, 'logacc': 0.1623, 'total': 1.4556, 'height_mae_m': 49.0404, 'river_iou': 0.1154, 'step': 14000}
step  14100  loss 1.1102  h 0.0570  desc 0.4230  river 0.4652  21.2 ms/step
step  14200  loss 1.1693  h 0.0446  desc 0.4491  river 0.5146  21.2 ms/step
step  14300  loss 1.0980  h 0.0557  desc 0.4217  river 0.4601  21.2 ms/step
step  14400  loss 1.2266  h 0.0818  desc 0.4554  river 0.5117  21.2 ms/step
step  14500  loss 1.1163  h 0.0474  desc 0.4548  river 0.4493  21.2 ms/step
step  14600  loss 1.1855  h 0.0693  desc 0.4223  river 0.5157  21.2 ms/step
step  14700  loss 1.0442  h 0.0846  desc 0.4258  river 0.3721  21.2 ms/step
step  14800  loss 1.0477  h 0.0544  desc 0.4110  river 0.4219  21.2 ms/step
step  14900  loss 1.1689  h 0.0512  desc 0.4420  river 0.5141  21.2 ms/step
step  15000  loss 1.1703  h 0.0516  desc 0.4539  river 0.5019  21.2 ms/step
step  15100  loss 1.2018  h 0.0777  desc 0.4562  river 0.5042  21.2 ms/step
step  15200  loss 1.0622  h 0.0683  desc 0.4269  river 0.4121  21.2 ms/step
step  15300  loss 1.1606  h 0.0670  desc 0.4506  river 0.4857  21.2 ms/step
step  15400  loss 1.0639  h 0.0728  desc 0.4268  river 0.3938  21.2 ms/step
step  15500  loss 1.0789  h 0.0508  desc 0.4223  river 0.4434  21.2 ms/step
step  15600  loss 1.2921  h 0.0622  desc 0.4226  river 0.6301  21.2 ms/step
step  15700  loss 1.2321  h 0.0587  desc 0.4522  river 0.5556  21.2 ms/step
step  15800  loss 1.2023  h 0.0666  desc 0.4204  river 0.5456  21.2 ms/step
step  15900  loss 1.1586  h 0.0589  desc 0.4465  river 0.4869  21.2 ms/step
step  16000  loss 1.0900  h 0.0510  desc 0.4529  river 0.4245  21.2 ms/step
  eval {'height': 0.0427, 'grad': 0.0483, 'desc': 0.3856, 'river': 0.8252, 'logacc': 0.1602, 'total': 1.4378, 'height_mae_m': 42.7052, 'river_iou': 0.1554, 'step': 16000}
step  16100  loss 1.1728  h 0.0539  desc 0.4523  river 0.5028  21.2 ms/step
step  16200  loss 1.2131  h 0.0672  desc 0.4130  river 0.5607  21.2 ms/step
step  16300  loss 1.0806  h 0.0446  desc 0.4113  river 0.4666  21.2 ms/step
step  16400  loss 1.1410  h 0.0592  desc 0.3999  river 0.5101  21.2 ms/step
step  16500  loss 1.0999  h 0.0589  desc 0.4204  river 0.4618  21.2 ms/step
step  16600  loss 1.1395  h 0.0666  desc 0.4284  river 0.4770  21.2 ms/step
step  16700  loss 1.1941  h 0.0593  desc 0.4361  river 0.5305  21.2 ms/step
step  16800  loss 1.2083  h 0.0621  desc 0.4501  river 0.5262  21.2 ms/step
step  16900  loss 1.0152  h 0.0619  desc 0.4163  river 0.3832  21.2 ms/step
step  17000  loss 1.1121  h 0.0506  desc 0.4305  river 0.4694  21.2 ms/step
step  17100  loss 1.0663  h 0.0743  desc 0.4238  river 0.4022  21.2 ms/step
step  17200  loss 1.2886  h 0.0762  desc 0.4406  river 0.6047  21.2 ms/step
step  17300  loss 1.0678  h 0.0543  desc 0.4502  river 0.4049  21.2 ms/step
step  17400  loss 1.0548  h 0.0423  desc 0.4252  river 0.4351  21.2 ms/step
step  17500  loss 1.2609  h 0.0537  desc 0.4192  river 0.6116  21.2 ms/step
step  17600  loss 1.0860  h 0.0495  desc 0.4350  river 0.4440  21.2 ms/step
step  17700  loss 1.2919  h 0.0743  desc 0.4294  river 0.6040  21.2 ms/step
step  17800  loss 1.2053  h 0.0733  desc 0.4161  river 0.5444  21.2 ms/step
step  17900  loss 1.0803  h 0.0705  desc 0.4177  river 0.4280  21.2 ms/step
step  18000  loss 1.1535  h 0.0641  desc 0.4244  river 0.4946  21.2 ms/step
  eval {'height': 0.0429, 'grad': 0.0481, 'desc': 0.3861, 'river': 0.8523, 'logacc': 0.1609, 'total': 1.4663, 'height_mae_m': 42.8648, 'river_iou': 0.1223, 'step': 18000}
step  18100  loss 1.0910  h 0.0530  desc 0.4267  river 0.4522  21.2 ms/step
step  18200  loss 1.1021  h 0.0486  desc 0.4187  river 0.4743  21.2 ms/step
step  18300  loss 1.1150  h 0.0473  desc 0.4141  river 0.4900  21.2 ms/step
step  18400  loss 1.0377  h 0.0412  desc 0.4138  river 0.4314  21.2 ms/step
step  18500  loss 1.1581  h 0.0613  desc 0.4506  river 0.4832  21.2 ms/step
step  18600  loss 1.1756  h 0.0655  desc 0.4093  river 0.5373  21.2 ms/step
step  18700  loss 1.1172  h 0.0470  desc 0.4201  river 0.4879  21.2 ms/step
step  18800  loss 1.0891  h 0.0483  desc 0.4412  river 0.4452  21.2 ms/step
step  18900  loss 1.1339  h 0.0461  desc 0.4279  river 0.4943  21.2 ms/step
step  19000  loss 1.0268  h 0.0571  desc 0.4265  river 0.3876  21.2 ms/step
step  19100  loss 1.0446  h 0.0513  desc 0.4191  river 0.4161  21.2 ms/step
step  19200  loss 1.1043  h 0.0541  desc 0.4118  river 0.4791  21.2 ms/step
step  19300  loss 1.0707  h 0.0661  desc 0.4132  river 0.4322  21.2 ms/step
step  19400  loss 1.1277  h 0.0465  desc 0.4241  river 0.4912  21.2 ms/step
step  19500  loss 1.1025  h 0.0663  desc 0.4297  river 0.4436  21.2 ms/step
step  19600  loss 1.0420  h 0.0448  desc 0.3896  river 0.4474  21.2 ms/step
step  19700  loss 1.0962  h 0.0515  desc 0.3987  river 0.4778  21.2 ms/step
step  19800  loss 1.0487  h 0.0631  desc 0.4228  river 0.4023  21.2 ms/step
step  19900  loss 1.2235  h 0.0844  desc 0.4414  river 0.5293  21.2 ms/step
step  20000  loss 1.0588  h 0.0423  desc 0.4343  river 0.4199  21.2 ms/step
  eval {'height': 0.0403, 'grad': 0.0475, 'desc': 0.3823, 'river': 0.8187, 'logacc': 0.1582, 'total': 1.4233, 'height_mae_m': 40.3252, 'river_iou': 0.1882, 'step': 20000}
step  20100  loss 1.1666  h 0.0555  desc 0.4221  river 0.5256  21.2 ms/step
step  20200  loss 1.1526  h 0.0448  desc 0.4245  river 0.5186  21.2 ms/step
step  20300  loss 1.0653  h 0.0499  desc 0.4199  river 0.4331  21.2 ms/step
step  20400  loss 1.1880  h 0.0549  desc 0.4257  river 0.5400  21.2 ms/step
step  20500  loss 1.0992  h 0.0760  desc 0.4043  river 0.4565  21.2 ms/step
step  20600  loss 1.0433  h 0.0740  desc 0.4297  river 0.3761  21.2 ms/step
step  20700  loss 1.0931  h 0.0659  desc 0.4348  river 0.4333  21.2 ms/step
step  20800  loss 0.9445  h 0.0628  desc 0.3982  river 0.3315  21.2 ms/step
step  20900  loss 1.0420  h 0.0522  desc 0.4182  river 0.4164  21.2 ms/step
step  21000  loss 1.1867  h 0.0833  desc 0.4433  river 0.4966  21.2 ms/step
step  21100  loss 1.2195  h 0.0685  desc 0.4408  river 0.5406  21.2 ms/step
step  21200  loss 1.0773  h 0.0564  desc 0.4291  river 0.4325  21.2 ms/step
step  21300  loss 1.1854  h 0.0484  desc 0.4112  river 0.5571  21.2 ms/step
step  21400  loss 1.1188  h 0.0669  desc 0.4302  river 0.4637  21.2 ms/step
step  21500  loss 0.9815  h 0.0716  desc 0.4697  river 0.2892  21.2 ms/step
step  21600  loss 1.1418  h 0.0687  desc 0.4301  river 0.4774  21.2 ms/step
step  21700  loss 1.1699  h 0.0418  desc 0.4414  river 0.5192  21.2 ms/step
step  21800  loss 1.1211  h 0.0492  desc 0.4229  river 0.4931  21.2 ms/step
step  21900  loss 1.1350  h 0.0679  desc 0.4155  river 0.4885  21.2 ms/step
step  22000  loss 0.9808  h 0.0487  desc 0.4061  river 0.3725  21.2 ms/step
  eval {'height': 0.0403, 'grad': 0.0471, 'desc': 0.3809, 'river': 0.8105, 'logacc': 0.1576, 'total': 1.413, 'height_mae_m': 40.3462, 'river_iou': 0.1904, 'step': 22000}
step  22100  loss 1.1506  h 0.0733  desc 0.4333  river 0.4781  21.2 ms/step
step  22200  loss 1.2237  h 0.0674  desc 0.4246  river 0.5590  21.2 ms/step
step  22300  loss 1.1426  h 0.0596  desc 0.4472  river 0.4643  21.2 ms/step
step  22400  loss 0.9368  h 0.0522  desc 0.4184  river 0.3166  21.2 ms/step
step  22500  loss 1.1316  h 0.0591  desc 0.4331  river 0.4726  21.2 ms/step
step  22600  loss 1.1031  h 0.0631  desc 0.4309  river 0.4556  21.2 ms/step
step  22700  loss 1.2780  h 0.0562  desc 0.4056  river 0.6459  21.2 ms/step
step  22800  loss 1.0747  h 0.0631  desc 0.4537  river 0.3902  21.2 ms/step
step  22900  loss 1.1380  h 0.0595  desc 0.4219  river 0.4892  21.2 ms/step
step  23000  loss 1.0422  h 0.0410  desc 0.4361  river 0.4089  21.2 ms/step
step  23100  loss 1.2332  h 0.0443  desc 0.4734  river 0.5387  21.2 ms/step
step  23200  loss 1.2165  h 0.0561  desc 0.4203  river 0.5706  21.2 ms/step
step  23300  loss 1.1219  h 0.0538  desc 0.4278  river 0.4786  21.2 ms/step
step  23400  loss 1.0450  h 0.0436  desc 0.4253  river 0.4170  21.2 ms/step
step  23500  loss 1.2104  h 0.0503  desc 0.4010  river 0.5919  21.2 ms/step
step  23600  loss 1.1224  h 0.0633  desc 0.4106  river 0.4827  21.2 ms/step
step  23700  loss 1.0937  h 0.0647  desc 0.4530  river 0.4197  21.2 ms/step
step  23800  loss 1.1043  h 0.0454  desc 0.4319  river 0.4713  21.2 ms/step
step  23900  loss 0.9816  h 0.0512  desc 0.4120  river 0.3599  21.2 ms/step
step  24000  loss 0.9924  h 0.0575  desc 0.4124  river 0.3623  21.2 ms/step
  eval {'height': 0.0418, 'grad': 0.047, 'desc': 0.3806, 'river': 0.8169, 'logacc': 0.157, 'total': 1.4197, 'height_mae_m': 41.7766, 'river_iou': 0.2007, 'step': 24000}
step  24100  loss 1.0498  h 0.0504  desc 0.4241  river 0.4151  21.3 ms/step
step  24200  loss 1.1650  h 0.0461  desc 0.3984  river 0.5552  21.3 ms/step
step  24300  loss 1.0758  h 0.0775  desc 0.4360  river 0.3999  21.3 ms/step
step  24400  loss 1.1701  h 0.0486  desc 0.4289  river 0.5246  21.3 ms/step
step  24500  loss 1.2126  h 0.0532  desc 0.4553  river 0.5326  21.3 ms/step
step  24600  loss 0.9942  h 0.0564  desc 0.4042  river 0.3763  21.3 ms/step
step  24700  loss 1.3171  h 0.0594  desc 0.4341  river 0.6579  21.3 ms/step
step  24800  loss 1.1569  h 0.0591  desc 0.4181  river 0.5092  21.3 ms/step
step  24900  loss 1.2238  h 0.0424  desc 0.4238  river 0.5954  21.3 ms/step
step  25000  loss 0.9927  h 0.0837  desc 0.4064  river 0.3538  21.3 ms/step
step  25100  loss 1.1875  h 0.0937  desc 0.4002  river 0.5240  21.3 ms/step
step  25200  loss 0.9913  h 0.0515  desc 0.4113  river 0.3738  21.3 ms/step
step  25300  loss 0.9664  h 0.0501  desc 0.4167  river 0.3485  21.3 ms/step
step  25400  loss 1.1948  h 0.0450  desc 0.4315  river 0.5507  21.3 ms/step
step  25500  loss 1.2755  h 0.0869  desc 0.4380  river 0.5772  21.3 ms/step
step  25600  loss 1.1469  h 0.0583  desc 0.4272  river 0.4961  21.3 ms/step
step  25700  loss 0.9578  h 0.0465  desc 0.4356  river 0.3333  21.3 ms/step
step  25800  loss 0.9442  h 0.0538  desc 0.4176  river 0.3218  21.3 ms/step
step  25900  loss 1.0585  h 0.0610  desc 0.4211  river 0.4163  21.3 ms/step
step  26000  loss 1.2328  h 0.0559  desc 0.4110  river 0.5947  21.3 ms/step
  eval {'height': 0.0397, 'grad': 0.0468, 'desc': 0.381, 'river': 0.8094, 'logacc': 0.1566, 'total': 1.4101, 'height_mae_m': 39.7313, 'river_iou': 0.2141, 'step': 26000}
step  26100  loss 1.0533  h 0.0488  desc 0.4290  river 0.4177  21.3 ms/step
step  26200  loss 0.9875  h 0.0461  desc 0.4419  river 0.3419  21.3 ms/step
step  26300  loss 1.1474  h 0.0589  desc 0.4101  river 0.5111  21.3 ms/step
step  26400  loss 1.0819  h 0.0403  desc 0.4268  river 0.4558  21.3 ms/step
step  26500  loss 1.0996  h 0.0539  desc 0.4454  river 0.4381  21.3 ms/step
step  26600  loss 0.9718  h 0.0403  desc 0.4193  river 0.3602  21.3 ms/step
step  26700  loss 1.0663  h 0.0517  desc 0.4246  river 0.4280  21.3 ms/step
step  26800  loss 1.1496  h 0.0498  desc 0.4379  river 0.4967  21.3 ms/step
step  26900  loss 1.0552  h 0.0503  desc 0.4345  river 0.4145  21.3 ms/step
step  27000  loss 0.9930  h 0.0395  desc 0.4085  river 0.3865  21.3 ms/step
step  27100  loss 1.0402  h 0.0681  desc 0.4363  river 0.3778  21.3 ms/step
step  27200  loss 1.0847  h 0.0448  desc 0.4474  river 0.4335  21.3 ms/step
step  27300  loss 1.1239  h 0.0389  desc 0.4166  river 0.5101  21.3 ms/step
step  27400  loss 1.1033  h 0.0526  desc 0.4421  river 0.4498  21.3 ms/step
step  27500  loss 1.0139  h 0.0514  desc 0.4121  river 0.3897  21.3 ms/step
step  27600  loss 1.0713  h 0.0538  desc 0.4208  river 0.4389  21.3 ms/step
step  27700  loss 1.1539  h 0.0512  desc 0.4360  river 0.5035  21.3 ms/step
step  27800  loss 1.1422  h 0.0710  desc 0.4088  river 0.5003  21.3 ms/step
step  27900  loss 1.2016  h 0.0620  desc 0.4329  river 0.5462  21.3 ms/step
step  28000  loss 1.0586  h 0.0427  desc 0.4239  river 0.4391  21.3 ms/step
  eval {'height': 0.0391, 'grad': 0.0466, 'desc': 0.3815, 'river': 0.8012, 'logacc': 0.1559, 'total': 1.4011, 'height_mae_m': 39.0686, 'river_iou': 0.2271, 'step': 28000}
step  28100  loss 1.0968  h 0.0480  desc 0.4233  river 0.4644  21.3 ms/step
step  28200  loss 1.0244  h 0.0421  desc 0.4430  river 0.3847  21.3 ms/step
step  28300  loss 1.1851  h 0.0388  desc 0.4152  river 0.5714  21.3 ms/step
step  28400  loss 1.1523  h 0.0603  desc 0.4202  river 0.5097  21.3 ms/step
step  28500  loss 1.0280  h 0.0554  desc 0.4230  river 0.3898  21.3 ms/step
step  28600  loss 0.9866  h 0.0607  desc 0.4269  river 0.3456  21.3 ms/step
step  28700  loss 0.9381  h 0.0695  desc 0.4311  river 0.2878  21.3 ms/step
step  28800  loss 1.1025  h 0.0665  desc 0.4243  river 0.4488  21.3 ms/step
step  28900  loss 1.1365  h 0.0721  desc 0.4298  river 0.4726  21.3 ms/step
step  29000  loss 1.0548  h 0.0741  desc 0.4227  river 0.3977  21.3 ms/step
step  29100  loss 1.1896  h 0.0414  desc 0.4072  river 0.5744  21.3 ms/step
step  29200  loss 1.2463  h 0.0501  desc 0.4251  river 0.6012  21.3 ms/step
step  29300  loss 1.1673  h 0.0502  desc 0.4204  river 0.5357  21.3 ms/step
step  29400  loss 1.0937  h 0.0675  desc 0.4186  river 0.4500  21.3 ms/step
step  29500  loss 1.0895  h 0.0501  desc 0.4345  river 0.4452  21.3 ms/step
step  29600  loss 0.9396  h 0.0481  desc 0.4127  river 0.3219  21.3 ms/step
step  29700  loss 1.1138  h 0.0736  desc 0.4221  river 0.4599  21.3 ms/step
step  29800  loss 1.0046  h 0.0463  desc 0.4189  river 0.3881  21.3 ms/step
step  29900  loss 0.9865  h 0.0496  desc 0.3943  river 0.3900  21.3 ms/step
step  30000  loss 1.1913  h 0.0559  desc 0.4278  river 0.5377  21.3 ms/step
  eval {'height': 0.039, 'grad': 0.0464, 'desc': 0.3813, 'river': 0.8149, 'logacc': 0.1559, 'total': 1.4143, 'height_mae_m': 38.9555, 'river_iou': 0.1934, 'step': 30000}
step  30100  loss 1.0529  h 0.0531  desc 0.4332  river 0.4061  21.3 ms/step
step  30200  loss 1.0978  h 0.0577  desc 0.4108  river 0.4691  21.3 ms/step
step  30300  loss 1.2090  h 0.0495  desc 0.4469  river 0.5528  21.3 ms/step
step  30400  loss 1.0535  h 0.0527  desc 0.4329  river 0.4113  21.3 ms/step
step  30500  loss 1.0065  h 0.0588  desc 0.4184  river 0.3721  21.3 ms/step
step  30600  loss 1.0934  h 0.0504  desc 0.4154  river 0.4656  21.3 ms/step
step  30700  loss 1.2019  h 0.0479  desc 0.4120  river 0.5695  21.3 ms/step
step  30800  loss 1.1019  h 0.0511  desc 0.4077  river 0.4812  21.3 ms/step
step  30900  loss 1.0348  h 0.0464  desc 0.3792  river 0.4464  21.3 ms/step
step  31000  loss 1.2223  h 0.0443  desc 0.4377  river 0.5767  21.3 ms/step
step  31100  loss 1.1767  h 0.0588  desc 0.4159  river 0.5337  21.3 ms/step
step  31200  loss 1.0876  h 0.0490  desc 0.4334  river 0.4446  21.3 ms/step
step  31300  loss 1.0996  h 0.0515  desc 0.4171  river 0.4790  21.3 ms/step
step  31400  loss 1.0835  h 0.0503  desc 0.4097  river 0.4552  21.3 ms/step
step  31500  loss 1.0757  h 0.0461  desc 0.4279  river 0.4406  21.3 ms/step
step  31600  loss 1.1145  h 0.0862  desc 0.4357  river 0.4265  21.3 ms/step
step  31700  loss 0.9278  h 0.0638  desc 0.4249  river 0.2880  21.3 ms/step
step  31800  loss 1.1720  h 0.0565  desc 0.4494  river 0.4937  21.3 ms/step
step  31900  loss 0.9903  h 0.0496  desc 0.4232  river 0.3682  21.3 ms/step
step  32000  loss 1.0301  h 0.0509  desc 0.4072  river 0.4114  21.3 ms/step
  eval {'height': 0.0388, 'grad': 0.0466, 'desc': 0.3789, 'river': 0.7991, 'logacc': 0.1554, 'total': 1.3956, 'height_mae_m': 38.8215, 'river_iou': 0.2378, 'step': 32000}
step  32100  loss 1.1141  h 0.0472  desc 0.4371  river 0.4744  21.3 ms/step
step  32200  loss 1.1523  h 0.0597  desc 0.4369  river 0.4856  21.3 ms/step
step  32300  loss 1.1289  h 0.0502  desc 0.4294  river 0.4875  21.3 ms/step
step  32400  loss 1.0798  h 0.0833  desc 0.4451  river 0.3911  21.3 ms/step
step  32500  loss 1.1134  h 0.0835  desc 0.4231  river 0.4385  21.3 ms/step
step  32600  loss 1.1359  h 0.0699  desc 0.4285  river 0.4734  21.3 ms/step
step  32700  loss 1.0042  h 0.0929  desc 0.4370  river 0.3207  21.3 ms/step
step  32800  loss 1.1300  h 0.0582  desc 0.4183  river 0.4863  21.3 ms/step
step  32900  loss 1.1920  h 0.0616  desc 0.4229  river 0.5428  21.3 ms/step
step  33000  loss 1.2559  h 0.0773  desc 0.4586  river 0.5476  21.3 ms/step
step  33100  loss 1.1425  h 0.0511  desc 0.4275  river 0.5019  21.3 ms/step
step  33200  loss 1.1911  h 0.0481  desc 0.4240  river 0.5538  21.4 ms/step
step  33300  loss 1.0916  h 0.0462  desc 0.4155  river 0.4661  21.4 ms/step
step  33400  loss 1.1023  h 0.0532  desc 0.4050  river 0.4809  21.4 ms/step
step  33500  loss 1.0706  h 0.0433  desc 0.4223  river 0.4436  21.4 ms/step
step  33600  loss 1.0374  h 0.0596  desc 0.4298  river 0.3941  21.4 ms/step
step  33700  loss 1.0352  h 0.0467  desc 0.4356  river 0.3977  21.4 ms/step
step  33800  loss 1.0843  h 0.0702  desc 0.4240  river 0.4272  21.4 ms/step
step  33900  loss 1.0476  h 0.0553  desc 0.4308  river 0.4069  21.4 ms/step
step  34000  loss 1.0372  h 0.0535  desc 0.4282  river 0.3949  21.4 ms/step
  eval {'height': 0.039, 'grad': 0.0463, 'desc': 0.3784, 'river': 0.8001, 'logacc': 0.1554, 'total': 1.3961, 'height_mae_m': 39.0489, 'river_iou': 0.2304, 'step': 34000}
step  34100  loss 1.0715  h 0.0522  desc 0.4274  river 0.4302  21.4 ms/step
step  34200  loss 1.0499  h 0.0470  desc 0.4188  river 0.4349  21.4 ms/step
step  34300  loss 1.0723  h 0.0632  desc 0.4436  river 0.4041  21.4 ms/step
step  34400  loss 1.0345  h 0.0638  desc 0.4134  river 0.3994  21.4 ms/step
step  34500  loss 1.1178  h 0.0553  desc 0.4261  river 0.4709  21.4 ms/step
step  34600  loss 0.9740  h 0.0521  desc 0.4071  river 0.3581  21.4 ms/step
step  34700  loss 1.0374  h 0.0640  desc 0.4264  river 0.3922  21.4 ms/step
step  34800  loss 1.0684  h 0.0414  desc 0.4198  river 0.4492  21.4 ms/step
step  34900  loss 1.0874  h 0.0593  desc 0.4077  river 0.4589  21.4 ms/step
step  35000  loss 1.0135  h 0.0453  desc 0.4251  river 0.3926  21.4 ms/step
step  35100  loss 1.0341  h 0.0370  desc 0.4066  river 0.4352  21.4 ms/step
step  35200  loss 1.0538  h 0.0488  desc 0.4108  river 0.4351  21.4 ms/step
step  35300  loss 1.1459  h 0.0599  desc 0.4127  river 0.5094  21.4 ms/step
step  35400  loss 0.9039  h 0.0386  desc 0.4186  river 0.2998  21.4 ms/step
step  35500  loss 1.0172  h 0.0851  desc 0.4148  river 0.3653  21.4 ms/step
step  35600  loss 1.0658  h 0.0476  desc 0.4126  river 0.4523  21.4 ms/step
step  35700  loss 1.0730  h 0.0632  desc 0.4404  river 0.4084  21.4 ms/step
step  35800  loss 1.0736  h 0.0600  desc 0.4201  river 0.4329  21.4 ms/step
step  35900  loss 1.0092  h 0.0584  desc 0.4111  river 0.3857  21.4 ms/step
step  36000  loss 1.1116  h 0.0530  desc 0.4122  river 0.4821  21.4 ms/step
  eval {'height': 0.0387, 'grad': 0.0462, 'desc': 0.3786, 'river': 0.8004, 'logacc': 0.1554, 'total': 1.3962, 'height_mae_m': 38.6942, 'river_iou': 0.2161, 'step': 36000}
step  36100  loss 1.0927  h 0.0496  desc 0.4172  river 0.4653  21.4 ms/step
step  36200  loss 1.1317  h 0.0660  desc 0.3979  river 0.5090  21.4 ms/step
step  36300  loss 1.1479  h 0.0701  desc 0.4020  river 0.5079  21.4 ms/step
step  36400  loss 1.1081  h 0.0456  desc 0.4050  river 0.4874  21.4 ms/step
step  36500  loss 1.0592  h 0.0660  desc 0.4470  river 0.3850  21.4 ms/step
step  36600  loss 1.1630  h 0.0648  desc 0.4241  river 0.5103  21.4 ms/step
step  36700  loss 1.0180  h 0.0457  desc 0.4084  river 0.4131  21.4 ms/step
step  36800  loss 1.0755  h 0.0519  desc 0.4046  river 0.4603  21.4 ms/step
step  36900  loss 1.0107  h 0.0737  desc 0.4341  river 0.3471  21.4 ms/step
step  37000  loss 1.0366  h 0.0490  desc 0.4244  river 0.4033  21.4 ms/step
step  37100  loss 1.1505  h 0.0527  desc 0.3894  river 0.5451  21.4 ms/step
step  37200  loss 1.0141  h 0.0519  desc 0.4255  river 0.3769  21.4 ms/step
step  37300  loss 1.0638  h 0.0474  desc 0.4374  river 0.4187  21.4 ms/step
step  37400  loss 0.9079  h 0.0477  desc 0.4121  river 0.2981  21.4 ms/step
step  37500  loss 1.1202  h 0.0472  desc 0.4182  river 0.4942  21.4 ms/step
step  37600  loss 1.1825  h 0.0584  desc 0.4005  river 0.5619  21.4 ms/step
step  37700  loss 1.1236  h 0.0495  desc 0.4046  river 0.5095  21.4 ms/step
step  37800  loss 1.1010  h 0.0386  desc 0.4151  river 0.4803  21.4 ms/step
step  37900  loss 1.0175  h 0.0427  desc 0.4460  river 0.3729  21.4 ms/step
step  38000  loss 1.0324  h 0.0495  desc 0.3988  river 0.4322  21.4 ms/step
  eval {'height': 0.0386, 'grad': 0.0462, 'desc': 0.3787, 'river': 0.7989, 'logacc': 0.1552, 'total': 1.3945, 'height_mae_m': 38.5666, 'river_iou': 0.2247, 'step': 38000}
step  38100  loss 1.1868  h 0.0643  desc 0.4261  river 0.5291  21.4 ms/step
step  38200  loss 1.1526  h 0.0961  desc 0.4243  river 0.4673  21.4 ms/step
step  38300  loss 1.2426  h 0.0628  desc 0.4037  river 0.6033  21.4 ms/step
step  38400  loss 1.0115  h 0.0493  desc 0.4268  river 0.3798  21.4 ms/step
step  38500  loss 0.9479  h 0.0574  desc 0.4065  river 0.3296  21.4 ms/step
step  38600  loss 0.9672  h 0.0500  desc 0.4189  river 0.3463  21.4 ms/step
step  38700  loss 1.2206  h 0.0491  desc 0.4334  river 0.5730  21.4 ms/step
step  38800  loss 1.0090  h 0.0568  desc 0.3994  river 0.3980  21.4 ms/step
step  38900  loss 1.0994  h 0.0536  desc 0.4181  river 0.4615  21.4 ms/step
step  39000  loss 1.0153  h 0.0577  desc 0.4222  river 0.3796  21.4 ms/step
step  39100  loss 1.0840  h 0.0540  desc 0.4220  river 0.4502  21.4 ms/step
step  39200  loss 0.9837  h 0.0388  desc 0.3979  river 0.3980  21.4 ms/step
step  39300  loss 1.0281  h 0.0500  desc 0.4011  river 0.4239  21.4 ms/step
step  39400  loss 1.0333  h 0.0484  desc 0.4277  river 0.4002  21.4 ms/step
step  39500  loss 1.1667  h 0.0616  desc 0.4132  river 0.5183  21.4 ms/step
step  39600  loss 1.0319  h 0.0427  desc 0.4326  river 0.4018  21.4 ms/step
step  39700  loss 1.1257  h 0.0803  desc 0.4285  river 0.4543  21.4 ms/step
step  39800  loss 1.0933  h 0.0517  desc 0.4124  river 0.4691  21.4 ms/step
step  39900  loss 0.9711  h 0.0464  desc 0.4284  river 0.3475  21.4 ms/step
step  40000  loss 1.2072  h 0.0530  desc 0.4057  river 0.5768  21.4 ms/step
  eval {'height': 0.0386, 'grad': 0.0462, 'desc': 0.3789, 'river': 0.7996, 'logacc': 0.1552, 'total': 1.3954, 'height_mae_m': 38.6274, 'river_iou': 0.224, 'step': 40000}
done in 14.3 min; best val loss 1.3945
