refiner 336,785 params
step    100  loss 1.6172  74.7 ms/step
step    200  loss 1.1767  49.9 ms/step
step    300  loss 1.1410  41.6 ms/step
step    400  loss 0.8871  37.5 ms/step
step    500  loss 0.6997  35.1 ms/step
step    600  loss 0.5057  33.5 ms/step
step    700  loss 0.3281  32.3 ms/step
step    800  loss 0.2837  31.4 ms/step
step    900  loss 0.3565  30.8 ms/step
step   1000  loss 0.2696  30.2 ms/step
  eval {'step': 1000, 'val_fm': 0.27072757109999657}
step   1100  loss 0.3635  29.9 ms/step
step   1200  loss 0.3167  29.5 ms/step
step   1300  loss 0.2726  29.2 ms/step
step   1400  loss 0.2420  28.9 ms/step
step   1500  loss 0.3239  28.7 ms/step
step   1600  loss 0.2423  28.5 ms/step
step   1700  loss 0.2797  28.4 ms/step
step   1800  loss 0.2450  28.2 ms/step
step   1900  loss 0.2788  28.1 ms/step
step   2000  loss 0.2366  28.0 ms/step
  eval {'step': 2000, 'val_fm': 0.21296720579266548}
step   2100  loss 0.2912  27.9 ms/step
step   2200  loss 0.2507  27.8 ms/step
step   2300  loss 0.2632  27.7 ms/step
step   2400  loss 0.2696  27.6 ms/step
step   2500  loss 0.2006  27.5 ms/step
step   2600  loss 0.2337  27.5 ms/step
step   2700  loss 0.2246  27.4 ms/step
step   2800  loss 0.2285  27.4 ms/step
step   2900  loss 0.2698  27.3 ms/step
step   3000  loss 0.2427  27.3 ms/step
  eval {'step': 3000, 'val_fm': 0.19435707852244377}
step   3100  loss 0.2106  27.2 ms/step
step   3200  loss 0.2320  27.2 ms/step
step   3300  loss 0.1889  27.1 ms/step
step   3400  loss 0.2347  27.1 ms/step
step   3500  loss 0.2186  27.1 ms/step
step   3600  loss 0.2508  27.1 ms/step
step   3700  loss 0.2245  27.0 ms/step
step   3800  loss 0.2473  27.0 ms/step
step   3900  loss 0.2329  27.0 ms/step
step   4000  loss 0.2409  26.9 ms/step
  eval {'step': 4000, 'val_fm': 0.18441317975521088}
step   4100  loss 0.2399  26.9 ms/step
step   4200  loss 0.2127  26.9 ms/step
step   4300  loss 0.1970  26.9 ms/step
step   4400  loss 0.1914  26.9 ms/step
step   4500  loss 0.2172  26.8 ms/step
step   4600  loss 0.2911  26.8 ms/step
step   4700  loss 0.1931  26.8 ms/step
step   4800  loss 0.2423  26.8 ms/step
step   4900  loss 0.2059  26.8 ms/step
step   5000  loss 0.1985  26.8 ms/step
  eval {'step': 5000, 'val_fm': 0.17674537003040314}
step   5100  loss 0.2243  26.8 ms/step
step   5200  loss 0.1829  26.7 ms/step
step   5300  loss 0.2215  26.7 ms/step
step   5400  loss 0.1694  26.7 ms/step
step   5500  loss 0.2245  26.7 ms/step
step   5600  loss 0.2077  26.7 ms/step
step   5700  loss 0.1831  26.7 ms/step
step   5800  loss 0.1986  26.7 ms/step
step   5900  loss 0.2135  26.6 ms/step
step   6000  loss 0.1505  26.6 ms/step
  eval {'step': 6000, 'val_fm': 0.17142701521515846}
step   6100  loss 0.2385  26.6 ms/step
step   6200  loss 0.1888  26.6 ms/step
step   6300  loss 0.2150  26.6 ms/step
step   6400  loss 0.2453  26.6 ms/step
step   6500  loss 0.2098  26.6 ms/step
step   6600  loss 0.2454  26.6 ms/step
step   6700  loss 0.2209  26.6 ms/step
step   6800  loss 0.2139  26.6 ms/step
step   6900  loss 0.2236  26.6 ms/step
step   7000  loss 0.2230  26.6 ms/step
  eval {'step': 7000, 'val_fm': 0.16761857457458973}
step   7100  loss 0.1923  26.6 ms/step
step   7200  loss 0.1926  26.5 ms/step
step   7300  loss 0.1906  26.5 ms/step
step   7400  loss 0.2417  26.5 ms/step
step   7500  loss 0.1834  26.5 ms/step
step   7600  loss 0.2258  26.5 ms/step
step   7700  loss 0.1724  26.5 ms/step
step   7800  loss 0.1874  26.5 ms/step
step   7900  loss 0.1776  26.5 ms/step
step   8000  loss 0.1699  26.5 ms/step
  eval {'step': 8000, 'val_fm': 0.16472630947828293}
step   8100  loss 0.2330  26.5 ms/step
step   8200  loss 0.1968  26.5 ms/step
step   8300  loss 0.2187  26.5 ms/step
step   8400  loss 0.1784  26.5 ms/step
step   8500  loss 0.1852  26.5 ms/step
step   8600  loss 0.1851  26.5 ms/step
step   8700  loss 0.2259  26.5 ms/step
step   8800  loss 0.1657  26.5 ms/step
step   8900  loss 0.2215  26.5 ms/step
step   9000  loss 0.1942  26.4 ms/step
  eval {'step': 9000, 'val_fm': 0.16224239952862263}
step   9100  loss 0.2329  26.5 ms/step
step   9200  loss 0.2038  26.4 ms/step
step   9300  loss 0.2342  26.4 ms/step
step   9400  loss 0.2083  26.4 ms/step
step   9500  loss 0.2061  26.4 ms/step
step   9600  loss 0.2367  26.4 ms/step
step   9700  loss 0.2144  26.4 ms/step
step   9800  loss 0.1925  26.4 ms/step
step   9900  loss 0.2385  26.4 ms/step
step  10000  loss 0.2246  26.4 ms/step
  eval {'step': 10000, 'val_fm': 0.16014839708805084}
step  10100  loss 0.1977  26.4 ms/step
step  10200  loss 0.2120  26.4 ms/step
step  10300  loss 0.2433  26.4 ms/step
step  10400  loss 0.2142  26.4 ms/step
step  10500  loss 0.1954  26.4 ms/step
step  10600  loss 0.1967  26.4 ms/step
step  10700  loss 0.1903  26.4 ms/step
step  10800  loss 0.1810  26.4 ms/step
step  10900  loss 0.1748  26.4 ms/step
step  11000  loss 0.2218  26.4 ms/step
  eval {'step': 11000, 'val_fm': 0.1582490522414446}
step  11100  loss 0.2062  26.4 ms/step
step  11200  loss 0.1735  26.4 ms/step
step  11300  loss 0.1835  26.4 ms/step
step  11400  loss 0.1912  26.4 ms/step
step  11500  loss 0.1889  26.4 ms/step
step  11600  loss 0.1604  26.4 ms/step
step  11700  loss 0.2096  26.4 ms/step
step  11800  loss 0.1802  26.4 ms/step
step  11900  loss 0.1980  26.4 ms/step
step  12000  loss 0.2361  26.4 ms/step
  eval {'step': 12000, 'val_fm': 0.15667716972529888}
step  12100  loss 0.1850  26.4 ms/step
step  12200  loss 0.2029  26.4 ms/step
step  12300  loss 0.1589  26.4 ms/step
step  12400  loss 0.2236  26.4 ms/step
step  12500  loss 0.1624  26.4 ms/step
step  12600  loss 0.1827  26.3 ms/step
step  12700  loss 0.1930  26.3 ms/step
step  12800  loss 0.1868  26.3 ms/step
step  12900  loss 0.1994  26.3 ms/step
step  13000  loss 0.1928  26.3 ms/step
  eval {'step': 13000, 'val_fm': 0.15539571829140186}
step  13100  loss 0.1561  26.3 ms/step
step  13200  loss 0.2348  26.3 ms/step
step  13300  loss 0.1435  26.3 ms/step
step  13400  loss 0.1929  26.3 ms/step
step  13500  loss 0.2500  26.3 ms/step
step  13600  loss 0.1750  26.3 ms/step
step  13700  loss 0.1973  26.3 ms/step
step  13800  loss 0.1841  26.3 ms/step
step  13900  loss 0.2120  26.3 ms/step
step  14000  loss 0.2117  26.3 ms/step
  eval {'step': 14000, 'val_fm': 0.15431037545204163}
step  14100  loss 0.1682  26.3 ms/step
step  14200  loss 0.1792  26.3 ms/step
step  14300  loss 0.2006  26.3 ms/step
step  14400  loss 0.1937  26.3 ms/step
step  14500  loss 0.1613  26.3 ms/step
step  14600  loss 0.2073  26.3 ms/step
step  14700  loss 0.1454  26.3 ms/step
step  14800  loss 0.1891  26.3 ms/step
step  14900  loss 0.1735  26.3 ms/step
step  15000  loss 0.1930  26.3 ms/step
  eval {'step': 15000, 'val_fm': 0.15342356264591217}
step  15100  loss 0.1800  26.3 ms/step
step  15200  loss 0.1786  26.3 ms/step
step  15300  loss 0.1868  26.3 ms/step
step  15400  loss 0.2004  26.3 ms/step
step  15500  loss 0.1816  26.3 ms/step
step  15600  loss 0.1551  26.3 ms/step
step  15700  loss 0.1795  26.3 ms/step
step  15800  loss 0.1616  26.3 ms/step
step  15900  loss 0.1702  26.3 ms/step
step  16000  loss 0.1647  26.3 ms/step
  eval {'step': 16000, 'val_fm': 0.1527025494724512}
step  16100  loss 0.2027  26.3 ms/step
step  16200  loss 0.1743  26.3 ms/step
step  16300  loss 0.1793  26.3 ms/step
step  16400  loss 0.1830  26.3 ms/step
step  16500  loss 0.1866  26.3 ms/step
step  16600  loss 0.2165  26.3 ms/step
step  16700  loss 0.2098  26.3 ms/step
step  16800  loss 0.1412  26.3 ms/step
step  16900  loss 0.1887  26.3 ms/step
step  17000  loss 0.2138  26.3 ms/step
  eval {'step': 17000, 'val_fm': 0.15219123661518097}
step  17100  loss 0.2005  26.3 ms/step
step  17200  loss 0.1533  26.3 ms/step
step  17300  loss 0.2068  26.3 ms/step
step  17400  loss 0.1793  26.3 ms/step
step  17500  loss 0.2430  26.3 ms/step
step  17600  loss 0.1764  26.3 ms/step
step  17700  loss 0.1895  26.3 ms/step
step  17800  loss 0.2213  26.3 ms/step
step  17900  loss 0.1250  26.3 ms/step
step  18000  loss 0.1670  26.3 ms/step
  eval {'step': 18000, 'val_fm': 0.15183420106768608}
step  18100  loss 0.1838  26.3 ms/step
step  18200  loss 0.1542  26.3 ms/step
step  18300  loss 0.1951  26.3 ms/step
step  18400  loss 0.1721  26.3 ms/step
step  18500  loss 0.2379  26.3 ms/step
step  18600  loss 0.2235  26.3 ms/step
step  18700  loss 0.1638  26.3 ms/step
step  18800  loss 0.1854  26.3 ms/step
step  18900  loss 0.1890  26.3 ms/step
step  19000  loss 0.2292  26.2 ms/step
  eval {'step': 19000, 'val_fm': 0.15167193487286568}
step  19100  loss 0.2113  26.3 ms/step
step  19200  loss 0.1991  26.2 ms/step
step  19300  loss 0.2061  26.2 ms/step
step  19400  loss 0.2264  26.2 ms/step
step  19500  loss 0.2072  26.2 ms/step
step  19600  loss 0.2199  26.2 ms/step
step  19700  loss 0.1584  26.2 ms/step
step  19800  loss 0.2099  26.2 ms/step
step  19900  loss 0.2042  26.2 ms/step
step  20000  loss 0.1553  26.2 ms/step
  eval {'step': 20000, 'val_fm': 0.1515252310782671}
done in 8.7 min; best val 0.1515
