planner 1,558,656 params; regions ['alps', 'borneo', 'colorado_plateau', 'east_africa', 'great_plains', 'norway', 'sahara_erg']; 17,783,829 train corners, 315 val crops
step    100  loss 1.8532  h 0.1613  desc 0.6055  river 0.8475  34.8 ms/step
step    200  loss 1.5676  h 0.1062  desc 0.5226  river 0.7058  28.9 ms/step
step    300  loss 1.4581  h 0.1174  desc 0.4733  river 0.6542  27.4 ms/step
step    400  loss 1.3872  h 0.0987  desc 0.5023  river 0.5673  26.4 ms/step
step    500  loss 1.4532  h 0.1031  desc 0.4756  river 0.6648  25.9 ms/step
step    600  loss 1.2122  h 0.1016  desc 0.4842  river 0.4347  25.5 ms/step
step    700  loss 1.1798  h 0.0729  desc 0.4597  river 0.4599  25.3 ms/step
step    800  loss 1.3169  h 0.1068  desc 0.4803  river 0.5377  25.1 ms/step
step    900  loss 1.3824  h 0.0981  desc 0.4636  river 0.6242  24.9 ms/step
step   1000  loss 1.2257  h 0.0578  desc 0.4773  river 0.5029  24.8 ms/step
step   1100  loss 1.1924  h 0.0968  desc 0.5405  river 0.3733  24.6 ms/step
step   1200  loss 1.1441  h 0.0925  desc 0.4468  river 0.4209  24.5 ms/step
step   1300  loss 1.2085  h 0.0643  desc 0.4708  river 0.4962  24.3 ms/step
step   1400  loss 1.3024  h 0.1000  desc 0.4802  river 0.5319  24.2 ms/step
step   1500  loss 1.1407  h 0.0751  desc 0.4705  river 0.4194  24.2 ms/step
step   1600  loss 1.2804  h 0.1063  desc 0.4414  river 0.5528  24.2 ms/step
step   1700  loss 1.1250  h 0.0583  desc 0.4480  river 0.4482  24.1 ms/step
step   1800  loss 1.3112  h 0.1050  desc 0.4620  river 0.5589  24.0 ms/step
step   1900  loss 1.2002  h 0.0706  desc 0.4533  river 0.5006  24.0 ms/step
step   2000  loss 1.2606  h 0.0779  desc 0.4521  river 0.5496  23.9 ms/step
  eval {'height': 0.0541, 'grad': 0.0554, 'desc': 0.3982, 'river': 0.8811, 'logacc': 0.1686, 'total': 1.5297, 'height_mae_m': 54.0738, 'river_iou': 0.0347, 'step': 2000}
step   2100  loss 1.3483  h 0.0855  desc 0.4924  river 0.5927  23.9 ms/step
step   2200  loss 1.1411  h 0.0530  desc 0.4555  river 0.4620  23.8 ms/step
step   2300  loss 1.2145  h 0.0791  desc 0.4390  river 0.5184  23.7 ms/step
step   2400  loss 1.2485  h 0.0889  desc 0.4695  river 0.5118  23.7 ms/step
step   2500  loss 1.1980  h 0.0800  desc 0.4331  river 0.5080  23.6 ms/step
step   2600  loss 1.1847  h 0.0614  desc 0.4625  river 0.4905  23.6 ms/step
step   2700  loss 1.0891  h 0.0687  desc 0.4250  river 0.4236  23.5 ms/step
step   2800  loss 1.1319  h 0.0890  desc 0.4568  river 0.4175  23.5 ms/step
step   2900  loss 1.1106  h 0.0596  desc 0.4318  river 0.4574  23.5 ms/step
step   3000  loss 1.1494  h 0.0631  desc 0.4469  river 0.4682  23.4 ms/step
step   3100  loss 1.1806  h 0.0803  desc 0.4194  river 0.5066  23.4 ms/step
step   3200  loss 1.3891  h 0.0630  desc 0.4770  river 0.6689  23.4 ms/step
step   3300  loss 1.2160  h 0.0539  desc 0.4470  river 0.5417  23.4 ms/step
step   3400  loss 1.2493  h 0.0963  desc 0.4543  river 0.5201  23.4 ms/step
step   3500  loss 1.2199  h 0.0626  desc 0.4382  river 0.5471  23.3 ms/step
step   3600  loss 1.1986  h 0.0739  desc 0.4281  river 0.5203  23.3 ms/step
step   3700  loss 1.1158  h 0.0690  desc 0.4527  river 0.4316  23.3 ms/step
step   3800  loss 1.1884  h 0.0633  desc 0.4184  river 0.5351  23.3 ms/step
step   3900  loss 1.1405  h 0.0553  desc 0.4298  river 0.4854  23.2 ms/step
step   4000  loss 1.2999  h 0.0723  desc 0.4356  river 0.6084  23.2 ms/step
  eval {'height': 0.051, 'grad': 0.053, 'desc': 0.3907, 'river': 0.8467, 'logacc': 0.163, 'total': 1.4778, 'height_mae_m': 50.9673, 'river_iou': 0.1151, 'step': 4000}
step   4100  loss 1.1179  h 0.0602  desc 0.4379  river 0.4490  23.2 ms/step
step   4200  loss 1.1708  h 0.0599  desc 0.4835  river 0.4638  23.2 ms/step
step   4300  loss 1.2530  h 0.0834  desc 0.4376  river 0.5532  23.2 ms/step
step   4400  loss 1.0839  h 0.0680  desc 0.4218  river 0.4254  23.2 ms/step
step   4500  loss 1.1217  h 0.0656  desc 0.4462  river 0.4439  23.2 ms/step
step   4600  loss 1.2775  h 0.0708  desc 0.4680  river 0.5639  23.1 ms/step
step   4700  loss 1.1298  h 0.0711  desc 0.4392  river 0.4528  23.1 ms/step
step   4800  loss 1.1429  h 0.0748  desc 0.4206  river 0.4798  23.1 ms/step
step   4900  loss 1.1258  h 0.0601  desc 0.4098  river 0.4830  23.1 ms/step
step   5000  loss 1.1214  h 0.0943  desc 0.4186  river 0.4411  23.1 ms/step
step   5100  loss 1.0346  h 0.0613  desc 0.4228  river 0.3930  23.1 ms/step
step   5200  loss 1.0924  h 0.0641  desc 0.4571  river 0.4037  23.1 ms/step
step   5300  loss 1.1487  h 0.0584  desc 0.4612  river 0.4638  23.1 ms/step
step   5400  loss 1.1471  h 0.0660  desc 0.4231  river 0.4914  23.1 ms/step
step   5500  loss 1.0822  h 0.0526  desc 0.4254  river 0.4442  23.0 ms/step
step   5600  loss 1.1839  h 0.0510  desc 0.4456  river 0.5180  23.0 ms/step
step   5700  loss 1.2260  h 0.0569  desc 0.4562  river 0.5405  23.0 ms/step
step   5800  loss 0.9862  h 0.0540  desc 0.4323  river 0.3366  23.0 ms/step
step   5900  loss 1.1751  h 0.0818  desc 0.4304  river 0.4915  23.0 ms/step
step   6000  loss 1.2454  h 0.0611  desc 0.4388  river 0.5652  23.0 ms/step
  eval {'height': 0.0445, 'grad': 0.0511, 'desc': 0.3877, 'river': 0.8066, 'logacc': 0.1589, 'total': 1.4233, 'height_mae_m': 44.5113, 'river_iou': 0.1574, 'step': 6000}
step   6100  loss 1.1562  h 0.0700  desc 0.4329  river 0.4801  23.0 ms/step
step   6200  loss 1.1685  h 0.0770  desc 0.4449  river 0.4767  23.0 ms/step
step   6300  loss 1.2078  h 0.0829  desc 0.4362  river 0.5171  23.0 ms/step
step   6400  loss 1.1707  h 0.0556  desc 0.4246  river 0.5249  23.0 ms/step
step   6500  loss 1.1832  h 0.0593  desc 0.4576  river 0.4972  23.0 ms/step
step   6600  loss 1.2519  h 0.0621  desc 0.4499  river 0.5686  23.0 ms/step
step   6700  loss 1.0867  h 0.0616  desc 0.4472  river 0.4185  23.0 ms/step
step   6800  loss 1.0298  h 0.0561  desc 0.4340  river 0.3829  22.9 ms/step
step   6900  loss 1.0411  h 0.0745  desc 0.4100  river 0.3974  22.9 ms/step
step   7000  loss 1.1921  h 0.0699  desc 0.4426  river 0.5083  22.9 ms/step
step   7100  loss 1.1937  h 0.0688  desc 0.4167  river 0.5418  22.9 ms/step
step   7200  loss 1.0393  h 0.0601  desc 0.4303  river 0.3899  22.9 ms/step
step   7300  loss 1.0568  h 0.0537  desc 0.4182  river 0.4220  22.9 ms/step
step   7400  loss 1.1602  h 0.0517  desc 0.4207  river 0.5240  22.9 ms/step
step   7500  loss 1.0580  h 0.0506  desc 0.3971  river 0.4452  22.9 ms/step
step   7600  loss 1.1829  h 0.0801  desc 0.4278  river 0.5118  22.9 ms/step
step   7700  loss 1.1688  h 0.0762  desc 0.4262  river 0.4996  22.9 ms/step
step   7800  loss 1.0242  h 0.0730  desc 0.4249  river 0.3742  22.9 ms/step
step   7900  loss 1.0911  h 0.0648  desc 0.4176  river 0.4438  22.9 ms/step
step   8000  loss 1.1510  h 0.0626  desc 0.4425  river 0.4788  22.9 ms/step
  eval {'height': 0.0418, 'grad': 0.0484, 'desc': 0.3818, 'river': 0.7911, 'logacc': 0.1561, 'total': 1.395, 'height_mae_m': 41.8372, 'river_iou': 0.1817, 'step': 8000}
step   8100  loss 1.1544  h 0.0682  desc 0.4376  river 0.4787  22.9 ms/step
step   8200  loss 1.0707  h 0.0604  desc 0.4379  river 0.4106  22.9 ms/step
step   8300  loss 1.1661  h 0.0589  desc 0.4302  river 0.5076  22.8 ms/step
step   8400  loss 1.1889  h 0.0448  desc 0.4399  river 0.5409  22.8 ms/step
step   8500  loss 1.0511  h 0.0632  desc 0.4472  river 0.3765  22.8 ms/step
step   8600  loss 1.0145  h 0.0811  desc 0.4316  river 0.3459  22.8 ms/step
step   8700  loss 1.0605  h 0.0702  desc 0.4333  river 0.3961  22.8 ms/step
step   8800  loss 1.1766  h 0.0699  desc 0.4463  river 0.4923  22.8 ms/step
step   8900  loss 1.2282  h 0.0564  desc 0.4292  river 0.5732  22.8 ms/step
step   9000  loss 1.0646  h 0.0711  desc 0.4117  river 0.4159  22.8 ms/step
step   9100  loss 1.1493  h 0.0583  desc 0.4442  river 0.4814  22.8 ms/step
step   9200  loss 1.1187  h 0.0651  desc 0.4468  river 0.4460  22.8 ms/step
step   9300  loss 1.0941  h 0.0519  desc 0.4372  river 0.4469  22.8 ms/step
step   9400  loss 1.1149  h 0.0641  desc 0.4206  river 0.4675  22.8 ms/step
step   9500  loss 1.0926  h 0.0440  desc 0.4114  river 0.4748  22.8 ms/step
step   9600  loss 1.1310  h 0.0720  desc 0.4317  river 0.4602  22.8 ms/step
step   9700  loss 1.1602  h 0.0545  desc 0.4415  river 0.4963  22.7 ms/step
step   9800  loss 1.1989  h 0.0569  desc 0.4246  river 0.5490  22.7 ms/step
step   9900  loss 1.0761  h 0.0485  desc 0.4265  river 0.4432  22.7 ms/step
step  10000  loss 1.0781  h 0.0614  desc 0.4274  river 0.4330  22.7 ms/step
  eval {'height': 0.0416, 'grad': 0.0471, 'desc': 0.3846, 'river': 0.7895, 'logacc': 0.1534, 'total': 1.3926, 'height_mae_m': 41.5881, 'river_iou': 0.25, 'step': 10000}
step  10100  loss 0.9905  h 0.0570  desc 0.4344  river 0.3402  22.7 ms/step
step  10200  loss 1.0368  h 0.0452  desc 0.4456  river 0.3908  22.7 ms/step
step  10300  loss 1.1104  h 0.0717  desc 0.4287  river 0.4500  22.7 ms/step
step  10400  loss 1.0637  h 0.0774  desc 0.4140  river 0.4214  22.7 ms/step
step  10500  loss 1.1362  h 0.0538  desc 0.4259  river 0.4945  22.7 ms/step
step  10600  loss 1.0752  h 0.0949  desc 0.4335  river 0.3841  22.7 ms/step
step  10700  loss 1.1718  h 0.0591  desc 0.4027  river 0.5453  22.7 ms/step
step  10800  loss 1.1075  h 0.0752  desc 0.4377  river 0.4322  22.7 ms/step
step  10900  loss 1.1871  h 0.0688  desc 0.4152  river 0.5339  22.7 ms/step
step  11000  loss 1.1292  h 0.1091  desc 0.4277  river 0.4358  22.7 ms/step
step  11100  loss 1.2826  h 0.0533  desc 0.4196  river 0.6389  22.7 ms/step
step  11200  loss 1.1475  h 0.0529  desc 0.4354  river 0.4973  22.7 ms/step
step  11300  loss 0.9459  h 0.0472  desc 0.4276  river 0.3227  22.7 ms/step
step  11400  loss 1.1460  h 0.0743  desc 0.4132  river 0.4888  22.7 ms/step
step  11500  loss 1.1379  h 0.0639  desc 0.4284  river 0.4861  22.7 ms/step
step  11600  loss 1.1441  h 0.0508  desc 0.4054  river 0.5253  22.7 ms/step
step  11700  loss 1.1695  h 0.0593  desc 0.4526  river 0.4933  22.7 ms/step
step  11800  loss 1.1145  h 0.0491  desc 0.4571  river 0.4448  22.7 ms/step
step  11900  loss 1.1029  h 0.0521  desc 0.4591  river 0.4291  22.7 ms/step
step  12000  loss 1.1255  h 0.0578  desc 0.4608  river 0.4480  22.7 ms/step
  eval {'height': 0.0424, 'grad': 0.0469, 'desc': 0.3805, 'river': 0.7798, 'logacc': 0.1519, 'total': 1.378, 'height_mae_m': 42.3514, 'river_iou': 0.2429, 'step': 12000}
step  12100  loss 1.1522  h 0.0408  desc 0.4438  river 0.4984  22.7 ms/step
step  12200  loss 1.1080  h 0.0733  desc 0.4612  river 0.4141  22.7 ms/step
step  12300  loss 0.9957  h 0.0632  desc 0.4460  river 0.3375  22.7 ms/step
step  12400  loss 1.0898  h 0.0510  desc 0.4294  river 0.4458  22.7 ms/step
step  12500  loss 1.0931  h 0.0521  desc 0.4466  river 0.4311  22.7 ms/step
step  12600  loss 1.0129  h 0.0678  desc 0.4193  river 0.3729  22.7 ms/step
step  12700  loss 1.1522  h 0.0558  desc 0.4426  river 0.4933  22.7 ms/step
step  12800  loss 1.0769  h 0.0506  desc 0.4062  river 0.4591  22.7 ms/step
step  12900  loss 1.0574  h 0.0714  desc 0.4296  river 0.3918  22.7 ms/step
step  13000  loss 1.0435  h 0.0390  desc 0.4601  river 0.3874  22.7 ms/step
step  13100  loss 1.2248  h 0.0684  desc 0.4412  river 0.5469  22.7 ms/step
step  13200  loss 1.0768  h 0.0834  desc 0.4328  river 0.4022  22.7 ms/step
step  13300  loss 1.0081  h 0.0559  desc 0.4097  river 0.3890  22.7 ms/step
step  13400  loss 1.1141  h 0.0508  desc 0.4178  river 0.4789  22.7 ms/step
step  13500  loss 0.9393  h 0.0549  desc 0.4072  river 0.3336  22.7 ms/step
step  13600  loss 1.0061  h 0.0516  desc 0.4076  river 0.3972  22.7 ms/step
step  13700  loss 1.0649  h 0.0405  desc 0.4363  river 0.4389  22.7 ms/step
step  13800  loss 0.9816  h 0.0745  desc 0.4124  river 0.3414  22.7 ms/step
step  13900  loss 1.1783  h 0.0533  desc 0.4327  river 0.5311  22.7 ms/step
step  14000  loss 0.9330  h 0.0770  desc 0.3910  river 0.3129  22.7 ms/step
  eval {'height': 0.0401, 'grad': 0.0473, 'desc': 0.382, 'river': 0.7629, 'logacc': 0.1513, 'total': 1.36, 'height_mae_m': 40.0947, 'river_iou': 0.2305, 'step': 14000}
step  14100  loss 1.0614  h 0.0526  desc 0.4157  river 0.4336  22.7 ms/step
step  14200  loss 1.1444  h 0.0463  desc 0.4455  river 0.4969  22.7 ms/step
step  14300  loss 1.0651  h 0.0551  desc 0.4138  river 0.4413  22.7 ms/step
step  14400  loss 1.1869  h 0.0861  desc 0.4432  river 0.4854  22.7 ms/step
step  14500  loss 1.0641  h 0.0425  desc 0.4447  river 0.4161  22.6 ms/step
step  14600  loss 1.1569  h 0.0677  desc 0.4151  river 0.5016  22.6 ms/step
step  14700  loss 1.0025  h 0.0803  desc 0.4176  river 0.3456  22.6 ms/step
step  14800  loss 0.9993  h 0.0492  desc 0.4011  river 0.3945  22.6 ms/step
step  14900  loss 1.1268  h 0.0493  desc 0.4363  river 0.4836  22.6 ms/step
step  15000  loss 1.1297  h 0.0467  desc 0.4480  river 0.4756  22.6 ms/step
step  15100  loss 1.1666  h 0.0776  desc 0.4560  river 0.4736  22.6 ms/step
step  15200  loss 1.0340  h 0.0620  desc 0.4467  river 0.3751  22.6 ms/step
step  15300  loss 1.1284  h 0.0687  desc 0.4390  river 0.4669  22.6 ms/step
step  15400  loss 1.0271  h 0.0755  desc 0.4196  river 0.3672  22.6 ms/step
step  15500  loss 1.0346  h 0.0485  desc 0.4130  river 0.4154  22.6 ms/step
step  15600  loss 1.2582  h 0.0625  desc 0.4138  river 0.6082  22.6 ms/step
step  15700  loss 1.1743  h 0.0557  desc 0.4415  river 0.5156  22.6 ms/step
step  15800  loss 1.1611  h 0.0666  desc 0.4077  river 0.5202  22.6 ms/step
step  15900  loss 1.1197  h 0.0535  desc 0.4365  river 0.4685  22.6 ms/step
step  16000  loss 1.0466  h 0.0455  desc 0.4467  river 0.3975  22.6 ms/step
  eval {'height': 0.0373, 'grad': 0.0455, 'desc': 0.3771, 'river': 0.7557, 'logacc': 0.149, 'total': 1.3418, 'height_mae_m': 37.2736, 'river_iou': 0.2334, 'step': 16000}
step  16100  loss 1.1327  h 0.0490  desc 0.4480  river 0.4770  22.6 ms/step
step  16200  loss 1.1558  h 0.0623  desc 0.4039  river 0.5236  22.6 ms/step
step  16300  loss 1.0420  h 0.0421  desc 0.4034  river 0.4424  22.6 ms/step
step  16400  loss 1.0981  h 0.0528  desc 0.3947  river 0.4843  22.6 ms/step
step  16500  loss 1.0422  h 0.0556  desc 0.4128  river 0.4196  22.6 ms/step
step  16600  loss 1.1030  h 0.0670  desc 0.4154  river 0.4596  22.6 ms/step
step  16700  loss 1.1469  h 0.0533  desc 0.4251  river 0.5043  22.6 ms/step
step  16800  loss 1.1620  h 0.0621  desc 0.4419  river 0.4937  22.6 ms/step
step  16900  loss 0.9759  h 0.0576  desc 0.4042  river 0.3643  22.6 ms/step
step  17000  loss 1.0764  h 0.0448  desc 0.4251  river 0.4502  22.6 ms/step
step  17100  loss 1.0207  h 0.0663  desc 0.4167  river 0.3776  22.6 ms/step
step  17200  loss 1.2479  h 0.0729  desc 0.4294  river 0.5831  22.6 ms/step
step  17300  loss 1.0363  h 0.0535  desc 0.4391  river 0.3890  22.6 ms/step
step  17400  loss 0.9978  h 0.0410  desc 0.4112  river 0.3989  22.6 ms/step
step  17500  loss 1.2190  h 0.0501  desc 0.4090  river 0.5892  22.6 ms/step
step  17600  loss 1.0449  h 0.0481  desc 0.4241  river 0.4204  22.6 ms/step
step  17700  loss 1.2557  h 0.0704  desc 0.4206  river 0.5865  22.6 ms/step
step  17800  loss 1.1500  h 0.0691  desc 0.4044  river 0.5106  22.6 ms/step
step  17900  loss 1.0132  h 0.0625  desc 0.4087  river 0.3839  22.6 ms/step
step  18000  loss 1.1074  h 0.0613  desc 0.4134  river 0.4679  22.6 ms/step
  eval {'height': 0.0363, 'grad': 0.0457, 'desc': 0.3804, 'river': 0.7648, 'logacc': 0.1489, 'total': 1.3531, 'height_mae_m': 36.2856, 'river_iou': 0.2333, 'step': 18000}
step  18100  loss 1.0619  h 0.0530  desc 0.4226  river 0.4318  22.6 ms/step
step  18200  loss 1.0630  h 0.0443  desc 0.4123  river 0.4511  22.6 ms/step
step  18300  loss 1.0624  h 0.0420  desc 0.4041  river 0.4587  22.6 ms/step
step  18400  loss 0.9972  h 0.0406  desc 0.4026  river 0.4083  22.6 ms/step
step  18500  loss 1.1009  h 0.0595  desc 0.4310  river 0.4526  22.6 ms/step
step  18600  loss 1.1363  h 0.0622  desc 0.4095  river 0.5058  22.6 ms/step
step  18700  loss 1.0742  h 0.0390  desc 0.4042  river 0.4734  22.6 ms/step
step  18800  loss 1.0257  h 0.0433  desc 0.4229  river 0.4105  22.6 ms/step
step  18900  loss 1.0832  h 0.0436  desc 0.4186  river 0.4610  22.6 ms/step
step  19000  loss 0.9631  h 0.0504  desc 0.4162  river 0.3469  22.6 ms/step
step  19100  loss 1.0128  h 0.0493  desc 0.4126  river 0.3969  22.6 ms/step
step  19200  loss 1.0551  h 0.0471  desc 0.4026  river 0.4501  22.6 ms/step
step  19300  loss 1.0140  h 0.0634  desc 0.4060  river 0.3904  22.6 ms/step
step  19400  loss 1.0854  h 0.0452  desc 0.4180  river 0.4614  22.6 ms/step
step  19500  loss 1.0584  h 0.0612  desc 0.4204  river 0.4200  22.6 ms/step
step  19600  loss 0.9869  h 0.0451  desc 0.3844  river 0.4030  22.6 ms/step
step  19700  loss 1.0428  h 0.0466  desc 0.3875  river 0.4489  22.6 ms/step
step  19800  loss 1.0067  h 0.0632  desc 0.4123  river 0.3751  22.6 ms/step
step  19900  loss 1.1493  h 0.0745  desc 0.4270  river 0.4856  22.6 ms/step
step  20000  loss 1.0057  h 0.0388  desc 0.4274  river 0.3837  22.6 ms/step
  eval {'height': 0.0355, 'grad': 0.045, 'desc': 0.3759, 'river': 0.7532, 'logacc': 0.1471, 'total': 1.3342, 'height_mae_m': 35.471, 'river_iou': 0.2813, 'step': 20000}
step  20100  loss 1.1048  h 0.0483  desc 0.4120  river 0.4878  22.6 ms/step
step  20200  loss 1.1073  h 0.0436  desc 0.4141  river 0.4905  22.6 ms/step
step  20300  loss 1.0320  h 0.0472  desc 0.4162  river 0.4111  22.6 ms/step
step  20400  loss 1.1475  h 0.0525  desc 0.4108  river 0.5222  22.6 ms/step
step  20500  loss 1.0444  h 0.0643  desc 0.3955  river 0.4270  22.6 ms/step
step  20600  loss 1.0067  h 0.0697  desc 0.4243  river 0.3545  22.6 ms/step
step  20700  loss 1.0429  h 0.0590  desc 0.4273  river 0.4026  22.6 ms/step
step  20800  loss 0.8964  h 0.0594  desc 0.3884  river 0.3005  22.6 ms/step
step  20900  loss 0.9901  h 0.0479  desc 0.4082  river 0.3846  22.6 ms/step
step  21000  loss 1.1298  h 0.0811  desc 0.4271  river 0.4624  22.6 ms/step
step  21100  loss 1.1694  h 0.0646  desc 0.4333  river 0.5077  22.6 ms/step
step  21200  loss 1.0078  h 0.0504  desc 0.4140  river 0.3915  22.6 ms/step
step  21300  loss 1.1004  h 0.0447  desc 0.4004  river 0.4923  22.6 ms/step
step  21400  loss 1.0922  h 0.0607  desc 0.4330  river 0.4451  22.6 ms/step
step  21500  loss 0.9354  h 0.0656  desc 0.4523  river 0.2710  22.6 ms/step
step  21600  loss 1.0807  h 0.0679  desc 0.4196  river 0.4347  22.6 ms/step
step  21700  loss 1.1200  h 0.0369  desc 0.4318  river 0.4863  22.6 ms/step
step  21800  loss 1.0620  h 0.0457  desc 0.4161  river 0.4485  22.6 ms/step
step  21900  loss 1.0928  h 0.0614  desc 0.4054  river 0.4690  22.6 ms/step
step  22000  loss 0.9514  h 0.0471  desc 0.4031  river 0.3518  22.6 ms/step
  eval {'height': 0.0355, 'grad': 0.0449, 'desc': 0.377, 'river': 0.7454, 'logacc': 0.1466, 'total': 1.3269, 'height_mae_m': 35.4551, 'river_iou': 0.2849, 'step': 22000}
step  22100  loss 1.1075  h 0.0676  desc 0.4201  river 0.4597  22.6 ms/step
step  22200  loss 1.1697  h 0.0682  desc 0.4138  river 0.5207  22.6 ms/step
step  22300  loss 1.0959  h 0.0540  desc 0.4375  river 0.4392  22.6 ms/step
step  22400  loss 0.9054  h 0.0476  desc 0.4080  river 0.3040  22.6 ms/step
step  22500  loss 1.0767  h 0.0546  desc 0.4228  river 0.4378  22.6 ms/step
step  22600  loss 1.0444  h 0.0475  desc 0.4206  river 0.4302  22.6 ms/step
step  22700  loss 1.2175  h 0.0538  desc 0.3931  river 0.6060  22.6 ms/step
step  22800  loss 1.0273  h 0.0603  desc 0.4434  river 0.3623  22.6 ms/step
step  22900  loss 1.0878  h 0.0555  desc 0.4111  river 0.4592  22.6 ms/step
step  23000  loss 0.9782  h 0.0387  desc 0.4263  river 0.3623  22.6 ms/step
step  23100  loss 1.2177  h 0.0421  desc 0.4629  river 0.5404  22.6 ms/step
step  23200  loss 1.1607  h 0.0519  desc 0.4134  river 0.5309  22.6 ms/step
step  23300  loss 1.0834  h 0.0526  desc 0.4185  river 0.4554  22.6 ms/step
step  23400  loss 1.0005  h 0.0431  desc 0.4103  river 0.3941  22.6 ms/step
step  23500  loss 1.1641  h 0.0454  desc 0.3952  river 0.5604  22.6 ms/step
step  23600  loss 1.0654  h 0.0589  desc 0.3990  river 0.4478  22.6 ms/step
step  23700  loss 1.0359  h 0.0557  desc 0.4365  river 0.3931  22.6 ms/step
step  23800  loss 1.0439  h 0.0389  desc 0.4170  river 0.4363  22.6 ms/step
step  23900  loss 0.9282  h 0.0440  desc 0.4025  river 0.3305  22.6 ms/step
step  24000  loss 0.9357  h 0.0548  desc 0.4001  river 0.3266  22.6 ms/step
  eval {'height': 0.0355, 'grad': 0.0448, 'desc': 0.3776, 'river': 0.7502, 'logacc': 0.1459, 'total': 1.3316, 'height_mae_m': 35.4545, 'river_iou': 0.295, 'step': 24000}
step  24100  loss 1.0126  h 0.0518  desc 0.4117  river 0.3944  22.6 ms/step
step  24200  loss 1.0958  h 0.0416  desc 0.3920  river 0.5019  22.6 ms/step
step  24300  loss 1.0271  h 0.0738  desc 0.4227  river 0.3741  22.6 ms/step
step  24400  loss 1.1050  h 0.0471  desc 0.4140  river 0.4815  22.6 ms/step
step  24500  loss 1.1430  h 0.0511  desc 0.4392  river 0.4887  22.6 ms/step
step  24600  loss 0.9619  h 0.0545  desc 0.3965  river 0.3592  22.6 ms/step
step  24700  loss 1.2485  h 0.0544  desc 0.4238  river 0.6103  22.6 ms/step
step  24800  loss 1.0832  h 0.0549  desc 0.4042  river 0.4601  22.6 ms/step
step  24900  loss 1.1734  h 0.0385  desc 0.4143  river 0.5627  22.6 ms/step
step  25000  loss 0.9312  h 0.0797  desc 0.3914  river 0.3172  22.6 ms/step
step  25100  loss 1.1230  h 0.0945  desc 0.3914  river 0.4746  22.6 ms/step
step  25200  loss 0.9412  h 0.0449  desc 0.4013  river 0.3466  22.6 ms/step
step  25300  loss 0.9112  h 0.0481  desc 0.4035  river 0.3143  22.6 ms/step
step  25400  loss 1.1423  h 0.0411  desc 0.4187  river 0.5187  22.6 ms/step
step  25500  loss 1.2135  h 0.0807  desc 0.4256  river 0.5393  22.6 ms/step
step  25600  loss 1.0861  h 0.0535  desc 0.4121  river 0.4618  22.6 ms/step
step  25700  loss 0.8999  h 0.0445  desc 0.4162  river 0.3017  22.6 ms/step
step  25800  loss 0.8975  h 0.0486  desc 0.4094  river 0.2937  22.6 ms/step
step  25900  loss 1.0065  h 0.0591  desc 0.4014  river 0.3925  22.6 ms/step
step  26000  loss 1.1560  h 0.0495  desc 0.4004  river 0.5408  22.6 ms/step
  eval {'height': 0.0351, 'grad': 0.0446, 'desc': 0.3761, 'river': 0.7403, 'logacc': 0.1452, 'total': 1.3191, 'height_mae_m': 35.1441, 'river_iou': 0.2848, 'step': 26000}
step  26100  loss 1.0175  h 0.0446  desc 0.4156  river 0.4051  22.6 ms/step
step  26200  loss 0.9141  h 0.0425  desc 0.4187  river 0.3022  22.6 ms/step
step  26300  loss 1.0988  h 0.0554  desc 0.4011  river 0.4807  22.6 ms/step
step  26400  loss 1.0253  h 0.0364  desc 0.4115  river 0.4243  22.6 ms/step
step  26500  loss 1.0563  h 0.0483  desc 0.4308  river 0.4209  22.6 ms/step
step  26600  loss 0.9140  h 0.0396  desc 0.4030  river 0.3245  22.6 ms/step
step  26700  loss 0.9867  h 0.0464  desc 0.4113  river 0.3742  22.6 ms/step
step  26800  loss 1.0692  h 0.0442  desc 0.4221  river 0.4448  22.6 ms/step
step  26900  loss 0.9941  h 0.0464  desc 0.4240  river 0.3726  22.6 ms/step
step  27000  loss 0.9272  h 0.0363  desc 0.4011  river 0.3375  22.6 ms/step
step  27100  loss 1.0026  h 0.0609  desc 0.4198  river 0.3679  22.6 ms/step
step  27200  loss 1.0210  h 0.0439  desc 0.4280  river 0.3962  22.6 ms/step
step  27300  loss 1.0614  h 0.0382  desc 0.4019  river 0.4690  22.6 ms/step
step  27400  loss 1.0327  h 0.0482  desc 0.4260  river 0.4049  22.6 ms/step
step  27500  loss 0.9621  h 0.0445  desc 0.4023  river 0.3608  22.6 ms/step
step  27600  loss 1.0151  h 0.0513  desc 0.4091  river 0.4027  22.6 ms/step
step  27700  loss 1.0950  h 0.0486  desc 0.4252  river 0.4649  22.6 ms/step
step  27800  loss 1.0870  h 0.0636  desc 0.3976  river 0.4691  22.6 ms/step
step  27900  loss 1.1461  h 0.0627  desc 0.4180  river 0.5117  22.6 ms/step
step  28000  loss 1.0034  h 0.0392  desc 0.4061  river 0.4097  22.6 ms/step
  eval {'height': 0.0348, 'grad': 0.0444, 'desc': 0.3765, 'river': 0.7378, 'logacc': 0.1448, 'total': 1.3161, 'height_mae_m': 34.8346, 'river_iou': 0.2809, 'step': 28000}
step  28100  loss 1.0338  h 0.0435  desc 0.4150  river 0.4191  22.6 ms/step
step  28200  loss 0.9882  h 0.0411  desc 0.4300  river 0.3676  22.6 ms/step
step  28300  loss 1.1093  h 0.0357  desc 0.3994  river 0.5207  22.6 ms/step
step  28400  loss 1.0744  h 0.0531  desc 0.4073  river 0.4589  22.6 ms/step
step  28500  loss 0.9846  h 0.0533  desc 0.4124  river 0.3650  22.6 ms/step
step  28600  loss 0.9484  h 0.0546  desc 0.4134  river 0.3325  22.6 ms/step
step  28700  loss 0.8790  h 0.0689  desc 0.4112  river 0.2551  22.6 ms/step
step  28800  loss 1.0573  h 0.0629  desc 0.4150  river 0.4206  22.6 ms/step
step  28900  loss 1.0787  h 0.0694  desc 0.4102  river 0.4429  22.6 ms/step
step  29000  loss 1.0003  h 0.0692  desc 0.4121  river 0.3635  22.6 ms/step
step  29100  loss 1.1340  h 0.0390  desc 0.3955  river 0.5389  22.6 ms/step
step  29200  loss 1.1732  h 0.0448  desc 0.4049  river 0.5621  22.6 ms/step
step  29300  loss 1.1098  h 0.0505  desc 0.4098  river 0.4950  22.6 ms/step
step  29400  loss 1.0541  h 0.0626  desc 0.4062  river 0.4308  22.6 ms/step
step  29500  loss 1.0340  h 0.0524  desc 0.4160  river 0.4119  22.6 ms/step
step  29600  loss 0.8877  h 0.0430  desc 0.4015  river 0.2924  22.6 ms/step
step  29700  loss 1.0470  h 0.0712  desc 0.4090  river 0.4148  22.6 ms/step
step  29800  loss 0.9368  h 0.0434  desc 0.4047  river 0.3438  22.6 ms/step
step  29900  loss 0.9405  h 0.0451  desc 0.3805  river 0.3681  22.6 ms/step
step  30000  loss 1.1278  h 0.0515  desc 0.4171  river 0.4959  22.6 ms/step
  eval {'height': 0.0357, 'grad': 0.0441, 'desc': 0.3752, 'river': 0.7373, 'logacc': 0.1444, 'total': 1.3146, 'height_mae_m': 35.6839, 'river_iou': 0.2946, 'step': 30000}
step  30100  loss 1.0044  h 0.0486  desc 0.4164  river 0.3852  22.6 ms/step
step  30200  loss 1.0321  h 0.0531  desc 0.4019  river 0.4233  22.6 ms/step
step  30300  loss 1.1529  h 0.0459  desc 0.4354  river 0.5179  22.6 ms/step
step  30400  loss 0.9823  h 0.0435  desc 0.4186  river 0.3715  22.6 ms/step
step  30500  loss 0.9509  h 0.0558  desc 0.4035  river 0.3409  22.6 ms/step
step  30600  loss 1.0407  h 0.0474  desc 0.4070  river 0.4307  22.6 ms/step
step  30700  loss 1.1343  h 0.0460  desc 0.3985  river 0.5246  22.6 ms/step
step  30800  loss 1.0593  h 0.0477  desc 0.3976  river 0.4577  22.6 ms/step
step  30900  loss 0.9883  h 0.0431  desc 0.3664  river 0.4214  22.6 ms/step
step  31000  loss 1.1472  h 0.0407  desc 0.4187  river 0.5312  22.6 ms/step
step  31100  loss 1.1168  h 0.0517  desc 0.4022  river 0.4999  22.6 ms/step
step  31200  loss 1.0259  h 0.0414  desc 0.4190  river 0.4109  22.5 ms/step
step  31300  loss 1.0437  h 0.0479  desc 0.4040  river 0.4454  22.5 ms/step
step  31400  loss 1.0070  h 0.0453  desc 0.3963  river 0.4039  22.5 ms/step
step  31500  loss 1.0403  h 0.0444  desc 0.4132  river 0.4268  22.5 ms/step
step  31600  loss 1.0559  h 0.0775  desc 0.4243  river 0.3940  22.5 ms/step
step  31700  loss 0.8780  h 0.0586  desc 0.4055  river 0.2689  22.5 ms/step
step  31800  loss 1.1051  h 0.0471  desc 0.4341  river 0.4580  22.5 ms/step
step  31900  loss 0.9384  h 0.0465  desc 0.4108  river 0.3358  22.5 ms/step
step  32000  loss 0.9784  h 0.0466  desc 0.3950  river 0.3818  22.5 ms/step
  eval {'height': 0.0346, 'grad': 0.0442, 'desc': 0.374, 'river': 0.7353, 'logacc': 0.1437, 'total': 1.3098, 'height_mae_m': 34.6244, 'river_iou': 0.3077, 'step': 32000}
step  32100  loss 1.0526  h 0.0454  desc 0.4146  river 0.4428  22.5 ms/step
step  32200  loss 1.0836  h 0.0540  desc 0.4259  river 0.4411  22.5 ms/step
step  32300  loss 1.0612  h 0.0459  desc 0.4130  river 0.4471  22.5 ms/step
step  32400  loss 1.0212  h 0.0794  desc 0.4302  river 0.3579  22.5 ms/step
step  32500  loss 1.0302  h 0.0676  desc 0.4073  river 0.3935  22.5 ms/step
step  32600  loss 1.0507  h 0.0616  desc 0.4103  river 0.4214  22.5 ms/step
step  32700  loss 0.9542  h 0.0903  desc 0.4209  river 0.2944  22.5 ms/step
step  32800  loss 1.0679  h 0.0535  desc 0.4070  river 0.4464  22.5 ms/step
step  32900  loss 1.1363  h 0.0571  desc 0.4082  river 0.5093  22.5 ms/step
step  33000  loss 1.1435  h 0.0636  desc 0.4232  river 0.4946  22.5 ms/step
step  33100  loss 1.0668  h 0.0438  desc 0.4095  river 0.4569  22.5 ms/step
step  33200  loss 1.1284  h 0.0426  desc 0.4102  river 0.5162  22.5 ms/step
step  33300  loss 1.0338  h 0.0423  desc 0.4016  river 0.4323  22.5 ms/step
step  33400  loss 1.0285  h 0.0488  desc 0.3932  river 0.4303  22.5 ms/step
step  33500  loss 1.0090  h 0.0399  desc 0.4110  river 0.4023  22.5 ms/step
step  33600  loss 0.9901  h 0.0529  desc 0.4151  river 0.3738  22.5 ms/step
step  33700  loss 0.9702  h 0.0431  desc 0.4244  river 0.3549  22.5 ms/step
step  33800  loss 1.0006  h 0.0525  desc 0.4072  river 0.3853  22.5 ms/step
step  33900  loss 0.9784  h 0.0492  desc 0.4096  river 0.3738  22.5 ms/step
step  34000  loss 0.9788  h 0.0431  desc 0.4133  river 0.3684  22.5 ms/step
  eval {'height': 0.0346, 'grad': 0.0441, 'desc': 0.3752, 'river': 0.7338, 'logacc': 0.1438, 'total': 1.3094, 'height_mae_m': 34.5819, 'river_iou': 0.3019, 'step': 34000}
step  34100  loss 0.9932  h 0.0493  desc 0.4095  river 0.3795  22.5 ms/step
step  34200  loss 0.9725  h 0.0437  desc 0.3991  river 0.3867  22.5 ms/step
step  34300  loss 1.0100  h 0.0555  desc 0.4300  river 0.3676  22.5 ms/step
step  34400  loss 0.9643  h 0.0611  desc 0.3966  river 0.3549  22.5 ms/step
step  34500  loss 1.0570  h 0.0482  desc 0.4138  river 0.4347  22.5 ms/step
step  34600  loss 0.9093  h 0.0456  desc 0.3928  river 0.3217  22.5 ms/step
step  34700  loss 0.9858  h 0.0602  desc 0.4112  river 0.3649  22.5 ms/step
step  34800  loss 0.9860  h 0.0369  desc 0.4029  river 0.3943  22.5 ms/step
step  34900  loss 1.0403  h 0.0523  desc 0.3985  river 0.4342  22.5 ms/step
step  35000  loss 0.9636  h 0.0440  desc 0.4111  river 0.3627  22.5 ms/step
step  35100  loss 0.9661  h 0.0340  desc 0.3930  river 0.3907  22.5 ms/step
step  35200  loss 0.9874  h 0.0410  desc 0.3953  river 0.3977  22.5 ms/step
step  35300  loss 1.0893  h 0.0510  desc 0.4005  river 0.4794  22.5 ms/step
step  35400  loss 0.8507  h 0.0355  desc 0.4026  river 0.2690  22.5 ms/step
step  35500  loss 0.9652  h 0.0841  desc 0.4030  river 0.3318  22.5 ms/step
step  35600  loss 1.0029  h 0.0422  desc 0.3939  river 0.4185  22.5 ms/step
step  35700  loss 1.0212  h 0.0618  desc 0.4258  river 0.3786  22.5 ms/step
step  35800  loss 1.0078  h 0.0538  desc 0.4080  river 0.3906  22.5 ms/step
step  35900  loss 0.9475  h 0.0548  desc 0.3949  river 0.3509  22.5 ms/step
step  36000  loss 1.0246  h 0.0474  desc 0.3939  river 0.4275  22.5 ms/step
  eval {'height': 0.0347, 'grad': 0.0439, 'desc': 0.3741, 'river': 0.733, 'logacc': 0.1439, 'total': 1.3076, 'height_mae_m': 34.6683, 'river_iou': 0.2926, 'step': 36000}
step  36100  loss 1.0402  h 0.0454  desc 0.4072  river 0.4335  22.5 ms/step
step  36200  loss 1.0848  h 0.0633  desc 0.3853  river 0.4827  22.5 ms/step
step  36300  loss 1.0643  h 0.0613  desc 0.3903  river 0.4514  22.5 ms/step
step  36400  loss 1.0462  h 0.0429  desc 0.3953  river 0.4455  22.6 ms/step
step  36500  loss 0.9890  h 0.0572  desc 0.4281  river 0.3489  22.6 ms/step
step  36600  loss 1.1101  h 0.0593  desc 0.4135  river 0.4789  22.6 ms/step
step  36700  loss 0.9484  h 0.0406  desc 0.3941  river 0.3697  22.6 ms/step
step  36800  loss 1.0129  h 0.0495  desc 0.3887  river 0.4223  22.6 ms/step
step  36900  loss 0.9595  h 0.0681  desc 0.4170  river 0.3237  22.6 ms/step
step  37000  loss 0.9665  h 0.0436  desc 0.4039  river 0.3655  22.6 ms/step
step  37100  loss 1.0767  h 0.0476  desc 0.3777  river 0.4942  22.6 ms/step
step  37200  loss 0.9545  h 0.0474  desc 0.4102  river 0.3435  22.6 ms/step
step  37300  loss 0.9958  h 0.0438  desc 0.4151  river 0.3856  22.6 ms/step
step  37400  loss 0.8597  h 0.0432  desc 0.3959  river 0.2770  22.6 ms/step
step  37500  loss 1.0439  h 0.0422  desc 0.4028  river 0.4456  22.6 ms/step
step  37600  loss 1.1139  h 0.0499  desc 0.3875  river 0.5205  22.6 ms/step
step  37700  loss 1.0617  h 0.0473  desc 0.3941  river 0.4660  22.6 ms/step
step  37800  loss 1.0239  h 0.0344  desc 0.4074  river 0.4216  22.6 ms/step
step  37900  loss 0.9604  h 0.0387  desc 0.4273  river 0.3448  22.6 ms/step
step  38000  loss 0.9758  h 0.0438  desc 0.3869  river 0.3990  22.6 ms/step
  eval {'height': 0.0344, 'grad': 0.044, 'desc': 0.3746, 'river': 0.7323, 'logacc': 0.1436, 'total': 1.3069, 'height_mae_m': 34.4052, 'river_iou': 0.2995, 'step': 38000}
step  38100  loss 1.1321  h 0.0596  desc 0.4122  river 0.4997  22.6 ms/step
step  38200  loss 1.0902  h 0.0924  desc 0.4149  river 0.4259  22.6 ms/step
step  38300  loss 1.1781  h 0.0563  desc 0.3918  river 0.5636  22.6 ms/step
step  38400  loss 0.9589  h 0.0421  desc 0.4099  river 0.3575  22.6 ms/step
step  38500  loss 0.9067  h 0.0534  desc 0.3921  river 0.3114  22.6 ms/step
step  38600  loss 0.9020  h 0.0457  desc 0.4046  river 0.3086  22.6 ms/step
step  38700  loss 1.1471  h 0.0462  desc 0.4194  river 0.5230  22.6 ms/step
step  38800  loss 0.9556  h 0.0519  desc 0.3896  river 0.3658  22.6 ms/step
step  38900  loss 1.0281  h 0.0447  desc 0.4071  river 0.4174  22.6 ms/step
step  39000  loss 0.9522  h 0.0562  desc 0.4002  river 0.3466  22.6 ms/step
step  39100  loss 1.0072  h 0.0500  desc 0.4077  river 0.3991  22.6 ms/step
step  39200  loss 0.9377  h 0.0341  desc 0.3868  river 0.3727  22.6 ms/step
step  39300  loss 0.9890  h 0.0489  desc 0.3911  river 0.4014  22.6 ms/step
step  39400  loss 0.9582  h 0.0440  desc 0.4057  river 0.3602  22.6 ms/step
step  39500  loss 1.1064  h 0.0581  desc 0.3989  river 0.4833  22.6 ms/step
step  39600  loss 0.9754  h 0.0388  desc 0.4142  river 0.3736  22.6 ms/step
step  39700  loss 1.0652  h 0.0741  desc 0.4175  river 0.4176  22.6 ms/step
step  39800  loss 1.0386  h 0.0475  desc 0.3978  river 0.4396  22.6 ms/step
step  39900  loss 0.8966  h 0.0403  desc 0.4103  river 0.3047  22.6 ms/step
step  40000  loss 1.1307  h 0.0487  desc 0.3951  river 0.5219  22.6 ms/step
  eval {'height': 0.0345, 'grad': 0.0439, 'desc': 0.3745, 'river': 0.7326, 'logacc': 0.1436, 'total': 1.3071, 'height_mae_m': 34.5001, 'river_iou': 0.2986, 'step': 40000}
done in 15.0 min; best val loss 1.3069
