relief 425,033 params, 12,885,109 train corners, 320 val crops
step    100  loss 1.1248  110.1 ms/step
step    200  loss 1.0643  65.2 ms/step
step    300  loss 0.8805  50.3 ms/step
step    400  loss 0.2280  42.8 ms/step
step    500  loss 0.1453  38.4 ms/step
step    600  loss 0.0993  35.4 ms/step
step    700  loss 0.1088  33.3 ms/step
step    800  loss 0.0919  31.8 ms/step
step    900  loss 0.0918  30.6 ms/step
step   1000  loss 0.0841  29.6 ms/step
step   1100  loss 0.0813  28.8 ms/step
step   1200  loss 0.0779  28.1 ms/step
step   1300  loss 0.0922  27.5 ms/step
step   1400  loss 0.0653  27.0 ms/step
step   1500  loss 0.0581  26.6 ms/step
step   1600  loss 0.0616  26.2 ms/step
step   1700  loss 0.0733  25.9 ms/step
step   1800  loss 0.0527  25.6 ms/step
step   1900  loss 0.0780  25.4 ms/step
step   2000  loss 0.0686  25.1 ms/step
step   2100  loss 0.0723  24.9 ms/step
step   2200  loss 0.0476  24.7 ms/step
step   2300  loss 0.0629  24.6 ms/step
step   2400  loss 0.0638  24.4 ms/step
step   2500  loss 0.0596  24.3 ms/step
step   2600  loss 0.0606  24.1 ms/step
step   2700  loss 0.0532  24.0 ms/step
step   2800  loss 0.0666  23.9 ms/step
step   2900  loss 0.0668  23.8 ms/step
step   3000  loss 0.0541  23.7 ms/step
  eval {'step': 3000, 'val_fm': 0.06053776266053319, 'amp_ratio': 0.7755855603709065}
step   3100  loss 0.0772  23.9 ms/step
step   3200  loss 0.0509  23.8 ms/step
step   3300  loss 0.0530  23.7 ms/step
step   3400  loss 0.0419  23.6 ms/step
step   3500  loss 0.0460  23.5 ms/step
step   3600  loss 0.0562  23.5 ms/step
step   3700  loss 0.0414  23.4 ms/step
step   3800  loss 0.0764  23.4 ms/step
step   3900  loss 0.0510  23.3 ms/step
step   4000  loss 0.0534  23.3 ms/step
step   4100  loss 0.0547  23.2 ms/step
step   4200  loss 0.0311  23.1 ms/step
step   4300  loss 0.0389  23.1 ms/step
step   4400  loss 0.0586  23.0 ms/step
step   4500  loss 0.0562  23.0 ms/step
step   4600  loss 0.0410  23.0 ms/step
step   4700  loss 0.0526  22.9 ms/step
step   4800  loss 0.0431  22.9 ms/step
step   4900  loss 0.0450  22.9 ms/step
step   5000  loss 0.0567  22.8 ms/step
step   5100  loss 0.0536  22.8 ms/step
step   5200  loss 0.0478  22.8 ms/step
step   5300  loss 0.0418  22.7 ms/step
step   5400  loss 0.0359  22.7 ms/step
step   5500  loss 0.0587  22.7 ms/step
step   5600  loss 0.0378  22.6 ms/step
step   5700  loss 0.0508  22.6 ms/step
step   5800  loss 0.0462  22.6 ms/step
step   5900  loss 0.0579  22.6 ms/step
step   6000  loss 0.0346  22.5 ms/step
  eval {'step': 6000, 'val_fm': 0.05431431485339999, 'amp_ratio': 0.7406124417228312}
step   6100  loss 0.0704  22.7 ms/step
step   6200  loss 0.0381  22.6 ms/step
step   6300  loss 0.0749  22.6 ms/step
step   6400  loss 0.0382  22.6 ms/step
step   6500  loss 0.0359  22.6 ms/step
step   6600  loss 0.0469  22.5 ms/step
step   6700  loss 0.0745  22.5 ms/step
step   6800  loss 0.0638  22.5 ms/step
step   6900  loss 0.0356  22.5 ms/step
step   7000  loss 0.0459  22.5 ms/step
step   7100  loss 0.0367  22.4 ms/step
step   7200  loss 0.0442  22.4 ms/step
step   7300  loss 0.0441  22.4 ms/step
step   7400  loss 0.0382  22.4 ms/step
step   7500  loss 0.0391  22.4 ms/step
step   7600  loss 0.0413  22.4 ms/step
step   7700  loss 0.0498  22.3 ms/step
step   7800  loss 0.0503  22.3 ms/step
step   7900  loss 0.0647  22.3 ms/step
step   8000  loss 0.0566  22.3 ms/step
step   8100  loss 0.0450  22.3 ms/step
step   8200  loss 0.0383  22.3 ms/step
step   8300  loss 0.0586  22.3 ms/step
step   8400  loss 0.0324  22.2 ms/step
step   8500  loss 0.0438  22.2 ms/step
step   8600  loss 0.0455  22.2 ms/step
step   8700  loss 0.0387  22.2 ms/step
step   8800  loss 0.0447  22.2 ms/step
step   8900  loss 0.0384  22.2 ms/step
step   9000  loss 0.0338  22.2 ms/step
  eval {'step': 9000, 'val_fm': 0.05159095972776413, 'amp_ratio': 0.7701875596499402}
step   9100  loss 0.0422  22.3 ms/step
step   9200  loss 0.0502  22.3 ms/step
step   9300  loss 0.0387  22.2 ms/step
step   9400  loss 0.0322  22.2 ms/step
step   9500  loss 0.0408  22.2 ms/step
step   9600  loss 0.0466  22.2 ms/step
step   9700  loss 0.0491  22.2 ms/step
step   9800  loss 0.0461  22.2 ms/step
step   9900  loss 0.0401  22.2 ms/step
step  10000  loss 0.0400  22.2 ms/step
step  10100  loss 0.0587  22.2 ms/step
step  10200  loss 0.0332  22.1 ms/step
step  10300  loss 0.0299  22.1 ms/step
step  10400  loss 0.0398  22.1 ms/step
step  10500  loss 0.0453  22.1 ms/step
step  10600  loss 0.0465  22.1 ms/step
step  10700  loss 0.0599  22.1 ms/step
step  10800  loss 0.0364  22.1 ms/step
step  10900  loss 0.0348  22.1 ms/step
step  11000  loss 0.0493  22.1 ms/step
step  11100  loss 0.0567  22.1 ms/step
step  11200  loss 0.0293  22.1 ms/step
step  11300  loss 0.0465  22.1 ms/step
step  11400  loss 0.0394  22.1 ms/step
step  11500  loss 0.0464  22.1 ms/step
step  11600  loss 0.0445  22.0 ms/step
step  11700  loss 0.0471  22.0 ms/step
step  11800  loss 0.0537  22.1 ms/step
step  11900  loss 0.0415  22.0 ms/step
step  12000  loss 0.0564  22.1 ms/step
  eval {'step': 12000, 'val_fm': 0.050179890589788556, 'amp_ratio': 0.8386798802661062}
step  12100  loss 0.0508  22.1 ms/step
step  12200  loss 0.0439  22.1 ms/step
step  12300  loss 0.0318  22.1 ms/step
step  12400  loss 0.0396  22.1 ms/step
step  12500  loss 0.0600  22.1 ms/step
step  12600  loss 0.0388  22.1 ms/step
step  12700  loss 0.0397  22.1 ms/step
step  12800  loss 0.0490  22.1 ms/step
step  12900  loss 0.0488  22.1 ms/step
step  13000  loss 0.0638  22.1 ms/step
step  13100  loss 0.0442  22.1 ms/step
step  13200  loss 0.0354  22.1 ms/step
step  13300  loss 0.0520  22.1 ms/step
step  13400  loss 0.0516  22.1 ms/step
step  13500  loss 0.0412  22.0 ms/step
step  13600  loss 0.0354  22.0 ms/step
step  13700  loss 0.0379  22.0 ms/step
step  13800  loss 0.0361  22.0 ms/step
step  13900  loss 0.0315  22.0 ms/step
step  14000  loss 0.0512  22.0 ms/step
step  14100  loss 0.0506  22.0 ms/step
step  14200  loss 0.0456  22.0 ms/step
step  14300  loss 0.0310  22.0 ms/step
step  14400  loss 0.0275  22.0 ms/step
step  14500  loss 0.0324  22.0 ms/step
step  14600  loss 0.0511  22.0 ms/step
step  14700  loss 0.0491  22.0 ms/step
step  14800  loss 0.0381  22.0 ms/step
step  14900  loss 0.0611  22.0 ms/step
step  15000  loss 0.0342  22.0 ms/step
  eval {'step': 15000, 'val_fm': 0.04927716995589435, 'amp_ratio': 0.8721244508926724}
step  15100  loss 0.0410  22.0 ms/step
step  15200  loss 0.0470  22.0 ms/step
step  15300  loss 0.0509  22.0 ms/step
step  15400  loss 0.0472  22.0 ms/step
step  15500  loss 0.0315  22.0 ms/step
step  15600  loss 0.0541  22.0 ms/step
step  15700  loss 0.0588  22.0 ms/step
step  15800  loss 0.0438  22.0 ms/step
step  15900  loss 0.0390  22.0 ms/step
step  16000  loss 0.0520  22.0 ms/step
step  16100  loss 0.0477  22.0 ms/step
step  16200  loss 0.0354  22.0 ms/step
step  16300  loss 0.0363  22.0 ms/step
step  16400  loss 0.0441  22.0 ms/step
step  16500  loss 0.0449  22.0 ms/step
step  16600  loss 0.0420  22.0 ms/step
step  16700  loss 0.0449  22.0 ms/step
step  16800  loss 0.0469  22.0 ms/step
step  16900  loss 0.0381  22.0 ms/step
step  17000  loss 0.0353  22.0 ms/step
step  17100  loss 0.0486  22.0 ms/step
step  17200  loss 0.0660  22.0 ms/step
step  17300  loss 0.0516  22.0 ms/step
step  17400  loss 0.0582  22.0 ms/step
step  17500  loss 0.0397  22.0 ms/step
step  17600  loss 0.0700  22.0 ms/step
step  17700  loss 0.0369  22.0 ms/step
step  17800  loss 0.0266  22.0 ms/step
step  17900  loss 0.0374  22.0 ms/step
step  18000  loss 0.0449  21.9 ms/step
  eval {'step': 18000, 'val_fm': 0.04844499649479985, 'amp_ratio': 0.8939977827054648}
step  18100  loss 0.0373  22.0 ms/step
step  18200  loss 0.0514  22.0 ms/step
step  18300  loss 0.0429  22.0 ms/step
step  18400  loss 0.0319  22.0 ms/step
step  18500  loss 0.0430  22.0 ms/step
step  18600  loss 0.0374  22.0 ms/step
step  18700  loss 0.0412  22.0 ms/step
step  18800  loss 0.0396  22.0 ms/step
step  18900  loss 0.0299  22.0 ms/step
step  19000  loss 0.0395  22.0 ms/step
step  19100  loss 0.0475  22.0 ms/step
step  19200  loss 0.0465  22.0 ms/step
step  19300  loss 0.0399  22.0 ms/step
step  19400  loss 0.0421  22.0 ms/step
step  19500  loss 0.0282  22.0 ms/step
step  19600  loss 0.0592  22.0 ms/step
step  19700  loss 0.0373  22.0 ms/step
step  19800  loss 0.0375  22.0 ms/step
step  19900  loss 0.0531  22.0 ms/step
step  20000  loss 0.0410  22.0 ms/step
step  20100  loss 0.0372  22.0 ms/step
step  20200  loss 0.0546  22.0 ms/step
step  20300  loss 0.0455  21.9 ms/step
step  20400  loss 0.0529  21.9 ms/step
step  20500  loss 0.0227  21.9 ms/step
step  20600  loss 0.0244  21.9 ms/step
step  20700  loss 0.0491  21.9 ms/step
step  20800  loss 0.0342  21.9 ms/step
step  20900  loss 0.0361  21.9 ms/step
step  21000  loss 0.0466  21.9 ms/step
  eval {'step': 21000, 'val_fm': 0.04790557320229709, 'amp_ratio': 0.9223396401350207}
step  21100  loss 0.0411  22.0 ms/step
step  21200  loss 0.0365  22.0 ms/step
step  21300  loss 0.0378  22.0 ms/step
step  21400  loss 0.0485  22.0 ms/step
step  21500  loss 0.0404  22.0 ms/step
step  21600  loss 0.0342  22.0 ms/step
step  21700  loss 0.0474  22.0 ms/step
step  21800  loss 0.0458  22.0 ms/step
step  21900  loss 0.0588  22.0 ms/step
step  22000  loss 0.0343  22.0 ms/step
step  22100  loss 0.0435  22.0 ms/step
step  22200  loss 0.0308  22.0 ms/step
step  22300  loss 0.0314  21.9 ms/step
step  22400  loss 0.0541  21.9 ms/step
step  22500  loss 0.0381  21.9 ms/step
step  22600  loss 0.0436  21.9 ms/step
step  22700  loss 0.0395  21.9 ms/step
step  22800  loss 0.0370  21.9 ms/step
step  22900  loss 0.0419  21.9 ms/step
step  23000  loss 0.0389  21.9 ms/step
step  23100  loss 0.0351  21.9 ms/step
step  23200  loss 0.0518  21.9 ms/step
step  23300  loss 0.0341  21.9 ms/step
step  23400  loss 0.0352  21.9 ms/step
step  23500  loss 0.0538  21.9 ms/step
step  23600  loss 0.0408  21.9 ms/step
step  23700  loss 0.0417  21.9 ms/step
step  23800  loss 0.0290  21.9 ms/step
step  23900  loss 0.0309  21.9 ms/step
step  24000  loss 0.0479  21.9 ms/step
  eval {'step': 24000, 'val_fm': 0.04758067550137639, 'amp_ratio': 0.9557785960489641}
step  24100  loss 0.0349  22.0 ms/step
step  24200  loss 0.0468  22.0 ms/step
step  24300  loss 0.0272  22.0 ms/step
step  24400  loss 0.0378  22.0 ms/step
step  24500  loss 0.0400  22.0 ms/step
step  24600  loss 0.0366  22.0 ms/step
step  24700  loss 0.0541  22.0 ms/step
step  24800  loss 0.0372  22.0 ms/step
step  24900  loss 0.0533  22.0 ms/step
step  25000  loss 0.0314  22.0 ms/step
step  25100  loss 0.0398  22.0 ms/step
step  25200  loss 0.0438  22.0 ms/step
step  25300  loss 0.0290  22.0 ms/step
step  25400  loss 0.0353  22.0 ms/step
step  25500  loss 0.0300  22.0 ms/step
step  25600  loss 0.0362  21.9 ms/step
step  25700  loss 0.0369  21.9 ms/step
step  25800  loss 0.0478  21.9 ms/step
step  25900  loss 0.0461  21.9 ms/step
step  26000  loss 0.0504  21.9 ms/step
step  26100  loss 0.0434  21.9 ms/step
step  26200  loss 0.0371  21.9 ms/step
step  26300  loss 0.0361  21.9 ms/step
step  26400  loss 0.0532  21.9 ms/step
step  26500  loss 0.0283  21.9 ms/step
step  26600  loss 0.0386  21.9 ms/step
step  26700  loss 0.0557  21.9 ms/step
step  26800  loss 0.0367  21.9 ms/step
step  26900  loss 0.0622  21.9 ms/step
step  27000  loss 0.0529  21.9 ms/step
  eval {'step': 27000, 'val_fm': 0.047414900921285155, 'amp_ratio': 0.9479274336511714}
step  27100  loss 0.0385  22.0 ms/step
step  27200  loss 0.0370  22.0 ms/step
step  27300  loss 0.0491  22.0 ms/step
step  27400  loss 0.0352  22.0 ms/step
step  27500  loss 0.0412  21.9 ms/step
step  27600  loss 0.0364  21.9 ms/step
step  27700  loss 0.0450  21.9 ms/step
step  27800  loss 0.0460  21.9 ms/step
step  27900  loss 0.0398  21.9 ms/step
step  28000  loss 0.0477  21.9 ms/step
step  28100  loss 0.0473  21.9 ms/step
step  28200  loss 0.0379  21.9 ms/step
step  28300  loss 0.0349  21.9 ms/step
step  28400  loss 0.0495  21.9 ms/step
step  28500  loss 0.0507  21.9 ms/step
step  28600  loss 0.0353  21.9 ms/step
step  28700  loss 0.0329  21.9 ms/step
step  28800  loss 0.0247  21.9 ms/step
step  28900  loss 0.0500  21.9 ms/step
step  29000  loss 0.0371  21.9 ms/step
step  29100  loss 0.0453  21.9 ms/step
step  29200  loss 0.0427  21.9 ms/step
step  29300  loss 0.0462  21.9 ms/step
step  29400  loss 0.0382  21.9 ms/step
step  29500  loss 0.0346  21.9 ms/step
step  29600  loss 0.0430  21.9 ms/step
step  29700  loss 0.0495  21.9 ms/step
step  29800  loss 0.0510  21.9 ms/step
step  29900  loss 0.0297  21.9 ms/step
step  30000  loss 0.0314  21.9 ms/step
  eval {'step': 30000, 'val_fm': 0.0473663576412946, 'amp_ratio': 0.9574687211318376}
done in 11.0 min; best val 0.0474
