refiner 336,785 params
step    100  loss 1.5820  93.0 ms/step
step    200  loss 1.2158  58.8 ms/step
step    300  loss 1.1728  47.4 ms/step
step    400  loss 1.0005  41.7 ms/step
step    500  loss 0.5777  38.3 ms/step
step    600  loss 0.4560  36.0 ms/step
step    700  loss 0.3863  34.4 ms/step
step    800  loss 0.3652  33.2 ms/step
step    900  loss 0.3304  32.3 ms/step
step   1000  loss 0.3216  31.5 ms/step
step   1100  loss 0.2763  30.9 ms/step
step   1200  loss 0.3087  30.4 ms/step
step   1300  loss 0.3377  30.0 ms/step
step   1400  loss 0.2782  29.6 ms/step
step   1500  loss 0.2686  29.3 ms/step
step   1600  loss 0.3065  29.1 ms/step
step   1700  loss 0.2681  28.8 ms/step
step   1800  loss 0.2777  28.6 ms/step
step   1900  loss 0.2770  28.5 ms/step
step   2000  loss 0.2362  28.3 ms/step
  eval {'step': 2000, 'val_fm': 0.24086071125098638}
step   2100  loss 0.2564  28.2 ms/step
step   2200  loss 0.2496  28.0 ms/step
step   2300  loss 0.2261  27.9 ms/step
step   2400  loss 0.2352  27.8 ms/step
step   2500  loss 0.2450  27.7 ms/step
step   2600  loss 0.2223  27.6 ms/step
step   2700  loss 0.2423  27.5 ms/step
step   2800  loss 0.2151  27.4 ms/step
step   2900  loss 0.2266  27.4 ms/step
step   3000  loss 0.2304  27.3 ms/step
step   3100  loss 0.2446  27.2 ms/step
step   3200  loss 0.2538  27.2 ms/step
step   3300  loss 0.2284  27.1 ms/step
step   3400  loss 0.2530  27.1 ms/step
step   3500  loss 0.2439  27.0 ms/step
step   3600  loss 0.2190  27.0 ms/step
step   3700  loss 0.2735  27.0 ms/step
step   3800  loss 0.2460  26.9 ms/step
step   3900  loss 0.2209  26.9 ms/step
step   4000  loss 0.2376  26.9 ms/step
  eval {'step': 4000, 'val_fm': 0.21762838533946446}
step   4100  loss 0.2530  26.8 ms/step
step   4200  loss 0.2635  26.8 ms/step
step   4300  loss 0.2270  26.8 ms/step
step   4400  loss 0.2428  26.8 ms/step
step   4500  loss 0.2370  26.7 ms/step
step   4600  loss 0.2321  26.7 ms/step
step   4700  loss 0.2654  26.7 ms/step
step   4800  loss 0.2354  26.7 ms/step
step   4900  loss 0.2266  26.6 ms/step
step   5000  loss 0.2401  26.6 ms/step
step   5100  loss 0.2289  26.6 ms/step
step   5200  loss 0.2413  26.6 ms/step
step   5300  loss 0.2145  26.6 ms/step
step   5400  loss 0.2390  26.6 ms/step
step   5500  loss 0.2622  26.6 ms/step
step   5600  loss 0.2022  26.5 ms/step
step   5700  loss 0.2264  26.5 ms/step
step   5800  loss 0.2246  26.5 ms/step
step   5900  loss 0.2102  26.5 ms/step
step   6000  loss 0.2460  26.5 ms/step
  eval {'step': 6000, 'val_fm': 0.20600912081343786}
step   6100  loss 0.2272  26.5 ms/step
step   6200  loss 0.2437  26.5 ms/step
step   6300  loss 0.2276  26.5 ms/step
step   6400  loss 0.1948  26.5 ms/step
step   6500  loss 0.2088  26.5 ms/step
step   6600  loss 0.2056  26.4 ms/step
step   6700  loss 0.1955  26.4 ms/step
step   6800  loss 0.2078  26.4 ms/step
step   6900  loss 0.2175  26.4 ms/step
step   7000  loss 0.2338  26.4 ms/step
step   7100  loss 0.2116  26.4 ms/step
step   7200  loss 0.2005  26.4 ms/step
step   7300  loss 0.2200  26.4 ms/step
step   7400  loss 0.2151  26.4 ms/step
step   7500  loss 0.2172  26.4 ms/step
step   7600  loss 0.1974  26.4 ms/step
step   7700  loss 0.2355  26.4 ms/step
step   7800  loss 0.2255  26.4 ms/step
step   7900  loss 0.2065  26.4 ms/step
step   8000  loss 0.2165  26.4 ms/step
  eval {'step': 8000, 'val_fm': 0.19740493382726396}
step   8100  loss 0.2060  26.4 ms/step
step   8200  loss 0.2023  26.4 ms/step
step   8300  loss 0.2039  26.4 ms/step
step   8400  loss 0.2191  26.4 ms/step
step   8500  loss 0.2045  26.4 ms/step
step   8600  loss 0.1828  26.3 ms/step
step   8700  loss 0.2071  26.3 ms/step
step   8800  loss 0.2271  26.3 ms/step
step   8900  loss 0.2198  26.3 ms/step
step   9000  loss 0.2067  26.3 ms/step
step   9100  loss 0.2031  26.3 ms/step
step   9200  loss 0.2071  26.3 ms/step
step   9300  loss 0.1738  26.3 ms/step
step   9400  loss 0.2228  26.3 ms/step
step   9500  loss 0.1845  26.3 ms/step
step   9600  loss 0.1969  26.3 ms/step
step   9700  loss 0.1910  26.3 ms/step
step   9800  loss 0.2173  26.3 ms/step
step   9900  loss 0.2003  26.3 ms/step
step  10000  loss 0.1959  26.3 ms/step
  eval {'step': 10000, 'val_fm': 0.19210441836288997}
step  10100  loss 0.2167  26.3 ms/step
step  10200  loss 0.2271  26.3 ms/step
step  10300  loss 0.1864  26.3 ms/step
step  10400  loss 0.2235  26.3 ms/step
step  10500  loss 0.2121  26.3 ms/step
step  10600  loss 0.2362  26.3 ms/step
step  10700  loss 0.2177  26.3 ms/step
step  10800  loss 0.2394  26.3 ms/step
step  10900  loss 0.2027  26.3 ms/step
step  11000  loss 0.2156  26.3 ms/step
step  11100  loss 0.2244  26.3 ms/step
step  11200  loss 0.2033  26.3 ms/step
step  11300  loss 0.1629  26.3 ms/step
step  11400  loss 0.1972  26.3 ms/step
step  11500  loss 0.1850  26.3 ms/step
step  11600  loss 0.2030  26.3 ms/step
step  11700  loss 0.1711  26.3 ms/step
step  11800  loss 0.1882  26.3 ms/step
step  11900  loss 0.1989  26.3 ms/step
step  12000  loss 0.2137  26.3 ms/step
  eval {'step': 12000, 'val_fm': 0.18805470424039022}
step  12100  loss 0.1873  26.3 ms/step
step  12200  loss 0.1944  26.3 ms/step
step  12300  loss 0.1753  26.3 ms/step
step  12400  loss 0.2168  26.3 ms/step
step  12500  loss 0.2032  26.3 ms/step
step  12600  loss 0.1697  26.3 ms/step
step  12700  loss 0.1935  26.3 ms/step
step  12800  loss 0.2377  26.3 ms/step
step  12900  loss 0.2204  26.3 ms/step
step  13000  loss 0.1630  26.3 ms/step
step  13100  loss 0.2048  26.3 ms/step
step  13200  loss 0.2216  26.3 ms/step
step  13300  loss 0.1857  26.3 ms/step
step  13400  loss 0.1673  26.3 ms/step
step  13500  loss 0.2503  26.3 ms/step
step  13600  loss 0.2070  26.3 ms/step
step  13700  loss 0.2092  26.3 ms/step
step  13800  loss 0.1893  26.3 ms/step
step  13900  loss 0.1926  26.3 ms/step
step  14000  loss 0.1794  26.3 ms/step
  eval {'step': 14000, 'val_fm': 0.18498703518084117}
step  14100  loss 0.1963  26.3 ms/step
step  14200  loss 0.1974  26.3 ms/step
step  14300  loss 0.2139  26.3 ms/step
step  14400  loss 0.1844  26.3 ms/step
step  14500  loss 0.2258  26.3 ms/step
step  14600  loss 0.2204  26.3 ms/step
step  14700  loss 0.1754  26.3 ms/step
step  14800  loss 0.2029  26.3 ms/step
step  14900  loss 0.2113  26.3 ms/step
step  15000  loss 0.2164  26.3 ms/step
step  15100  loss 0.1808  26.3 ms/step
step  15200  loss 0.1685  26.3 ms/step
step  15300  loss 0.2222  26.3 ms/step
step  15400  loss 0.1972  26.3 ms/step
step  15500  loss 0.2028  26.3 ms/step
step  15600  loss 0.2060  26.3 ms/step
step  15700  loss 0.1855  26.3 ms/step
step  15800  loss 0.1842  26.3 ms/step
step  15900  loss 0.2343  26.3 ms/step
step  16000  loss 0.1716  26.3 ms/step
  eval {'step': 16000, 'val_fm': 0.18253596978528158}
step  16100  loss 0.1913  26.3 ms/step
step  16200  loss 0.1870  26.3 ms/step
step  16300  loss 0.1708  26.3 ms/step
step  16400  loss 0.2114  26.3 ms/step
step  16500  loss 0.1756  26.3 ms/step
step  16600  loss 0.2203  26.3 ms/step
step  16700  loss 0.2168  26.4 ms/step
step  16800  loss 0.2142  26.4 ms/step
step  16900  loss 0.1912  26.4 ms/step
step  17000  loss 0.1980  26.4 ms/step
step  17100  loss 0.2153  26.3 ms/step
step  17200  loss 0.1824  26.4 ms/step
step  17300  loss 0.1900  26.4 ms/step
step  17400  loss 0.2172  26.4 ms/step
step  17500  loss 0.2288  26.4 ms/step
step  17600  loss 0.2086  26.4 ms/step
step  17700  loss 0.1935  26.4 ms/step
step  17800  loss 0.1772  26.4 ms/step
step  17900  loss 0.2158  26.4 ms/step
step  18000  loss 0.1890  26.4 ms/step
  eval {'step': 18000, 'val_fm': 0.1807519569993019}
step  18100  loss 0.2399  26.4 ms/step
step  18200  loss 0.2033  26.4 ms/step
step  18300  loss 0.1604  26.4 ms/step
step  18400  loss 0.2012  26.4 ms/step
step  18500  loss 0.2009  26.4 ms/step
step  18600  loss 0.1851  26.4 ms/step
step  18700  loss 0.2102  26.4 ms/step
step  18800  loss 0.2342  26.4 ms/step
step  18900  loss 0.1769  26.4 ms/step
step  19000  loss 0.1711  26.4 ms/step
step  19100  loss 0.2264  26.4 ms/step
step  19200  loss 0.1661  26.4 ms/step
step  19300  loss 0.1827  26.4 ms/step
step  19400  loss 0.2072  26.4 ms/step
step  19500  loss 0.1747  26.4 ms/step
step  19600  loss 0.1863  26.5 ms/step
step  19700  loss 0.1734  26.5 ms/step
step  19800  loss 0.1952  26.5 ms/step
step  19900  loss 0.1618  26.5 ms/step
step  20000  loss 0.1999  26.5 ms/step
  eval {'step': 20000, 'val_fm': 0.17930956504174642}
step  20100  loss 0.2054  26.5 ms/step
step  20200  loss 0.1819  26.5 ms/step
step  20300  loss 0.2156  26.6 ms/step
step  20400  loss 0.2102  26.6 ms/step
step  20500  loss 0.2432  26.6 ms/step
step  20600  loss 0.2183  26.6 ms/step
step  20700  loss 0.2224  26.6 ms/step
step  20800  loss 0.1811  26.6 ms/step
step  20900  loss 0.1648  26.6 ms/step
step  21000  loss 0.2035  26.6 ms/step
step  21100  loss 0.1854  26.7 ms/step
step  21200  loss 0.1836  26.7 ms/step
step  21300  loss 0.1676  26.7 ms/step
step  21400  loss 0.2161  26.7 ms/step
step  21500  loss 0.2139  26.7 ms/step
step  21600  loss 0.1744  26.7 ms/step
step  21700  loss 0.2077  26.7 ms/step
step  21800  loss 0.1815  26.7 ms/step
step  21900  loss 0.1808  26.7 ms/step
step  22000  loss 0.1661  26.8 ms/step
  eval {'step': 22000, 'val_fm': 0.17825033409254892}
step  22100  loss 0.2050  26.8 ms/step
step  22200  loss 0.1703  26.8 ms/step
step  22300  loss 0.2105  26.8 ms/step
step  22400  loss 0.1800  26.8 ms/step
step  22500  loss 0.1850  26.8 ms/step
step  22600  loss 0.1888  26.8 ms/step
step  22700  loss 0.1783  26.8 ms/step
step  22800  loss 0.1690  26.8 ms/step
step  22900  loss 0.1599  26.8 ms/step
step  23000  loss 0.1897  26.9 ms/step
step  23100  loss 0.2050  26.9 ms/step
step  23200  loss 0.2063  26.9 ms/step
step  23300  loss 0.1767  26.9 ms/step
step  23400  loss 0.1749  26.9 ms/step
step  23500  loss 0.1831  26.9 ms/step
step  23600  loss 0.2045  26.9 ms/step
step  23700  loss 0.1934  26.9 ms/step
step  23800  loss 0.1867  26.9 ms/step
step  23900  loss 0.2089  26.9 ms/step
step  24000  loss 0.1872  26.9 ms/step
  eval {'step': 24000, 'val_fm': 0.1775821756039347}
step  24100  loss 0.1789  26.9 ms/step
step  24200  loss 0.1827  26.9 ms/step
step  24300  loss 0.1921  26.9 ms/step
step  24400  loss 0.1722  26.9 ms/step
step  24500  loss 0.1632  26.9 ms/step
step  24600  loss 0.1690  26.9 ms/step
step  24700  loss 0.2004  26.9 ms/step
step  24800  loss 0.1576  26.9 ms/step
step  24900  loss 0.1868  26.9 ms/step
step  25000  loss 0.2056  26.9 ms/step
step  25100  loss 0.1931  26.9 ms/step
step  25200  loss 0.1867  26.9 ms/step
step  25300  loss 0.2363  26.9 ms/step
step  25400  loss 0.1923  26.9 ms/step
step  25500  loss 0.1811  26.9 ms/step
step  25600  loss 0.1839  26.9 ms/step
step  25700  loss 0.1997  26.9 ms/step
step  25800  loss 0.1576  26.9 ms/step
step  25900  loss 0.1858  26.9 ms/step
step  26000  loss 0.1817  26.9 ms/step
  eval {'step': 26000, 'val_fm': 0.17722017211573465}
step  26100  loss 0.2017  26.9 ms/step
step  26200  loss 0.2107  26.9 ms/step
step  26300  loss 0.1992  26.9 ms/step
step  26400  loss 0.2003  26.9 ms/step
step  26500  loss 0.1823  26.9 ms/step
step  26600  loss 0.1902  26.9 ms/step
step  26700  loss 0.2367  26.9 ms/step
step  26800  loss 0.2018  26.9 ms/step
step  26900  loss 0.2169  26.9 ms/step
step  27000  loss 0.2013  26.9 ms/step
step  27100  loss 0.1900  26.9 ms/step
step  27200  loss 0.1927  26.9 ms/step
step  27300  loss 0.2000  26.9 ms/step
step  27400  loss 0.1714  26.9 ms/step
step  27500  loss 0.1928  26.9 ms/step
step  27600  loss 0.2455  26.9 ms/step
step  27700  loss 0.1922  26.9 ms/step
step  27800  loss 0.1731  26.9 ms/step
step  27900  loss 0.2088  26.9 ms/step
step  28000  loss 0.1740  26.9 ms/step
  eval {'step': 28000, 'val_fm': 0.1769828913467271}
step  28100  loss 0.1851  26.9 ms/step
step  28200  loss 0.1849  26.9 ms/step
step  28300  loss 0.1743  26.9 ms/step
step  28400  loss 0.1744  26.9 ms/step
step  28500  loss 0.2051  26.9 ms/step
step  28600  loss 0.1895  26.9 ms/step
step  28700  loss 0.1954  26.9 ms/step
step  28800  loss 0.1598  26.9 ms/step
step  28900  loss 0.1763  26.9 ms/step
step  29000  loss 0.1919  26.9 ms/step
step  29100  loss 0.1608  26.9 ms/step
step  29200  loss 0.1939  26.9 ms/step
step  29300  loss 0.1990  26.9 ms/step
step  29400  loss 0.1748  26.9 ms/step
step  29500  loss 0.2044  26.9 ms/step
step  29600  loss 0.2037  26.9 ms/step
step  29700  loss 0.1871  26.9 ms/step
step  29800  loss 0.1995  26.9 ms/step
step  29900  loss 0.1970  26.9 ms/step
step  30000  loss 0.2064  26.9 ms/step
  eval {'step': 30000, 'val_fm': 0.1768693146961076}
done in 13.5 min; best val 0.1769
