descgit 1,552,248 params
step    100  loss 8.8042  amp_ce 6.050  acc 0.005  94.5 ms/step
step    200  loss 8.1432  amp_ce 5.445  acc 0.010  64.0 ms/step
step    300  loss 7.7668  amp_ce 5.077  acc 0.020  53.9 ms/step
step    400  loss 7.3730  amp_ce 4.727  acc 0.028  48.8 ms/step
step    500  loss 7.4320  amp_ce 4.767  acc 0.030  45.7 ms/step
step    600  loss 7.3731  amp_ce 4.677  acc 0.034  43.7 ms/step
step    700  loss 7.2374  amp_ce 4.573  acc 0.035  42.3 ms/step
step    800  loss 7.0458  amp_ce 4.363  acc 0.043  41.2 ms/step
step    900  loss 6.8295  amp_ce 4.183  acc 0.055  40.3 ms/step
step   1000  loss 6.8995  amp_ce 4.217  acc 0.059  39.6 ms/step
step   1100  loss 6.9104  amp_ce 4.263  acc 0.063  39.0 ms/step
step   1200  loss 6.6565  amp_ce 4.038  acc 0.083  38.5 ms/step
step   1300  loss 6.6913  amp_ce 4.049  acc 0.072  38.1 ms/step
step   1400  loss 6.4743  amp_ce 3.800  acc 0.114  37.8 ms/step
step   1500  loss 6.7423  amp_ce 4.097  acc 0.074  37.5 ms/step
step   1600  loss 6.6267  amp_ce 3.971  acc 0.088  37.3 ms/step
step   1700  loss 6.4133  amp_ce 3.790  acc 0.086  37.0 ms/step
step   1800  loss 6.5281  amp_ce 3.877  acc 0.085  36.8 ms/step
step   1900  loss 6.6017  amp_ce 3.958  acc 0.091  36.7 ms/step
step   2000  loss 6.3603  amp_ce 3.735  acc 0.099  36.5 ms/step
step   2100  loss 6.2896  amp_ce 3.640  acc 0.139  36.4 ms/step
step   2200  loss 6.2392  amp_ce 3.602  acc 0.120  36.2 ms/step
step   2300  loss 6.2624  amp_ce 3.625  acc 0.133  36.1 ms/step
step   2400  loss 6.1067  amp_ce 3.494  acc 0.145  36.0 ms/step
step   2500  loss 6.0144  amp_ce 3.400  acc 0.160  35.9 ms/step
step   2600  loss 5.9840  amp_ce 3.380  acc 0.157  35.8 ms/step
step   2700  loss 6.1513  amp_ce 3.526  acc 0.134  35.7 ms/step
step   2800  loss 6.0868  amp_ce 3.488  acc 0.159  35.6 ms/step
step   2900  loss 5.8960  amp_ce 3.330  acc 0.163  35.5 ms/step
step   3000  loss 6.1122  amp_ce 3.527  acc 0.153  35.5 ms/step
  eval {'step': 3000, 'amp_ce': 3.1797, 'shape_ce': 5.1432, 'total': 5.7512, 'amp_acc': 0.1633, 'spread_real': 0.5449, 'spread_ratio_sampled': 1.0237, 'spread_ratio_mean': 1.0586}
step   3100  loss 5.7805  amp_ce 3.209  acc 0.186  36.7 ms/step
step   3200  loss 5.9057  amp_ce 3.317  acc 0.163  36.6 ms/step
step   3300  loss 6.0969  amp_ce 3.498  acc 0.142  36.5 ms/step
step   3400  loss 5.7982  amp_ce 3.241  acc 0.172  36.5 ms/step
step   3500  loss 5.8156  amp_ce 3.242  acc 0.163  36.4 ms/step
step   3600  loss 5.7323  amp_ce 3.172  acc 0.177  36.3 ms/step
step   3700  loss 5.7280  amp_ce 3.181  acc 0.178  36.2 ms/step
step   3800  loss 5.7361  amp_ce 3.204  acc 0.173  36.2 ms/step
step   3900  loss 5.6686  amp_ce 3.145  acc 0.185  36.1 ms/step
step   4000  loss 5.3329  amp_ce 2.846  acc 0.231  36.0 ms/step
step   4100  loss 5.5798  amp_ce 3.081  acc 0.203  36.0 ms/step
step   4200  loss 5.5174  amp_ce 3.036  acc 0.203  35.9 ms/step
step   4300  loss 5.8000  amp_ce 3.273  acc 0.169  35.9 ms/step
step   4400  loss 5.6941  amp_ce 3.207  acc 0.194  35.8 ms/step
step   4500  loss 5.6224  amp_ce 3.100  acc 0.205  35.8 ms/step
step   4600  loss 5.7795  amp_ce 3.303  acc 0.171  35.7 ms/step
step   4700  loss 5.3703  amp_ce 2.918  acc 0.232  35.7 ms/step
step   4800  loss 5.6528  amp_ce 3.226  acc 0.181  35.6 ms/step
step   4900  loss 5.6018  amp_ce 3.149  acc 0.185  35.6 ms/step
step   5000  loss 5.6528  amp_ce 3.189  acc 0.180  35.5 ms/step
step   5100  loss 5.7327  amp_ce 3.258  acc 0.173  35.5 ms/step
step   5200  loss 5.4550  amp_ce 3.056  acc 0.193  35.4 ms/step
step   5300  loss 5.3853  amp_ce 2.987  acc 0.214  35.4 ms/step
step   5400  loss 5.4150  amp_ce 3.054  acc 0.196  35.4 ms/step
step   5500  loss 5.4009  amp_ce 3.015  acc 0.200  35.4 ms/step
step   5600  loss 5.4134  amp_ce 3.066  acc 0.206  35.4 ms/step
step   5700  loss 5.3284  amp_ce 2.982  acc 0.219  35.4 ms/step
step   5800  loss 5.4610  amp_ce 3.120  acc 0.185  35.3 ms/step
step   5900  loss 5.3884  amp_ce 3.048  acc 0.210  35.3 ms/step
step   6000  loss 4.9726  amp_ce 2.733  acc 0.253  35.3 ms/step
  eval {'step': 6000, 'amp_ce': 2.6699, 'shape_ce': 4.368, 'total': 4.8539, 'amp_acc': 0.2466, 'spread_real': 0.5449, 'spread_ratio_sampled': 0.9597, 'spread_ratio_mean': 1.0122}
step   6100  loss 5.3856  amp_ce 3.085  acc 0.206  35.7 ms/step
step   6200  loss 5.4633  amp_ce 3.124  acc 0.193  35.7 ms/step
step   6300  loss 5.4146  amp_ce 3.113  acc 0.205  35.7 ms/step
step   6400  loss 5.3310  amp_ce 3.040  acc 0.201  35.7 ms/step
step   6500  loss 5.3798  amp_ce 3.066  acc 0.202  35.6 ms/step
step   6600  loss 4.9876  amp_ce 2.778  acc 0.250  35.6 ms/step
step   6700  loss 5.1597  amp_ce 2.873  acc 0.242  35.6 ms/step
step   6800  loss 5.3767  amp_ce 3.056  acc 0.186  35.5 ms/step
step   6900  loss 5.5332  amp_ce 3.232  acc 0.180  35.5 ms/step
step   7000  loss 5.2206  amp_ce 3.008  acc 0.216  35.5 ms/step
step   7100  loss 5.5377  amp_ce 3.220  acc 0.179  35.5 ms/step
step   7200  loss 5.1954  amp_ce 2.969  acc 0.215  35.4 ms/step
step   7300  loss 5.2824  amp_ce 3.061  acc 0.207  35.4 ms/step
step   7400  loss 5.2878  amp_ce 3.074  acc 0.198  35.4 ms/step
step   7500  loss 5.2399  amp_ce 2.998  acc 0.203  35.4 ms/step
step   7600  loss 5.2390  amp_ce 3.008  acc 0.204  35.4 ms/step
step   7700  loss 4.9609  amp_ce 2.822  acc 0.254  35.3 ms/step
step   7800  loss 5.2420  amp_ce 3.018  acc 0.204  35.3 ms/step
step   7900  loss 4.9457  amp_ce 2.785  acc 0.265  35.3 ms/step
step   8000  loss 5.1433  amp_ce 2.906  acc 0.217  35.3 ms/step
step   8100  loss 5.1288  amp_ce 2.922  acc 0.232  35.3 ms/step
step   8200  loss 5.1137  amp_ce 2.963  acc 0.218  35.2 ms/step
step   8300  loss 5.3109  amp_ce 3.074  acc 0.201  35.2 ms/step
step   8400  loss 4.9629  amp_ce 2.818  acc 0.238  35.2 ms/step
step   8500  loss 5.2083  amp_ce 3.043  acc 0.205  35.2 ms/step
step   8600  loss 4.9519  amp_ce 2.795  acc 0.236  35.2 ms/step
step   8700  loss 5.1534  amp_ce 3.003  acc 0.211  35.2 ms/step
step   8800  loss 4.8142  amp_ce 2.749  acc 0.260  35.2 ms/step
step   8900  loss 5.0611  amp_ce 2.914  acc 0.230  35.3 ms/step
step   9000  loss 4.9718  amp_ce 2.907  acc 0.222  35.5 ms/step
  eval {'step': 9000, 'amp_ce': 2.5447, 'shape_ce': 3.9124, 'total': 4.5009, 'amp_acc': 0.2717, 'spread_real': 0.5449, 'spread_ratio_sampled': 0.9399, 'spread_ratio_mean': 0.9177}
step   9100  loss 4.9481  amp_ce 2.820  acc 0.246  36.1 ms/step
step   9200  loss 4.9152  amp_ce 2.806  acc 0.231  36.3 ms/step
step   9300  loss 4.9650  amp_ce 2.837  acc 0.229  36.3 ms/step
step   9400  loss 4.8427  amp_ce 2.775  acc 0.255  36.3 ms/step
step   9500  loss 5.2418  amp_ce 3.045  acc 0.210  36.4 ms/step
step   9600  loss 5.1446  amp_ce 2.926  acc 0.248  36.4 ms/step
step   9700  loss 5.2998  amp_ce 3.092  acc 0.199  36.4 ms/step
step   9800  loss 4.8674  amp_ce 2.781  acc 0.244  36.3 ms/step
step   9900  loss 5.2711  amp_ce 3.065  acc 0.207  36.3 ms/step
step  10000  loss 5.0090  amp_ce 2.847  acc 0.234  36.3 ms/step
step  10100  loss 5.2513  amp_ce 3.045  acc 0.190  36.3 ms/step
step  10200  loss 4.9618  amp_ce 2.863  acc 0.239  36.3 ms/step
step  10300  loss 5.1237  amp_ce 2.973  acc 0.210  36.4 ms/step
step  10400  loss 4.9160  amp_ce 2.806  acc 0.231  36.6 ms/step
step  10500  loss 4.8531  amp_ce 2.814  acc 0.246  36.7 ms/step
step  10600  loss 5.3319  amp_ce 3.092  acc 0.196  36.9 ms/step
step  10700  loss 5.3054  amp_ce 3.115  acc 0.187  37.0 ms/step
step  10800  loss 4.9473  amp_ce 2.816  acc 0.235  37.0 ms/step
step  10900  loss 5.1128  amp_ce 2.933  acc 0.223  37.0 ms/step
step  11000  loss 5.0359  amp_ce 2.904  acc 0.226  37.0 ms/step
step  11100  loss 5.0201  amp_ce 2.856  acc 0.242  36.9 ms/step
step  11200  loss 5.0606  amp_ce 2.934  acc 0.228  36.9 ms/step
step  11300  loss 4.6657  amp_ce 2.649  acc 0.271  36.9 ms/step
step  11400  loss 5.1118  amp_ce 2.959  acc 0.232  36.8 ms/step
step  11500  loss 5.2044  amp_ce 3.043  acc 0.207  37.0 ms/step
step  11600  loss 4.8209  amp_ce 2.750  acc 0.237  37.1 ms/step
step  11700  loss 4.7713  amp_ce 2.671  acc 0.264  37.2 ms/step
step  11800  loss 5.0014  amp_ce 2.855  acc 0.229  37.4 ms/step
step  11900  loss 4.7348  amp_ce 2.691  acc 0.268  37.5 ms/step
step  12000  loss 4.9057  amp_ce 2.798  acc 0.238  37.5 ms/step
  eval {'step': 12000, 'amp_ce': 2.487, 'shape_ce': 3.7711, 'total': 4.3726, 'amp_acc': 0.2811, 'spread_real': 0.5449, 'spread_ratio_sampled': 1.0196, 'spread_ratio_mean': 0.9919}
step  12100  loss 5.0225  amp_ce 2.882  acc 0.228  37.7 ms/step
step  12200  loss 4.8258  amp_ce 2.730  acc 0.269  37.7 ms/step
step  12300  loss 5.0459  amp_ce 2.906  acc 0.238  37.7 ms/step
step  12400  loss 5.2186  amp_ce 3.012  acc 0.219  37.6 ms/step
step  12500  loss 4.7141  amp_ce 2.674  acc 0.258  37.6 ms/step
step  12600  loss 5.0868  amp_ce 2.952  acc 0.212  37.6 ms/step
step  12700  loss 4.9055  amp_ce 2.772  acc 0.245  37.5 ms/step
step  12800  loss 4.8589  amp_ce 2.748  acc 0.240  37.5 ms/step
step  12900  loss 5.0016  amp_ce 2.876  acc 0.224  37.5 ms/step
step  13000  loss 4.9830  amp_ce 2.905  acc 0.227  37.5 ms/step
step  13100  loss 4.9583  amp_ce 2.810  acc 0.243  37.5 ms/step
step  13200  loss 5.0585  amp_ce 2.977  acc 0.218  37.6 ms/step
step  13300  loss 4.8519  amp_ce 2.837  acc 0.238  37.7 ms/step
step  13400  loss 4.8634  amp_ce 2.800  acc 0.231  37.8 ms/step
step  13500  loss 5.0207  amp_ce 2.882  acc 0.223  38.0 ms/step
step  13600  loss 4.9561  amp_ce 2.903  acc 0.225  38.0 ms/step
step  13700  loss 4.7066  amp_ce 2.656  acc 0.260  38.0 ms/step
step  13800  loss 4.5842  amp_ce 2.593  acc 0.285  38.0 ms/step
step  13900  loss 4.9048  amp_ce 2.785  acc 0.244  37.9 ms/step
step  14000  loss 4.8837  amp_ce 2.814  acc 0.254  37.9 ms/step
step  14100  loss 4.8664  amp_ce 2.713  acc 0.265  37.9 ms/step
step  14200  loss 5.1139  amp_ce 2.970  acc 0.215  37.8 ms/step
step  14300  loss 4.8356  amp_ce 2.755  acc 0.237  37.8 ms/step
step  14400  loss 5.1000  amp_ce 3.021  acc 0.224  37.8 ms/step
step  14500  loss 4.9079  amp_ce 2.804  acc 0.229  37.8 ms/step
step  14600  loss 5.1754  amp_ce 2.988  acc 0.209  37.9 ms/step
step  14700  loss 4.9168  amp_ce 2.824  acc 0.242  38.0 ms/step
step  14800  loss 5.0409  amp_ce 2.952  acc 0.218  38.1 ms/step
step  14900  loss 4.4764  amp_ce 2.540  acc 0.301  38.2 ms/step
step  15000  loss 5.2754  amp_ce 3.065  acc 0.200  38.3 ms/step
  eval {'step': 15000, 'amp_ce': 2.4394, 'shape_ce': 3.707, 'total': 4.2929, 'amp_acc': 0.2911, 'spread_real': 0.5449, 'spread_ratio_sampled': 1.0181, 'spread_ratio_mean': 1.0128}
step  15100  loss 4.7361  amp_ce 2.642  acc 0.257  38.5 ms/step
step  15200  loss 5.0015  amp_ce 2.927  acc 0.209  38.6 ms/step
step  15300  loss 5.0139  amp_ce 2.968  acc 0.221  38.8 ms/step
step  15400  loss 4.8630  amp_ce 2.824  acc 0.234  38.9 ms/step
step  15500  loss 5.0651  amp_ce 2.952  acc 0.227  38.9 ms/step
step  15600  loss 5.0773  amp_ce 2.994  acc 0.225  38.9 ms/step
step  15700  loss 4.9013  amp_ce 2.855  acc 0.235  38.8 ms/step
step  15800  loss 4.9305  amp_ce 2.857  acc 0.243  38.8 ms/step
step  15900  loss 4.7512  amp_ce 2.648  acc 0.271  38.8 ms/step
step  16000  loss 5.0129  amp_ce 2.887  acc 0.232  38.8 ms/step
step  16100  loss 4.8671  amp_ce 2.780  acc 0.246  38.7 ms/step
step  16200  loss 4.5386  amp_ce 2.570  acc 0.272  38.7 ms/step
step  16300  loss 4.9896  amp_ce 2.899  acc 0.229  38.6 ms/step
step  16400  loss 5.1734  amp_ce 3.014  acc 0.211  38.6 ms/step
step  16500  loss 4.9402  amp_ce 2.793  acc 0.245  38.6 ms/step
step  16600  loss 5.0913  amp_ce 2.892  acc 0.236  38.6 ms/step
step  16700  loss 5.0986  amp_ce 2.875  acc 0.242  38.6 ms/step
step  16800  loss 4.7248  amp_ce 2.657  acc 0.269  38.5 ms/step
step  16900  loss 5.0516  amp_ce 2.982  acc 0.213  38.5 ms/step
step  17000  loss 4.8683  amp_ce 2.769  acc 0.245  38.5 ms/step
step  17100  loss 4.9521  amp_ce 2.822  acc 0.235  38.4 ms/step
step  17200  loss 5.0502  amp_ce 2.856  acc 0.218  38.4 ms/step
step  17300  loss 4.7271  amp_ce 2.771  acc 0.257  38.4 ms/step
step  17400  loss 4.8715  amp_ce 2.789  acc 0.230  38.5 ms/step
step  17500  loss 4.8850  amp_ce 2.757  acc 0.258  38.6 ms/step
step  17600  loss 4.8582  amp_ce 2.879  acc 0.239  38.6 ms/step
step  17700  loss 4.8978  amp_ce 2.771  acc 0.247  38.7 ms/step
step  17800  loss 5.0731  amp_ce 2.953  acc 0.221  38.8 ms/step
step  17900  loss 4.7050  amp_ce 2.684  acc 0.267  38.9 ms/step
step  18000  loss 4.9627  amp_ce 2.805  acc 0.250  39.0 ms/step
  eval {'step': 18000, 'amp_ce': 2.3964, 'shape_ce': 3.6672, 'total': 4.23, 'amp_acc': 0.298, 'spread_real': 0.5449, 'spread_ratio_sampled': 0.955, 'spread_ratio_mean': 0.9802}
step  18100  loss 4.9496  amp_ce 2.789  acc 0.238  39.2 ms/step
step  18200  loss 4.7824  amp_ce 2.759  acc 0.254  39.3 ms/step
step  18300  loss 4.8654  amp_ce 2.757  acc 0.241  39.4 ms/step
step  18400  loss 4.9257  amp_ce 2.845  acc 0.241  39.3 ms/step
step  18500  loss 4.8327  amp_ce 2.799  acc 0.251  39.3 ms/step
step  18600  loss 4.7960  amp_ce 2.774  acc 0.253  39.3 ms/step
step  18700  loss 4.8118  amp_ce 2.786  acc 0.242  39.3 ms/step
step  18800  loss 4.5339  amp_ce 2.538  acc 0.292  39.2 ms/step
step  18900  loss 4.9556  amp_ce 2.822  acc 0.239  39.2 ms/step
step  19000  loss 4.7660  amp_ce 2.740  acc 0.268  39.2 ms/step
step  19100  loss 4.8147  amp_ce 2.705  acc 0.260  39.1 ms/step
step  19200  loss 4.6571  amp_ce 2.587  acc 0.291  39.2 ms/step
step  19300  loss 4.9844  amp_ce 2.881  acc 0.236  39.2 ms/step
step  19400  loss 4.6839  amp_ce 2.662  acc 0.268  39.3 ms/step
step  19500  loss 4.9013  amp_ce 2.772  acc 0.241  39.4 ms/step
step  19600  loss 5.0325  amp_ce 2.921  acc 0.231  39.4 ms/step
step  19700  loss 5.2107  amp_ce 3.041  acc 0.203  39.5 ms/step
step  19800  loss 4.5989  amp_ce 2.582  acc 0.276  39.5 ms/step
step  19900  loss 4.8009  amp_ce 2.698  acc 0.262  39.6 ms/step
step  20000  loss 4.7563  amp_ce 2.686  acc 0.264  39.7 ms/step
step  20100  loss 5.0224  amp_ce 2.867  acc 0.232  39.7 ms/step
step  20200  loss 4.8553  amp_ce 2.747  acc 0.254  39.7 ms/step
step  20300  loss 4.8567  amp_ce 2.810  acc 0.243  39.6 ms/step
step  20400  loss 5.0812  amp_ce 2.941  acc 0.236  39.6 ms/step
step  20500  loss 4.7812  amp_ce 2.778  acc 0.252  39.6 ms/step
step  20600  loss 4.9498  amp_ce 2.822  acc 0.237  39.6 ms/step
step  20700  loss 4.8207  amp_ce 2.727  acc 0.253  39.6 ms/step
step  20800  loss 4.8081  amp_ce 2.732  acc 0.248  39.7 ms/step
step  20900  loss 4.8252  amp_ce 2.763  acc 0.252  39.8 ms/step
step  21000  loss 4.8438  amp_ce 2.787  acc 0.269  39.8 ms/step
  eval {'step': 21000, 'amp_ce': 2.3774, 'shape_ce': 3.6453, 'total': 4.2, 'amp_acc': 0.3019, 'spread_real': 0.5449, 'spread_ratio_sampled': 0.9575, 'spread_ratio_mean': 0.9907}
step  21100  loss 4.7344  amp_ce 2.704  acc 0.265  40.0 ms/step
step  21200  loss 4.4784  amp_ce 2.562  acc 0.288  40.1 ms/step
step  21300  loss 4.9242  amp_ce 2.791  acc 0.243  40.2 ms/step
step  21400  loss 4.9251  amp_ce 2.782  acc 0.248  40.2 ms/step
step  21500  loss 4.9317  amp_ce 2.785  acc 0.254  40.2 ms/step
step  21600  loss 5.1827  amp_ce 3.020  acc 0.217  40.2 ms/step
step  21700  loss 4.7229  amp_ce 2.649  acc 0.284  40.2 ms/step
step  21800  loss 4.8470  amp_ce 2.764  acc 0.261  40.1 ms/step
step  21900  loss 4.6638  amp_ce 2.659  acc 0.277  40.1 ms/step
step  22000  loss 4.5042  amp_ce 2.529  acc 0.297  40.1 ms/step
step  22100  loss 5.1901  amp_ce 3.015  acc 0.211  40.1 ms/step
step  22200  loss 4.9667  amp_ce 2.838  acc 0.237  40.0 ms/step
step  22300  loss 4.9164  amp_ce 2.867  acc 0.228  40.0 ms/step
step  22400  loss 5.2841  amp_ce 3.049  acc 0.215  40.0 ms/step
step  22500  loss 4.9001  amp_ce 2.847  acc 0.246  39.9 ms/step
step  22600  loss 4.8739  amp_ce 2.728  acc 0.261  39.9 ms/step
step  22700  loss 4.6985  amp_ce 2.621  acc 0.276  39.9 ms/step
step  22800  loss 4.6953  amp_ce 2.682  acc 0.262  40.0 ms/step
step  22900  loss 4.7652  amp_ce 2.688  acc 0.270  40.0 ms/step
step  23000  loss 4.7526  amp_ce 2.757  acc 0.254  40.1 ms/step
step  23100  loss 4.9593  amp_ce 2.862  acc 0.248  40.1 ms/step
step  23200  loss 4.6245  amp_ce 2.562  acc 0.297  40.2 ms/step
step  23300  loss 5.0024  amp_ce 2.888  acc 0.220  40.2 ms/step
step  23400  loss 5.1139  amp_ce 2.936  acc 0.216  40.3 ms/step
step  23500  loss 4.8596  amp_ce 2.769  acc 0.246  40.3 ms/step
step  23600  loss 4.5832  amp_ce 2.588  acc 0.269  40.3 ms/step
step  23700  loss 5.0932  amp_ce 2.985  acc 0.213  40.3 ms/step
step  23800  loss 4.6436  amp_ce 2.683  acc 0.270  40.3 ms/step
step  23900  loss 4.6013  amp_ce 2.609  acc 0.282  40.2 ms/step
step  24000  loss 4.8138  amp_ce 2.720  acc 0.256  40.2 ms/step
  eval {'step': 24000, 'amp_ce': 2.3591, 'shape_ce': 3.6249, 'total': 4.1716, 'amp_acc': 0.3049, 'spread_real': 0.5449, 'spread_ratio_sampled': 0.9626, 'spread_ratio_mean': 0.9714}
step  24100  loss 4.5441  amp_ce 2.502  acc 0.299  40.3 ms/step
step  24200  loss 4.9883  amp_ce 2.859  acc 0.247  40.3 ms/step
step  24300  loss 4.5569  amp_ce 2.553  acc 0.291  40.2 ms/step
step  24400  loss 4.9089  amp_ce 2.795  acc 0.234  40.2 ms/step
step  24500  loss 4.8442  amp_ce 2.772  acc 0.266  40.2 ms/step
step  24600  loss 4.7529  amp_ce 2.667  acc 0.266  40.1 ms/step
step  24700  loss 4.9063  amp_ce 2.817  acc 0.250  40.1 ms/step
step  24800  loss 4.8368  amp_ce 2.770  acc 0.247  40.1 ms/step
step  24900  loss 5.3123  amp_ce 3.107  acc 0.209  40.1 ms/step
step  25000  loss 4.8403  amp_ce 2.772  acc 0.259  40.2 ms/step
step  25100  loss 4.8319  amp_ce 2.757  acc 0.260  40.2 ms/step
step  25200  loss 4.8094  amp_ce 2.749  acc 0.249  40.3 ms/step
step  25300  loss 4.5779  amp_ce 2.632  acc 0.273  40.3 ms/step
step  25400  loss 4.9547  amp_ce 2.776  acc 0.248  40.3 ms/step
step  25500  loss 4.7913  amp_ce 2.726  acc 0.249  40.3 ms/step
step  25600  loss 4.5095  amp_ce 2.536  acc 0.286  40.2 ms/step
step  25700  loss 4.8368  amp_ce 2.709  acc 0.267  40.2 ms/step
step  25800  loss 4.6821  amp_ce 2.658  acc 0.266  40.2 ms/step
step  25900  loss 4.8681  amp_ce 2.732  acc 0.255  40.2 ms/step
step  26000  loss 4.5971  amp_ce 2.623  acc 0.259  40.2 ms/step
step  26100  loss 4.7964  amp_ce 2.738  acc 0.250  40.3 ms/step
step  26200  loss 4.5653  amp_ce 2.532  acc 0.292  40.3 ms/step
step  26300  loss 4.7025  amp_ce 2.646  acc 0.254  40.4 ms/step
step  26400  loss 5.0803  amp_ce 2.879  acc 0.226  40.4 ms/step
step  26500  loss 5.0190  amp_ce 2.944  acc 0.228  40.4 ms/step
step  26600  loss 4.8070  amp_ce 2.703  acc 0.269  40.5 ms/step
step  26700  loss 4.7051  amp_ce 2.642  acc 0.277  40.6 ms/step
step  26800  loss 4.6541  amp_ce 2.645  acc 0.275  40.6 ms/step
step  26900  loss 4.7145  amp_ce 2.645  acc 0.264  40.6 ms/step
step  27000  loss 4.6052  amp_ce 2.696  acc 0.261  40.6 ms/step
  eval {'step': 27000, 'amp_ce': 2.3504, 'shape_ce': 3.617, 'total': 4.1589, 'amp_acc': 0.3067, 'spread_real': 0.5449, 'spread_ratio_sampled': 0.974, 'spread_ratio_mean': 0.9777}
step  27100  loss 4.7004  amp_ce 2.641  acc 0.274  40.6 ms/step
step  27200  loss 4.7066  amp_ce 2.699  acc 0.252  40.6 ms/step
step  27300  loss 4.4551  amp_ce 2.485  acc 0.291  40.6 ms/step
step  27400  loss 5.0957  amp_ce 2.886  acc 0.231  40.5 ms/step
step  27500  loss 4.5740  amp_ce 2.578  acc 0.277  40.5 ms/step
step  27600  loss 4.5267  amp_ce 2.526  acc 0.305  40.5 ms/step
step  27700  loss 4.6176  amp_ce 2.570  acc 0.287  40.5 ms/step
step  27800  loss 4.8745  amp_ce 2.769  acc 0.244  40.4 ms/step
step  27900  loss 4.9408  amp_ce 2.780  acc 0.243  40.4 ms/step
step  28000  loss 4.9512  amp_ce 2.887  acc 0.230  40.4 ms/step
step  28100  loss 4.7927  amp_ce 2.735  acc 0.262  40.4 ms/step
step  28200  loss 4.7745  amp_ce 2.674  acc 0.260  40.3 ms/step
step  28300  loss 4.8470  amp_ce 2.787  acc 0.237  40.3 ms/step
step  28400  loss 4.9932  amp_ce 2.863  acc 0.235  40.3 ms/step
step  28500  loss 4.6421  amp_ce 2.609  acc 0.270  40.3 ms/step
step  28600  loss 4.6168  amp_ce 2.602  acc 0.282  40.2 ms/step
step  28700  loss 4.9284  amp_ce 2.838  acc 0.244  40.3 ms/step
step  28800  loss 4.8333  amp_ce 2.776  acc 0.250  40.3 ms/step
step  28900  loss 4.7802  amp_ce 2.684  acc 0.261  40.4 ms/step
step  29000  loss 4.9895  amp_ce 2.887  acc 0.227  40.4 ms/step
step  29100  loss 4.8693  amp_ce 2.816  acc 0.241  40.4 ms/step
step  29200  loss 5.0400  amp_ce 2.958  acc 0.233  40.5 ms/step
step  29300  loss 4.6534  amp_ce 2.642  acc 0.284  40.5 ms/step
step  29400  loss 4.8718  amp_ce 2.695  acc 0.258  40.6 ms/step
step  29500  loss 4.6669  amp_ce 2.641  acc 0.259  40.6 ms/step
step  29600  loss 5.0236  amp_ce 2.868  acc 0.215  40.7 ms/step
step  29700  loss 4.6897  amp_ce 2.636  acc 0.275  40.6 ms/step
step  29800  loss 4.8518  amp_ce 2.802  acc 0.236  40.6 ms/step
step  29900  loss 5.0349  amp_ce 2.936  acc 0.228  40.6 ms/step
step  30000  loss 4.5272  amp_ce 2.554  acc 0.278  40.6 ms/step
  eval {'step': 30000, 'amp_ce': 2.3468, 'shape_ce': 3.6146, 'total': 4.1541, 'amp_acc': 0.3075, 'spread_real': 0.5449, 'spread_ratio_sampled': 0.9733, 'spread_ratio_mean': 0.9816}
done in 20.3 min; best val 4.1541
